<?xml version="1.0" encoding="utf-8"?>
<TestRun id="2efa13eb-e28b-4bf5-bda5-08f7bb414dde" name="@60c9e64cc8e0 2026-08-17 02:01:25" xmlns="http://microsoft.com/schemas/VisualStudio/TeamTest/2010">
  <Times creation="2026-08-17T02:01:25.1261284+02:00" queuing="2026-08-17T02:01:25.1261284+02:00" start="2026-08-17T02:01:24.7847898+02:00" finish="2026-08-17T02:01:33.5161121+02:00" />
  <TestSettings name="default" id="ed73d471-884f-4f5c-9db8-0b1c5433cb0d">
    <Deployment runDeploymentRoot="_60c9e64cc8e0_2026-08-17_02_01_25" />
  </TestSettings>
  <Results>
    <UnitTestResult executionId="99e6f7a0-a3db-4818-bb47-df45c70ae647" testId="fa52de54-509b-9b57-6240-5eccc9717dbe" testName="SurfaceDrift.V72 Spi has no inbound references from its upstream (dependency direction preserved)" computerName="60c9e64cc8e0" duration="00:00:00.0070000" startTime="2026-08-17T02:01:25.0885192+02:00" endTime="2026-08-17T02:01:25.1059599+02:00" testType="13cdc9d9-ddb5-4fa4-a97d-d965ccfc6d4b" outcome="Passed" testListId="8c84fa94-04c1-424b-9868-57a2d4851a1d" relativeResultsDirectory="99e6f7a0-a3db-4818-bb47-df45c70ae647" />
    <UnitTestResult executionId="27ca7463-1921-4192-b0bf-de803d71af2d" testId="f477b48b-cea8-88a8-8eb0-0f265186fb96" testName="Composition.V69 removal — drop one adapter; remaining intact; cross-domain rule inert — Synthetic" computerName="60c9e64cc8e0" duration="00:00:00.0130000" startTime="2026-08-17T02:01:25.0885610+02:00" endTime="2026-08-17T02:01:25.1120840+02:00" testType="13cdc9d9-ddb5-4fa4-a97d-d965ccfc6d4b" outcome="Passed" testListId="8c84fa94-04c1-424b-9868-57a2d4851a1d" relativeResultsDirectory="27ca7463-1921-4192-b0bf-de803d71af2d" />
    <UnitTestResult executionId="0dfbb575-1c59-4e7d-88b6-f15438231fea" testId="e47c5400-b672-2a03-946d-e194d4b63a11" testName="Composition.V68 composition order-independence over LFP and route — Synthetic" computerName="60c9e64cc8e0" duration="00:00:00.0930000" startTime="2026-08-17T02:01:25.0885458+02:00" endTime="2026-08-17T02:01:25.1859152+02:00" testType="13cdc9d9-ddb5-4fa4-a97d-d965ccfc6d4b" outcome="Passed" testListId="8c84fa94-04c1-424b-9868-57a2d4851a1d" relativeResultsDirectory="0dfbb575-1c59-4e7d-88b6-f15438231fea" />
    <UnitTestResult executionId="1c98f792-feaa-47fa-a6f5-4fc967aef46c" testId="e81074a8-26d3-e9ec-c93f-03413a8e8df6" testName="Composition.V73 composition edge cases — duplicate fences, single adapter, minimal adapter — Synthetic" computerName="60c9e64cc8e0" duration="00:00:00.0160000" startTime="2026-08-17T02:01:25.0885503+02:00" endTime="2026-08-17T02:01:25.1136909+02:00" testType="13cdc9d9-ddb5-4fa4-a97d-d965ccfc6d4b" outcome="Passed" testListId="8c84fa94-04c1-424b-9868-57a2d4851a1d" relativeResultsDirectory="1c98f792-feaa-47fa-a6f5-4fc967aef46c" />
    <UnitTestResult executionId="2f1ecce1-c542-4756-b4fb-c651eea6a0b7" testId="1be74499-efdf-6f1d-01f4-6f2f2aa589ba" testName="Adapter.V65 lifted Opaque/AgentReviewed stays out of Deterministic and routes to review — Synthetic" computerName="60c9e64cc8e0" duration="00:00:00.0070000" startTime="2026-08-17T02:01:25.0889575+02:00" endTime="2026-08-17T02:01:25.1071854+02:00" testType="13cdc9d9-ddb5-4fa4-a97d-d965ccfc6d4b" outcome="Passed" testListId="8c84fa94-04c1-424b-9868-57a2d4851a1d" relativeResultsDirectory="2f1ecce1-c542-4756-b4fb-c651eea6a0b7" />
    <UnitTestResult executionId="2f71ad96-c090-4e93-9192-1b00e4b2e3d6" testId="2751582a-67a3-ef0f-f77e-650db66b1533" testName="Composition.V66 composed catalog evaluates via unchanged CheckRule.toRule + FixedPoint — Synthetic" computerName="60c9e64cc8e0" duration="00:00:00.0190000" startTime="2026-08-17T02:01:25.0885350+02:00" endTime="2026-08-17T02:01:25.1120861+02:00" testType="13cdc9d9-ddb5-4fa4-a97d-d965ccfc6d4b" outcome="Passed" testListId="8c84fa94-04c1-424b-9868-57a2d4851a1d" relativeResultsDirectory="2f71ad96-c090-4e93-9192-1b00e4b2e3d6" />
    <UnitTestResult executionId="443f07ce-65c0-42af-9034-7d9594018eb2" testId="41edbb20-cce5-b7f8-59db-29dcbf832735" testName="Adapter.V64 lifting is render/hash/reads/isReified invariant — Synthetic" computerName="60c9e64cc8e0" duration="00:00:00.0290000" startTime="2026-08-17T02:01:25.0887524+02:00" endTime="2026-08-17T02:01:25.1217536+02:00" testType="13cdc9d9-ddb5-4fa4-a97d-d965ccfc6d4b" outcome="Passed" testListId="8c84fa94-04c1-424b-9868-57a2d4851a1d" relativeResultsDirectory="443f07ce-65c0-42af-9034-7d9594018eb2" />
    <UnitTestResult executionId="02eea25f-5077-4a72-b701-c8527546b507" testId="16ce7b66-a6fb-72c6-3eb2-7092c0f03bbd" testName="SurfaceDrift.V72 Spi references only its allowed set + BCL + FSharp.Core" computerName="60c9e64cc8e0" duration="00:00:00.0230000" startTime="2026-08-17T02:01:25.0885115+02:00" endTime="2026-08-17T02:01:25.1157200+02:00" testType="13cdc9d9-ddb5-4fa4-a97d-d965ccfc6d4b" outcome="Passed" testListId="8c84fa94-04c1-424b-9868-57a2d4851a1d" relativeResultsDirectory="02eea25f-5077-4a72-b701-c8527546b507" />
    <UnitTestResult executionId="dec3dcde-9fc9-4fb8-8d5f-f8a045b6b1b6" testId="9dbaa9de-07c1-ee53-e6ba-37bc19a25548" testName="SurfaceDrift.V72 Spi public surface equals the committed baseline" computerName="60c9e64cc8e0" duration="00:00:00.0280000" startTime="2026-08-17T02:01:25.0885017+02:00" endTime="2026-08-17T02:01:25.1203453+02:00" testType="13cdc9d9-ddb5-4fa4-a97d-d965ccfc6d4b" outcome="Passed" testListId="8c84fa94-04c1-424b-9868-57a2d4851a1d" relativeResultsDirectory="dec3dcde-9fc9-4fb8-8d5f-f8a045b6b1b6" />
    <UnitTestResult executionId="ba6fd36b-912a-4810-ac58-c9f3bc235378" testId="d9df9b7d-7873-4163-b73b-03eea34008f5" testName="Adapter.V61 the five-part contract is total — Synthetic example adapter" computerName="60c9e64cc8e0" duration="00:00:00.0020000" startTime="2026-08-17T02:01:25.0885543+02:00" endTime="2026-08-17T02:01:25.1059571+02:00" testType="13cdc9d9-ddb5-4fa4-a97d-d965ccfc6d4b" outcome="Passed" testListId="8c84fa94-04c1-424b-9868-57a2d4851a1d" relativeResultsDirectory="ba6fd36b-912a-4810-ac58-c9f3bc235378" />
    <UnitTestResult executionId="28e3c69c-ae7c-4ac4-b8d6-557507d71a9c" testId="2e879c19-69ad-7d9a-81da-e789b59c2304" testName="Composition.V70 two unrelated domains each govern themselves with their own vocabulary — Synthetic" computerName="60c9e64cc8e0" duration="00:00:00.0130000" startTime="2026-08-17T02:01:25.0885630+02:00" endTime="2026-08-17T02:01:25.1127997+02:00" testType="13cdc9d9-ddb5-4fa4-a97d-d965ccfc6d4b" outcome="Passed" testListId="8c84fa94-04c1-424b-9868-57a2d4851a1d" relativeResultsDirectory="28e3c69c-ae7c-4ac4-b8d6-557507d71a9c" />
    <UnitTestResult executionId="2345874f-fdbc-49b9-8451-2bb50467c93e" testId="6b33eb52-6e83-fd20-2427-2a741891b998" testName="Composition.V67 cross-domain Implies couples two domains and a blocking result wins under F07 — Synthetic" computerName="60c9e64cc8e0" duration="00:00:00.0210000" startTime="2026-08-17T02:01:25.0885402+02:00" endTime="2026-08-17T02:01:25.1142386+02:00" testType="13cdc9d9-ddb5-4fa4-a97d-d965ccfc6d4b" outcome="Passed" testListId="8c84fa94-04c1-424b-9868-57a2d4851a1d" relativeResultsDirectory="2345874f-fdbc-49b9-8451-2bb50467c93e" />
    <UnitTestResult executionId="cfedfa2e-8293-43cc-a330-a251bd245172" testId="805dce45-0d05-78bb-02fb-071c6b5d07e5" testName="Adapter.V63 lifting is verdict+provenance faithful for 100% of rules — Synthetic" computerName="60c9e64cc8e0" duration="00:00:00.0150000" startTime="2026-08-17T02:01:25.0888684+02:00" endTime="2026-08-17T02:01:25.1142411+02:00" testType="13cdc9d9-ddb5-4fa4-a97d-d965ccfc6d4b" outcome="Passed" testListId="8c84fa94-04c1-424b-9868-57a2d4851a1d" relativeResultsDirectory="cfedfa2e-8293-43cc-a330-a251bd245172" />
    <UnitTestResult executionId="194fcd26-b3f2-42cf-968b-7876e23e9ade" testId="bba2395e-f59e-3168-3a25-36ff12c7e0ec" testName="PackageConsumer.package-only locked consumer and negative package mutation" computerName="60c9e64cc8e0" duration="00:00:08.3760000" startTime="2026-08-17T02:01:25.0885056+02:00" endTime="2026-08-17T02:01:33.4682932+02:00" testType="13cdc9d9-ddb5-4fa4-a97d-d965ccfc6d4b" outcome="Passed" testListId="8c84fa94-04c1-424b-9868-57a2d4851a1d" relativeResultsDirectory="194fcd26-b3f2-42cf-968b-7876e23e9ade" />
    <UnitTestResult executionId="bf11c94d-8a35-4b14-8a62-3d27b28fddcd" testId="06607616-6d32-d448-de81-3c52bf7e8a9d" testName="Composition.V71 two unrelated domains compose at one root without reshaping — Synthetic" computerName="60c9e64cc8e0" duration="00:00:00.0190000" startTime="2026-08-17T02:01:25.0885022+02:00" endTime="2026-08-17T02:01:25.1120890+02:00" testType="13cdc9d9-ddb5-4fa4-a97d-d965ccfc6d4b" outcome="Passed" testListId="8c84fa94-04c1-424b-9868-57a2d4851a1d" relativeResultsDirectory="bf11c94d-8a35-4b14-8a62-3d27b28fddcd" />
    <UnitTestResult executionId="8d9b9a38-7109-4d8f-a286-6fdfb5dd2de3" testId="0fc186c3-3e67-0da4-1506-0652c2227eff" testName="Adapter.V62 standalone adapter governs itself through kernel entry points — Synthetic" computerName="60c9e64cc8e0" duration="00:00:00.0170000" startTime="2026-08-17T02:01:25.0886475+02:00" endTime="2026-08-17T02:01:25.1156000+02:00" testType="13cdc9d9-ddb5-4fa4-a97d-d965ccfc6d4b" outcome="Passed" testListId="8c84fa94-04c1-424b-9868-57a2d4851a1d" relativeResultsDirectory="8d9b9a38-7109-4d8f-a286-6fdfb5dd2de3" />
  </Results>
  <TestDefinitions>
    <UnitTest name="Adapter.V64 lifting is render/hash/reads/isReified invariant — Synthetic" storage="/tmp/governance-413-worker.7iitv6/tests/fs.gg.governance.adapters.spi.tests/bin/release/net10.0/fs.gg.governance.adapters.spi.tests.dll" id="41edbb20-cce5-b7f8-59db-29dcbf832735">
      <Execution id="443f07ce-65c0-42af-9034-7d9594018eb2" />
      <TestMethod codeBase="/tmp/governance-413-worker.7IITv6/tests/FS.GG.Governance.Adapters.Spi.Tests/bin/Release/net10.0/FS.GG.Governance.Adapters.Spi.Tests.dll" adapterTypeName="executor://yolodev/expecto" className="Adapter" name="V64 lifting is render/hash/reads/isReified invariant — Synthetic" />
    </UnitTest>
    <UnitTest name="Adapter.V63 lifting is verdict+provenance faithful for 100% of rules — Synthetic" storage="/tmp/governance-413-worker.7iitv6/tests/fs.gg.governance.adapters.spi.tests/bin/release/net10.0/fs.gg.governance.adapters.spi.tests.dll" id="805dce45-0d05-78bb-02fb-071c6b5d07e5">
      <Execution id="cfedfa2e-8293-43cc-a330-a251bd245172" />
      <TestMethod codeBase="/tmp/governance-413-worker.7IITv6/tests/FS.GG.Governance.Adapters.Spi.Tests/bin/Release/net10.0/FS.GG.Governance.Adapters.Spi.Tests.dll" adapterTypeName="executor://yolodev/expecto" className="Adapter" name="V63 lifting is verdict+provenance faithful for 100% of rules — Synthetic" />
    </UnitTest>
    <UnitTest name="Composition.V73 composition edge cases — duplicate fences, single adapter, minimal adapter — Synthetic" storage="/tmp/governance-413-worker.7iitv6/tests/fs.gg.governance.adapters.spi.tests/bin/release/net10.0/fs.gg.governance.adapters.spi.tests.dll" id="e81074a8-26d3-e9ec-c93f-03413a8e8df6">
      <Execution id="1c98f792-feaa-47fa-a6f5-4fc967aef46c" />
      <TestMethod codeBase="/tmp/governance-413-worker.7IITv6/tests/FS.GG.Governance.Adapters.Spi.Tests/bin/Release/net10.0/FS.GG.Governance.Adapters.Spi.Tests.dll" adapterTypeName="executor://yolodev/expecto" className="Composition" name="V73 composition edge cases — duplicate fences, single adapter, minimal adapter — Synthetic" />
    </UnitTest>
    <UnitTest name="Composition.V69 removal — drop one adapter; remaining intact; cross-domain rule inert — Synthetic" storage="/tmp/governance-413-worker.7iitv6/tests/fs.gg.governance.adapters.spi.tests/bin/release/net10.0/fs.gg.governance.adapters.spi.tests.dll" id="f477b48b-cea8-88a8-8eb0-0f265186fb96">
      <Execution id="27ca7463-1921-4192-b0bf-de803d71af2d" />
      <TestMethod codeBase="/tmp/governance-413-worker.7IITv6/tests/FS.GG.Governance.Adapters.Spi.Tests/bin/Release/net10.0/FS.GG.Governance.Adapters.Spi.Tests.dll" adapterTypeName="executor://yolodev/expecto" className="Composition" name="V69 removal — drop one adapter; remaining intact; cross-domain rule inert — Synthetic" />
    </UnitTest>
    <UnitTest name="Adapter.V65 lifted Opaque/AgentReviewed stays out of Deterministic and routes to review — Synthetic" storage="/tmp/governance-413-worker.7iitv6/tests/fs.gg.governance.adapters.spi.tests/bin/release/net10.0/fs.gg.governance.adapters.spi.tests.dll" id="1be74499-efdf-6f1d-01f4-6f2f2aa589ba">
      <Execution id="2f1ecce1-c542-4756-b4fb-c651eea6a0b7" />
      <TestMethod codeBase="/tmp/governance-413-worker.7IITv6/tests/FS.GG.Governance.Adapters.Spi.Tests/bin/Release/net10.0/FS.GG.Governance.Adapters.Spi.Tests.dll" adapterTypeName="executor://yolodev/expecto" className="Adapter" name="V65 lifted Opaque/AgentReviewed stays out of Deterministic and routes to review — Synthetic" />
    </UnitTest>
    <UnitTest name="Adapter.V61 the five-part contract is total — Synthetic example adapter" storage="/tmp/governance-413-worker.7iitv6/tests/fs.gg.governance.adapters.spi.tests/bin/release/net10.0/fs.gg.governance.adapters.spi.tests.dll" id="d9df9b7d-7873-4163-b73b-03eea34008f5">
      <Execution id="ba6fd36b-912a-4810-ac58-c9f3bc235378" />
      <TestMethod codeBase="/tmp/governance-413-worker.7IITv6/tests/FS.GG.Governance.Adapters.Spi.Tests/bin/Release/net10.0/FS.GG.Governance.Adapters.Spi.Tests.dll" adapterTypeName="executor://yolodev/expecto" className="Adapter" name="V61 the five-part contract is total — Synthetic example adapter" />
    </UnitTest>
    <UnitTest name="SurfaceDrift.V72 Spi references only its allowed set + BCL + FSharp.Core" storage="/tmp/governance-413-worker.7iitv6/tests/fs.gg.governance.adapters.spi.tests/bin/release/net10.0/fs.gg.governance.adapters.spi.tests.dll" id="16ce7b66-a6fb-72c6-3eb2-7092c0f03bbd">
      <Execution id="02eea25f-5077-4a72-b701-c8527546b507" />
      <TestMethod codeBase="/tmp/governance-413-worker.7IITv6/tests/FS.GG.Governance.Adapters.Spi.Tests/bin/Release/net10.0/FS.GG.Governance.Adapters.Spi.Tests.dll" adapterTypeName="executor://yolodev/expecto" className="SurfaceDrift.V72 Spi references only its allowed set + BCL + FSharp" name="Core" />
    </UnitTest>
    <UnitTest name="Composition.V67 cross-domain Implies couples two domains and a blocking result wins under F07 — Synthetic" storage="/tmp/governance-413-worker.7iitv6/tests/fs.gg.governance.adapters.spi.tests/bin/release/net10.0/fs.gg.governance.adapters.spi.tests.dll" id="6b33eb52-6e83-fd20-2427-2a741891b998">
      <Execution id="2345874f-fdbc-49b9-8451-2bb50467c93e" />
      <TestMethod codeBase="/tmp/governance-413-worker.7IITv6/tests/FS.GG.Governance.Adapters.Spi.Tests/bin/Release/net10.0/FS.GG.Governance.Adapters.Spi.Tests.dll" adapterTypeName="executor://yolodev/expecto" className="Composition" name="V67 cross-domain Implies couples two domains and a blocking result wins under F07 — Synthetic" />
    </UnitTest>
    <UnitTest name="SurfaceDrift.V72 Spi public surface equals the committed baseline" storage="/tmp/governance-413-worker.7iitv6/tests/fs.gg.governance.adapters.spi.tests/bin/release/net10.0/fs.gg.governance.adapters.spi.tests.dll" id="9dbaa9de-07c1-ee53-e6ba-37bc19a25548">
      <Execution id="dec3dcde-9fc9-4fb8-8d5f-f8a045b6b1b6" />
      <TestMethod codeBase="/tmp/governance-413-worker.7IITv6/tests/FS.GG.Governance.Adapters.Spi.Tests/bin/Release/net10.0/FS.GG.Governance.Adapters.Spi.Tests.dll" adapterTypeName="executor://yolodev/expecto" className="SurfaceDrift" name="V72 Spi public surface equals the committed baseline" />
    </UnitTest>
    <UnitTest name="SurfaceDrift.V72 Spi has no inbound references from its upstream (dependency direction preserved)" storage="/tmp/governance-413-worker.7iitv6/tests/fs.gg.governance.adapters.spi.tests/bin/release/net10.0/fs.gg.governance.adapters.spi.tests.dll" id="fa52de54-509b-9b57-6240-5eccc9717dbe">
      <Execution id="99e6f7a0-a3db-4818-bb47-df45c70ae647" />
      <TestMethod codeBase="/tmp/governance-413-worker.7IITv6/tests/FS.GG.Governance.Adapters.Spi.Tests/bin/Release/net10.0/FS.GG.Governance.Adapters.Spi.Tests.dll" adapterTypeName="executor://yolodev/expecto" className="SurfaceDrift" name="V72 Spi has no inbound references from its upstream (dependency direction preserved)" />
    </UnitTest>
    <UnitTest name="Composition.V71 two unrelated domains compose at one root without reshaping — Synthetic" storage="/tmp/governance-413-worker.7iitv6/tests/fs.gg.governance.adapters.spi.tests/bin/release/net10.0/fs.gg.governance.adapters.spi.tests.dll" id="06607616-6d32-d448-de81-3c52bf7e8a9d">
      <Execution id="bf11c94d-8a35-4b14-8a62-3d27b28fddcd" />
      <TestMethod codeBase="/tmp/governance-413-worker.7IITv6/tests/FS.GG.Governance.Adapters.Spi.Tests/bin/Release/net10.0/FS.GG.Governance.Adapters.Spi.Tests.dll" adapterTypeName="executor://yolodev/expecto" className="Composition" name="V71 two unrelated domains compose at one root without reshaping — Synthetic" />
    </UnitTest>
    <UnitTest name="Composition.V66 composed catalog evaluates via unchanged CheckRule.toRule + FixedPoint — Synthetic" storage="/tmp/governance-413-worker.7iitv6/tests/fs.gg.governance.adapters.spi.tests/bin/release/net10.0/fs.gg.governance.adapters.spi.tests.dll" id="2751582a-67a3-ef0f-f77e-650db66b1533">
      <Execution id="2f71ad96-c090-4e93-9192-1b00e4b2e3d6" />
      <TestMethod codeBase="/tmp/governance-413-worker.7IITv6/tests/FS.GG.Governance.Adapters.Spi.Tests/bin/Release/net10.0/FS.GG.Governance.Adapters.Spi.Tests.dll" adapterTypeName="executor://yolodev/expecto" className="Composition.V66 composed catalog evaluates via unchanged CheckRule" name="toRule + FixedPoint — Synthetic" />
    </UnitTest>
    <UnitTest name="PackageConsumer.package-only locked consumer and negative package mutation" storage="/tmp/governance-413-worker.7iitv6/tests/fs.gg.governance.adapters.spi.tests/bin/release/net10.0/fs.gg.governance.adapters.spi.tests.dll" id="bba2395e-f59e-3168-3a25-36ff12c7e0ec">
      <Execution id="194fcd26-b3f2-42cf-968b-7876e23e9ade" />
      <TestMethod codeBase="/tmp/governance-413-worker.7IITv6/tests/FS.GG.Governance.Adapters.Spi.Tests/bin/Release/net10.0/FS.GG.Governance.Adapters.Spi.Tests.dll" adapterTypeName="executor://yolodev/expecto" className="PackageConsumer" name="package-only locked consumer and negative package mutation" />
    </UnitTest>
    <UnitTest name="Composition.V70 two unrelated domains each govern themselves with their own vocabulary — Synthetic" storage="/tmp/governance-413-worker.7iitv6/tests/fs.gg.governance.adapters.spi.tests/bin/release/net10.0/fs.gg.governance.adapters.spi.tests.dll" id="2e879c19-69ad-7d9a-81da-e789b59c2304">
      <Execution id="28e3c69c-ae7c-4ac4-b8d6-557507d71a9c" />
      <TestMethod codeBase="/tmp/governance-413-worker.7IITv6/tests/FS.GG.Governance.Adapters.Spi.Tests/bin/Release/net10.0/FS.GG.Governance.Adapters.Spi.Tests.dll" adapterTypeName="executor://yolodev/expecto" className="Composition" name="V70 two unrelated domains each govern themselves with their own vocabulary — Synthetic" />
    </UnitTest>
    <UnitTest name="Adapter.V62 standalone adapter governs itself through kernel entry points — Synthetic" storage="/tmp/governance-413-worker.7iitv6/tests/fs.gg.governance.adapters.spi.tests/bin/release/net10.0/fs.gg.governance.adapters.spi.tests.dll" id="0fc186c3-3e67-0da4-1506-0652c2227eff">
      <Execution id="8d9b9a38-7109-4d8f-a286-6fdfb5dd2de3" />
      <TestMethod codeBase="/tmp/governance-413-worker.7IITv6/tests/FS.GG.Governance.Adapters.Spi.Tests/bin/Release/net10.0/FS.GG.Governance.Adapters.Spi.Tests.dll" adapterTypeName="executor://yolodev/expecto" className="Adapter" name="V62 standalone adapter governs itself through kernel entry points — Synthetic" />
    </UnitTest>
    <UnitTest name="Composition.V68 composition order-independence over LFP and route — Synthetic" storage="/tmp/governance-413-worker.7iitv6/tests/fs.gg.governance.adapters.spi.tests/bin/release/net10.0/fs.gg.governance.adapters.spi.tests.dll" id="e47c5400-b672-2a03-946d-e194d4b63a11">
      <Execution id="0dfbb575-1c59-4e7d-88b6-f15438231fea" />
      <TestMethod codeBase="/tmp/governance-413-worker.7IITv6/tests/FS.GG.Governance.Adapters.Spi.Tests/bin/Release/net10.0/FS.GG.Governance.Adapters.Spi.Tests.dll" adapterTypeName="executor://yolodev/expecto" className="Composition" name="V68 composition order-independence over LFP and route — Synthetic" />
    </UnitTest>
  </TestDefinitions>
  <TestEntries>
    <TestEntry testId="fa52de54-509b-9b57-6240-5eccc9717dbe" executionId="99e6f7a0-a3db-4818-bb47-df45c70ae647" testListId="8c84fa94-04c1-424b-9868-57a2d4851a1d" />
    <TestEntry testId="f477b48b-cea8-88a8-8eb0-0f265186fb96" executionId="27ca7463-1921-4192-b0bf-de803d71af2d" testListId="8c84fa94-04c1-424b-9868-57a2d4851a1d" />
    <TestEntry testId="e47c5400-b672-2a03-946d-e194d4b63a11" executionId="0dfbb575-1c59-4e7d-88b6-f15438231fea" testListId="8c84fa94-04c1-424b-9868-57a2d4851a1d" />
    <TestEntry testId="e81074a8-26d3-e9ec-c93f-03413a8e8df6" executionId="1c98f792-feaa-47fa-a6f5-4fc967aef46c" testListId="8c84fa94-04c1-424b-9868-57a2d4851a1d" />
    <TestEntry testId="1be74499-efdf-6f1d-01f4-6f2f2aa589ba" executionId="2f1ecce1-c542-4756-b4fb-c651eea6a0b7" testListId="8c84fa94-04c1-424b-9868-57a2d4851a1d" />
    <TestEntry testId="2751582a-67a3-ef0f-f77e-650db66b1533" executionId="2f71ad96-c090-4e93-9192-1b00e4b2e3d6" testListId="8c84fa94-04c1-424b-9868-57a2d4851a1d" />
    <TestEntry testId="41edbb20-cce5-b7f8-59db-29dcbf832735" executionId="443f07ce-65c0-42af-9034-7d9594018eb2" testListId="8c84fa94-04c1-424b-9868-57a2d4851a1d" />
    <TestEntry testId="16ce7b66-a6fb-72c6-3eb2-7092c0f03bbd" executionId="02eea25f-5077-4a72-b701-c8527546b507" testListId="8c84fa94-04c1-424b-9868-57a2d4851a1d" />
    <TestEntry testId="9dbaa9de-07c1-ee53-e6ba-37bc19a25548" executionId="dec3dcde-9fc9-4fb8-8d5f-f8a045b6b1b6" testListId="8c84fa94-04c1-424b-9868-57a2d4851a1d" />
    <TestEntry testId="d9df9b7d-7873-4163-b73b-03eea34008f5" executionId="ba6fd36b-912a-4810-ac58-c9f3bc235378" testListId="8c84fa94-04c1-424b-9868-57a2d4851a1d" />
    <TestEntry testId="2e879c19-69ad-7d9a-81da-e789b59c2304" executionId="28e3c69c-ae7c-4ac4-b8d6-557507d71a9c" testListId="8c84fa94-04c1-424b-9868-57a2d4851a1d" />
    <TestEntry testId="6b33eb52-6e83-fd20-2427-2a741891b998" executionId="2345874f-fdbc-49b9-8451-2bb50467c93e" testListId="8c84fa94-04c1-424b-9868-57a2d4851a1d" />
    <TestEntry testId="805dce45-0d05-78bb-02fb-071c6b5d07e5" executionId="cfedfa2e-8293-43cc-a330-a251bd245172" testListId="8c84fa94-04c1-424b-9868-57a2d4851a1d" />
    <TestEntry testId="bba2395e-f59e-3168-3a25-36ff12c7e0ec" executionId="194fcd26-b3f2-42cf-968b-7876e23e9ade" testListId="8c84fa94-04c1-424b-9868-57a2d4851a1d" />
    <TestEntry testId="06607616-6d32-d448-de81-3c52bf7e8a9d" executionId="bf11c94d-8a35-4b14-8a62-3d27b28fddcd" testListId="8c84fa94-04c1-424b-9868-57a2d4851a1d" />
    <TestEntry testId="0fc186c3-3e67-0da4-1506-0652c2227eff" executionId="8d9b9a38-7109-4d8f-a286-6fdfb5dd2de3" testListId="8c84fa94-04c1-424b-9868-57a2d4851a1d" />
  </TestEntries>
  <TestLists>
    <TestList name="Results Not in a List" id="8c84fa94-04c1-424b-9868-57a2d4851a1d" />
    <TestList name="All Loaded Results" id="19431567-8539-422a-85d7-44ee4e166bda" />
  </TestLists>
  <ResultSummary outcome="Completed">
    <Counters total="16" executed="16" passed="16" failed="0" error="0" timeout="0" aborted="0" inconclusive="0" passedButRunAborted="0" notRunnable="0" notExecuted="0" disconnected="0" warning="0" completed="0" inProgress="0" pending="0" />
  </ResultSummary>
</TestRun>