<?xml version="1.0" encoding="utf-8"?>
<TestRun id="781a4c62-70ed-4d6f-a803-6f2577de7388" name="@60c9e64cc8e0 2026-08-17 01:44:06" xmlns="http://microsoft.com/schemas/VisualStudio/TeamTest/2010">
  <Times creation="2026-08-17T01:44:06.5094723+02:00" queuing="2026-08-17T01:44:06.5094723+02:00" start="2026-08-17T01:44:06.1676994+02:00" finish="2026-08-17T01:44:12.2224549+02:00" />
  <TestSettings name="default" id="d15c4580-de2a-4fd8-a615-df94e84d72d6">
    <Deployment runDeploymentRoot="_60c9e64cc8e0_2026-08-17_01_44_06" />
  </TestSettings>
  <Results>
    <UnitTestResult executionId="d04d246f-89ef-468b-8bac-c9f673dc8751" testId="16ce7b66-a6fb-72c6-3eb2-7092c0f03bbd" testName="SurfaceDrift.V72 Spi references only its allowed set + BCL + FSharp.Core" computerName="60c9e64cc8e0" duration="00:00:00.0210000" startTime="2026-08-17T01:44:06.4717865+02:00" endTime="2026-08-17T01:44:06.4966219+02:00" testType="13cdc9d9-ddb5-4fa4-a97d-d965ccfc6d4b" outcome="Passed" testListId="8c84fa94-04c1-424b-9868-57a2d4851a1d" relativeResultsDirectory="d04d246f-89ef-468b-8bac-c9f673dc8751" />
    <UnitTestResult executionId="59f84b54-975e-456d-8ef4-2dd6702fd0e0" testId="f477b48b-cea8-88a8-8eb0-0f265186fb96" testName="Composition.V69 removal — drop one adapter; remaining intact; cross-domain rule inert — Synthetic" computerName="60c9e64cc8e0" duration="00:00:00.0110000" startTime="2026-08-17T01:44:06.4721486+02:00" endTime="2026-08-17T01:44:06.4924505+02:00" testType="13cdc9d9-ddb5-4fa4-a97d-d965ccfc6d4b" outcome="Passed" testListId="8c84fa94-04c1-424b-9868-57a2d4851a1d" relativeResultsDirectory="59f84b54-975e-456d-8ef4-2dd6702fd0e0" />
    <UnitTestResult executionId="134f8add-50ee-41b3-892e-a77a4375b421" testId="1be74499-efdf-6f1d-01f4-6f2f2aa589ba" testName="Adapter.V65 lifted Opaque/AgentReviewed stays out of Deterministic and routes to review — Synthetic" computerName="60c9e64cc8e0" duration="00:00:00.0070000" startTime="2026-08-17T01:44:06.4728325+02:00" endTime="2026-08-17T01:44:06.4888374+02:00" testType="13cdc9d9-ddb5-4fa4-a97d-d965ccfc6d4b" outcome="Passed" testListId="8c84fa94-04c1-424b-9868-57a2d4851a1d" relativeResultsDirectory="134f8add-50ee-41b3-892e-a77a4375b421" />
    <UnitTestResult executionId="4ca143ae-3afe-4c0a-b179-fd67f7af7bc2" testId="41edbb20-cce5-b7f8-59db-29dcbf832735" testName="Adapter.V64 lifting is render/hash/reads/isReified invariant — Synthetic" computerName="60c9e64cc8e0" duration="00:00:00.0200000" startTime="2026-08-17T01:44:06.4726516+02:00" endTime="2026-08-17T01:44:06.5018519+02:00" testType="13cdc9d9-ddb5-4fa4-a97d-d965ccfc6d4b" outcome="Passed" testListId="8c84fa94-04c1-424b-9868-57a2d4851a1d" relativeResultsDirectory="4ca143ae-3afe-4c0a-b179-fd67f7af7bc2" />
    <UnitTestResult executionId="a6ee1a19-873c-491b-8653-db58cf0ccc21" testId="e47c5400-b672-2a03-946d-e194d4b63a11" testName="Composition.V68 composition order-independence over LFP and route — Synthetic" computerName="60c9e64cc8e0" duration="00:00:00.0910000" startTime="2026-08-17T01:44:06.4719450+02:00" endTime="2026-08-17T01:44:06.5668442+02:00" testType="13cdc9d9-ddb5-4fa4-a97d-d965ccfc6d4b" outcome="Passed" testListId="8c84fa94-04c1-424b-9868-57a2d4851a1d" relativeResultsDirectory="a6ee1a19-873c-491b-8653-db58cf0ccc21" />
    <UnitTestResult executionId="d26c8cbf-1244-4dce-a192-79b5fa947ee2" testId="0fc186c3-3e67-0da4-1506-0652c2227eff" testName="Adapter.V62 standalone adapter governs itself through kernel entry points — Synthetic" computerName="60c9e64cc8e0" duration="00:00:00.0140000" startTime="2026-08-17T01:44:06.4725328+02:00" endTime="2026-08-17T01:44:06.4960737+02:00" testType="13cdc9d9-ddb5-4fa4-a97d-d965ccfc6d4b" outcome="Passed" testListId="8c84fa94-04c1-424b-9868-57a2d4851a1d" relativeResultsDirectory="d26c8cbf-1244-4dce-a192-79b5fa947ee2" />
    <UnitTestResult executionId="333ab919-a370-4b23-bc77-bd575fad3820" testId="fa52de54-509b-9b57-6240-5eccc9717dbe" testName="SurfaceDrift.V72 Spi has no inbound references from its upstream (dependency direction preserved)" computerName="60c9e64cc8e0" duration="00:00:00.0070000" startTime="2026-08-17T01:44:06.4717915+02:00" endTime="2026-08-17T01:44:06.4881305+02:00" testType="13cdc9d9-ddb5-4fa4-a97d-d965ccfc6d4b" outcome="Passed" testListId="8c84fa94-04c1-424b-9868-57a2d4851a1d" relativeResultsDirectory="333ab919-a370-4b23-bc77-bd575fad3820" />
    <UnitTestResult executionId="76662b23-d973-43fb-ac26-9898a92d65ef" testId="2751582a-67a3-ef0f-f77e-650db66b1533" testName="Composition.V66 composed catalog evaluates via unchanged CheckRule.toRule + FixedPoint — Synthetic" computerName="60c9e64cc8e0" duration="00:00:00.0110000" startTime="2026-08-17T01:44:06.4717778+02:00" endTime="2026-08-17T01:44:06.4924527+02:00" testType="13cdc9d9-ddb5-4fa4-a97d-d965ccfc6d4b" outcome="Passed" testListId="8c84fa94-04c1-424b-9868-57a2d4851a1d" relativeResultsDirectory="76662b23-d973-43fb-ac26-9898a92d65ef" />
    <UnitTestResult executionId="8b805278-a28c-4a89-908c-e24477f0f60b" testId="2e879c19-69ad-7d9a-81da-e789b59c2304" testName="Composition.V70 two unrelated domains each govern themselves with their own vocabulary — Synthetic" computerName="60c9e64cc8e0" duration="00:00:00.0180000" startTime="2026-08-17T01:44:06.4722288+02:00" endTime="2026-08-17T01:44:06.4933121+02:00" testType="13cdc9d9-ddb5-4fa4-a97d-d965ccfc6d4b" outcome="Passed" testListId="8c84fa94-04c1-424b-9868-57a2d4851a1d" relativeResultsDirectory="8b805278-a28c-4a89-908c-e24477f0f60b" />
    <UnitTestResult executionId="6fb73ea9-5e30-4c39-8310-34a9f10c82b9" testId="e81074a8-26d3-e9ec-c93f-03413a8e8df6" testName="Composition.V73 composition edge cases — duplicate fences, single adapter, minimal adapter — Synthetic" computerName="60c9e64cc8e0" duration="00:00:00.0180000" startTime="2026-08-17T01:44:06.4720538+02:00" endTime="2026-08-17T01:44:06.4939921+02:00" testType="13cdc9d9-ddb5-4fa4-a97d-d965ccfc6d4b" outcome="Passed" testListId="8c84fa94-04c1-424b-9868-57a2d4851a1d" relativeResultsDirectory="6fb73ea9-5e30-4c39-8310-34a9f10c82b9" />
    <UnitTestResult executionId="dab48f54-a06a-4f93-8efd-8ab6a8725af0" testId="d9df9b7d-7873-4163-b73b-03eea34008f5" testName="Adapter.V61 the five-part contract is total — Synthetic example adapter" computerName="60c9e64cc8e0" duration="00:00:00.0020000" startTime="2026-08-17T01:44:06.4724454+02:00" endTime="2026-08-17T01:44:06.4881377+02:00" testType="13cdc9d9-ddb5-4fa4-a97d-d965ccfc6d4b" outcome="Passed" testListId="8c84fa94-04c1-424b-9868-57a2d4851a1d" relativeResultsDirectory="dab48f54-a06a-4f93-8efd-8ab6a8725af0" />
    <UnitTestResult executionId="09020e13-6bfc-4153-9c5b-f0cce0eac627" testId="9dbaa9de-07c1-ee53-e6ba-37bc19a25548" testName="SurfaceDrift.V72 Spi public surface equals the committed baseline" computerName="60c9e64cc8e0" duration="00:00:00.0260000" startTime="2026-08-17T01:44:06.4717781+02:00" endTime="2026-08-17T01:44:06.5012961+02:00" testType="13cdc9d9-ddb5-4fa4-a97d-d965ccfc6d4b" outcome="Passed" testListId="8c84fa94-04c1-424b-9868-57a2d4851a1d" relativeResultsDirectory="09020e13-6bfc-4153-9c5b-f0cce0eac627" />
    <UnitTestResult executionId="32f64163-78f3-4dce-b004-f32069162f56" testId="805dce45-0d05-78bb-02fb-071c6b5d07e5" testName="Adapter.V63 lifting is verdict+provenance faithful for 100% of rules — Synthetic" computerName="60c9e64cc8e0" duration="00:00:00.0120000" startTime="2026-08-17T01:44:06.4727449+02:00" endTime="2026-08-17T01:44:06.4943587+02:00" testType="13cdc9d9-ddb5-4fa4-a97d-d965ccfc6d4b" outcome="Passed" testListId="8c84fa94-04c1-424b-9868-57a2d4851a1d" relativeResultsDirectory="32f64163-78f3-4dce-b004-f32069162f56" />
    <UnitTestResult executionId="23b10dcd-a3a2-4031-871c-8c3cce88e76f" testId="06607616-6d32-d448-de81-3c52bf7e8a9d" testName="Composition.V71 two unrelated domains compose at one root without reshaping — Synthetic" computerName="60c9e64cc8e0" duration="00:00:00.0170000" startTime="2026-08-17T01:44:06.4723334+02:00" endTime="2026-08-17T01:44:06.4924532+02:00" testType="13cdc9d9-ddb5-4fa4-a97d-d965ccfc6d4b" outcome="Passed" testListId="8c84fa94-04c1-424b-9868-57a2d4851a1d" relativeResultsDirectory="23b10dcd-a3a2-4031-871c-8c3cce88e76f" />
    <UnitTestResult executionId="6ab5aed5-a8b3-4f2c-b4ec-0158534830e3" testId="bba2395e-f59e-3168-3a25-36ff12c7e0ec" testName="PackageConsumer.package-only locked consumer and negative package mutation" computerName="60c9e64cc8e0" duration="00:00:05.7010000" startTime="2026-08-17T01:44:06.4717772+02:00" endTime="2026-08-17T01:44:12.1766208+02:00" testType="13cdc9d9-ddb5-4fa4-a97d-d965ccfc6d4b" outcome="Passed" testListId="8c84fa94-04c1-424b-9868-57a2d4851a1d" relativeResultsDirectory="6ab5aed5-a8b3-4f2c-b4ec-0158534830e3" />
    <UnitTestResult executionId="56b6beb6-78ca-4acc-9d14-ef58310a9543" testId="6b33eb52-6e83-fd20-2427-2a741891b998" testName="Composition.V67 cross-domain Implies couples two domains and a blocking result wins under F07 — Synthetic" computerName="60c9e64cc8e0" duration="00:00:00.0190000" startTime="2026-08-17T01:44:06.4718138+02:00" endTime="2026-08-17T01:44:06.4947160+02:00" testType="13cdc9d9-ddb5-4fa4-a97d-d965ccfc6d4b" outcome="Passed" testListId="8c84fa94-04c1-424b-9868-57a2d4851a1d" relativeResultsDirectory="56b6beb6-78ca-4acc-9d14-ef58310a9543" />
  </Results>
  <TestDefinitions>
    <UnitTest name="Adapter.V64 lifting is render/hash/reads/isReified invariant — Synthetic" storage="/tmp/governance-413-worker.7iitv6/tests/fs.gg.governance.adapters.spi.tests/bin/release/net10.0/fs.gg.governance.adapters.spi.tests.dll" id="41edbb20-cce5-b7f8-59db-29dcbf832735">
      <Execution id="4ca143ae-3afe-4c0a-b179-fd67f7af7bc2" />
      <TestMethod codeBase="/tmp/governance-413-worker.7IITv6/tests/FS.GG.Governance.Adapters.Spi.Tests/bin/Release/net10.0/FS.GG.Governance.Adapters.Spi.Tests.dll" adapterTypeName="executor://yolodev/expecto" className="Adapter" name="V64 lifting is render/hash/reads/isReified invariant — Synthetic" />
    </UnitTest>
    <UnitTest name="Adapter.V63 lifting is verdict+provenance faithful for 100% of rules — Synthetic" storage="/tmp/governance-413-worker.7iitv6/tests/fs.gg.governance.adapters.spi.tests/bin/release/net10.0/fs.gg.governance.adapters.spi.tests.dll" id="805dce45-0d05-78bb-02fb-071c6b5d07e5">
      <Execution id="32f64163-78f3-4dce-b004-f32069162f56" />
      <TestMethod codeBase="/tmp/governance-413-worker.7IITv6/tests/FS.GG.Governance.Adapters.Spi.Tests/bin/Release/net10.0/FS.GG.Governance.Adapters.Spi.Tests.dll" adapterTypeName="executor://yolodev/expecto" className="Adapter" name="V63 lifting is verdict+provenance faithful for 100% of rules — Synthetic" />
    </UnitTest>
    <UnitTest name="Composition.V73 composition edge cases — duplicate fences, single adapter, minimal adapter — Synthetic" storage="/tmp/governance-413-worker.7iitv6/tests/fs.gg.governance.adapters.spi.tests/bin/release/net10.0/fs.gg.governance.adapters.spi.tests.dll" id="e81074a8-26d3-e9ec-c93f-03413a8e8df6">
      <Execution id="6fb73ea9-5e30-4c39-8310-34a9f10c82b9" />
      <TestMethod codeBase="/tmp/governance-413-worker.7IITv6/tests/FS.GG.Governance.Adapters.Spi.Tests/bin/Release/net10.0/FS.GG.Governance.Adapters.Spi.Tests.dll" adapterTypeName="executor://yolodev/expecto" className="Composition" name="V73 composition edge cases — duplicate fences, single adapter, minimal adapter — Synthetic" />
    </UnitTest>
    <UnitTest name="Composition.V69 removal — drop one adapter; remaining intact; cross-domain rule inert — Synthetic" storage="/tmp/governance-413-worker.7iitv6/tests/fs.gg.governance.adapters.spi.tests/bin/release/net10.0/fs.gg.governance.adapters.spi.tests.dll" id="f477b48b-cea8-88a8-8eb0-0f265186fb96">
      <Execution id="59f84b54-975e-456d-8ef4-2dd6702fd0e0" />
      <TestMethod codeBase="/tmp/governance-413-worker.7IITv6/tests/FS.GG.Governance.Adapters.Spi.Tests/bin/Release/net10.0/FS.GG.Governance.Adapters.Spi.Tests.dll" adapterTypeName="executor://yolodev/expecto" className="Composition" name="V69 removal — drop one adapter; remaining intact; cross-domain rule inert — Synthetic" />
    </UnitTest>
    <UnitTest name="Adapter.V65 lifted Opaque/AgentReviewed stays out of Deterministic and routes to review — Synthetic" storage="/tmp/governance-413-worker.7iitv6/tests/fs.gg.governance.adapters.spi.tests/bin/release/net10.0/fs.gg.governance.adapters.spi.tests.dll" id="1be74499-efdf-6f1d-01f4-6f2f2aa589ba">
      <Execution id="134f8add-50ee-41b3-892e-a77a4375b421" />
      <TestMethod codeBase="/tmp/governance-413-worker.7IITv6/tests/FS.GG.Governance.Adapters.Spi.Tests/bin/Release/net10.0/FS.GG.Governance.Adapters.Spi.Tests.dll" adapterTypeName="executor://yolodev/expecto" className="Adapter" name="V65 lifted Opaque/AgentReviewed stays out of Deterministic and routes to review — Synthetic" />
    </UnitTest>
    <UnitTest name="Adapter.V61 the five-part contract is total — Synthetic example adapter" storage="/tmp/governance-413-worker.7iitv6/tests/fs.gg.governance.adapters.spi.tests/bin/release/net10.0/fs.gg.governance.adapters.spi.tests.dll" id="d9df9b7d-7873-4163-b73b-03eea34008f5">
      <Execution id="dab48f54-a06a-4f93-8efd-8ab6a8725af0" />
      <TestMethod codeBase="/tmp/governance-413-worker.7IITv6/tests/FS.GG.Governance.Adapters.Spi.Tests/bin/Release/net10.0/FS.GG.Governance.Adapters.Spi.Tests.dll" adapterTypeName="executor://yolodev/expecto" className="Adapter" name="V61 the five-part contract is total — Synthetic example adapter" />
    </UnitTest>
    <UnitTest name="SurfaceDrift.V72 Spi references only its allowed set + BCL + FSharp.Core" storage="/tmp/governance-413-worker.7iitv6/tests/fs.gg.governance.adapters.spi.tests/bin/release/net10.0/fs.gg.governance.adapters.spi.tests.dll" id="16ce7b66-a6fb-72c6-3eb2-7092c0f03bbd">
      <Execution id="d04d246f-89ef-468b-8bac-c9f673dc8751" />
      <TestMethod codeBase="/tmp/governance-413-worker.7IITv6/tests/FS.GG.Governance.Adapters.Spi.Tests/bin/Release/net10.0/FS.GG.Governance.Adapters.Spi.Tests.dll" adapterTypeName="executor://yolodev/expecto" className="SurfaceDrift.V72 Spi references only its allowed set + BCL + FSharp" name="Core" />
    </UnitTest>
    <UnitTest name="Composition.V67 cross-domain Implies couples two domains and a blocking result wins under F07 — Synthetic" storage="/tmp/governance-413-worker.7iitv6/tests/fs.gg.governance.adapters.spi.tests/bin/release/net10.0/fs.gg.governance.adapters.spi.tests.dll" id="6b33eb52-6e83-fd20-2427-2a741891b998">
      <Execution id="56b6beb6-78ca-4acc-9d14-ef58310a9543" />
      <TestMethod codeBase="/tmp/governance-413-worker.7IITv6/tests/FS.GG.Governance.Adapters.Spi.Tests/bin/Release/net10.0/FS.GG.Governance.Adapters.Spi.Tests.dll" adapterTypeName="executor://yolodev/expecto" className="Composition" name="V67 cross-domain Implies couples two domains and a blocking result wins under F07 — Synthetic" />
    </UnitTest>
    <UnitTest name="SurfaceDrift.V72 Spi public surface equals the committed baseline" storage="/tmp/governance-413-worker.7iitv6/tests/fs.gg.governance.adapters.spi.tests/bin/release/net10.0/fs.gg.governance.adapters.spi.tests.dll" id="9dbaa9de-07c1-ee53-e6ba-37bc19a25548">
      <Execution id="09020e13-6bfc-4153-9c5b-f0cce0eac627" />
      <TestMethod codeBase="/tmp/governance-413-worker.7IITv6/tests/FS.GG.Governance.Adapters.Spi.Tests/bin/Release/net10.0/FS.GG.Governance.Adapters.Spi.Tests.dll" adapterTypeName="executor://yolodev/expecto" className="SurfaceDrift" name="V72 Spi public surface equals the committed baseline" />
    </UnitTest>
    <UnitTest name="SurfaceDrift.V72 Spi has no inbound references from its upstream (dependency direction preserved)" storage="/tmp/governance-413-worker.7iitv6/tests/fs.gg.governance.adapters.spi.tests/bin/release/net10.0/fs.gg.governance.adapters.spi.tests.dll" id="fa52de54-509b-9b57-6240-5eccc9717dbe">
      <Execution id="333ab919-a370-4b23-bc77-bd575fad3820" />
      <TestMethod codeBase="/tmp/governance-413-worker.7IITv6/tests/FS.GG.Governance.Adapters.Spi.Tests/bin/Release/net10.0/FS.GG.Governance.Adapters.Spi.Tests.dll" adapterTypeName="executor://yolodev/expecto" className="SurfaceDrift" name="V72 Spi has no inbound references from its upstream (dependency direction preserved)" />
    </UnitTest>
    <UnitTest name="Composition.V71 two unrelated domains compose at one root without reshaping — Synthetic" storage="/tmp/governance-413-worker.7iitv6/tests/fs.gg.governance.adapters.spi.tests/bin/release/net10.0/fs.gg.governance.adapters.spi.tests.dll" id="06607616-6d32-d448-de81-3c52bf7e8a9d">
      <Execution id="23b10dcd-a3a2-4031-871c-8c3cce88e76f" />
      <TestMethod codeBase="/tmp/governance-413-worker.7IITv6/tests/FS.GG.Governance.Adapters.Spi.Tests/bin/Release/net10.0/FS.GG.Governance.Adapters.Spi.Tests.dll" adapterTypeName="executor://yolodev/expecto" className="Composition" name="V71 two unrelated domains compose at one root without reshaping — Synthetic" />
    </UnitTest>
    <UnitTest name="Composition.V66 composed catalog evaluates via unchanged CheckRule.toRule + FixedPoint — Synthetic" storage="/tmp/governance-413-worker.7iitv6/tests/fs.gg.governance.adapters.spi.tests/bin/release/net10.0/fs.gg.governance.adapters.spi.tests.dll" id="2751582a-67a3-ef0f-f77e-650db66b1533">
      <Execution id="76662b23-d973-43fb-ac26-9898a92d65ef" />
      <TestMethod codeBase="/tmp/governance-413-worker.7IITv6/tests/FS.GG.Governance.Adapters.Spi.Tests/bin/Release/net10.0/FS.GG.Governance.Adapters.Spi.Tests.dll" adapterTypeName="executor://yolodev/expecto" className="Composition.V66 composed catalog evaluates via unchanged CheckRule" name="toRule + FixedPoint — Synthetic" />
    </UnitTest>
    <UnitTest name="PackageConsumer.package-only locked consumer and negative package mutation" storage="/tmp/governance-413-worker.7iitv6/tests/fs.gg.governance.adapters.spi.tests/bin/release/net10.0/fs.gg.governance.adapters.spi.tests.dll" id="bba2395e-f59e-3168-3a25-36ff12c7e0ec">
      <Execution id="6ab5aed5-a8b3-4f2c-b4ec-0158534830e3" />
      <TestMethod codeBase="/tmp/governance-413-worker.7IITv6/tests/FS.GG.Governance.Adapters.Spi.Tests/bin/Release/net10.0/FS.GG.Governance.Adapters.Spi.Tests.dll" adapterTypeName="executor://yolodev/expecto" className="PackageConsumer" name="package-only locked consumer and negative package mutation" />
    </UnitTest>
    <UnitTest name="Composition.V70 two unrelated domains each govern themselves with their own vocabulary — Synthetic" storage="/tmp/governance-413-worker.7iitv6/tests/fs.gg.governance.adapters.spi.tests/bin/release/net10.0/fs.gg.governance.adapters.spi.tests.dll" id="2e879c19-69ad-7d9a-81da-e789b59c2304">
      <Execution id="8b805278-a28c-4a89-908c-e24477f0f60b" />
      <TestMethod codeBase="/tmp/governance-413-worker.7IITv6/tests/FS.GG.Governance.Adapters.Spi.Tests/bin/Release/net10.0/FS.GG.Governance.Adapters.Spi.Tests.dll" adapterTypeName="executor://yolodev/expecto" className="Composition" name="V70 two unrelated domains each govern themselves with their own vocabulary — Synthetic" />
    </UnitTest>
    <UnitTest name="Adapter.V62 standalone adapter governs itself through kernel entry points — Synthetic" storage="/tmp/governance-413-worker.7iitv6/tests/fs.gg.governance.adapters.spi.tests/bin/release/net10.0/fs.gg.governance.adapters.spi.tests.dll" id="0fc186c3-3e67-0da4-1506-0652c2227eff">
      <Execution id="d26c8cbf-1244-4dce-a192-79b5fa947ee2" />
      <TestMethod codeBase="/tmp/governance-413-worker.7IITv6/tests/FS.GG.Governance.Adapters.Spi.Tests/bin/Release/net10.0/FS.GG.Governance.Adapters.Spi.Tests.dll" adapterTypeName="executor://yolodev/expecto" className="Adapter" name="V62 standalone adapter governs itself through kernel entry points — Synthetic" />
    </UnitTest>
    <UnitTest name="Composition.V68 composition order-independence over LFP and route — Synthetic" storage="/tmp/governance-413-worker.7iitv6/tests/fs.gg.governance.adapters.spi.tests/bin/release/net10.0/fs.gg.governance.adapters.spi.tests.dll" id="e47c5400-b672-2a03-946d-e194d4b63a11">
      <Execution id="a6ee1a19-873c-491b-8653-db58cf0ccc21" />
      <TestMethod codeBase="/tmp/governance-413-worker.7IITv6/tests/FS.GG.Governance.Adapters.Spi.Tests/bin/Release/net10.0/FS.GG.Governance.Adapters.Spi.Tests.dll" adapterTypeName="executor://yolodev/expecto" className="Composition" name="V68 composition order-independence over LFP and route — Synthetic" />
    </UnitTest>
  </TestDefinitions>
  <TestEntries>
    <TestEntry testId="16ce7b66-a6fb-72c6-3eb2-7092c0f03bbd" executionId="d04d246f-89ef-468b-8bac-c9f673dc8751" testListId="8c84fa94-04c1-424b-9868-57a2d4851a1d" />
    <TestEntry testId="f477b48b-cea8-88a8-8eb0-0f265186fb96" executionId="59f84b54-975e-456d-8ef4-2dd6702fd0e0" testListId="8c84fa94-04c1-424b-9868-57a2d4851a1d" />
    <TestEntry testId="1be74499-efdf-6f1d-01f4-6f2f2aa589ba" executionId="134f8add-50ee-41b3-892e-a77a4375b421" testListId="8c84fa94-04c1-424b-9868-57a2d4851a1d" />
    <TestEntry testId="41edbb20-cce5-b7f8-59db-29dcbf832735" executionId="4ca143ae-3afe-4c0a-b179-fd67f7af7bc2" testListId="8c84fa94-04c1-424b-9868-57a2d4851a1d" />
    <TestEntry testId="e47c5400-b672-2a03-946d-e194d4b63a11" executionId="a6ee1a19-873c-491b-8653-db58cf0ccc21" testListId="8c84fa94-04c1-424b-9868-57a2d4851a1d" />
    <TestEntry testId="0fc186c3-3e67-0da4-1506-0652c2227eff" executionId="d26c8cbf-1244-4dce-a192-79b5fa947ee2" testListId="8c84fa94-04c1-424b-9868-57a2d4851a1d" />
    <TestEntry testId="fa52de54-509b-9b57-6240-5eccc9717dbe" executionId="333ab919-a370-4b23-bc77-bd575fad3820" testListId="8c84fa94-04c1-424b-9868-57a2d4851a1d" />
    <TestEntry testId="2751582a-67a3-ef0f-f77e-650db66b1533" executionId="76662b23-d973-43fb-ac26-9898a92d65ef" testListId="8c84fa94-04c1-424b-9868-57a2d4851a1d" />
    <TestEntry testId="2e879c19-69ad-7d9a-81da-e789b59c2304" executionId="8b805278-a28c-4a89-908c-e24477f0f60b" testListId="8c84fa94-04c1-424b-9868-57a2d4851a1d" />
    <TestEntry testId="e81074a8-26d3-e9ec-c93f-03413a8e8df6" executionId="6fb73ea9-5e30-4c39-8310-34a9f10c82b9" testListId="8c84fa94-04c1-424b-9868-57a2d4851a1d" />
    <TestEntry testId="d9df9b7d-7873-4163-b73b-03eea34008f5" executionId="dab48f54-a06a-4f93-8efd-8ab6a8725af0" testListId="8c84fa94-04c1-424b-9868-57a2d4851a1d" />
    <TestEntry testId="9dbaa9de-07c1-ee53-e6ba-37bc19a25548" executionId="09020e13-6bfc-4153-9c5b-f0cce0eac627" testListId="8c84fa94-04c1-424b-9868-57a2d4851a1d" />
    <TestEntry testId="805dce45-0d05-78bb-02fb-071c6b5d07e5" executionId="32f64163-78f3-4dce-b004-f32069162f56" testListId="8c84fa94-04c1-424b-9868-57a2d4851a1d" />
    <TestEntry testId="06607616-6d32-d448-de81-3c52bf7e8a9d" executionId="23b10dcd-a3a2-4031-871c-8c3cce88e76f" testListId="8c84fa94-04c1-424b-9868-57a2d4851a1d" />
    <TestEntry testId="bba2395e-f59e-3168-3a25-36ff12c7e0ec" executionId="6ab5aed5-a8b3-4f2c-b4ec-0158534830e3" testListId="8c84fa94-04c1-424b-9868-57a2d4851a1d" />
    <TestEntry testId="6b33eb52-6e83-fd20-2427-2a741891b998" executionId="56b6beb6-78ca-4acc-9d14-ef58310a9543" testListId="8c84fa94-04c1-424b-9868-57a2d4851a1d" />
  </TestEntries>
  <TestLists>
    <TestList name="Results Not in a List" id="8c84fa94-04c1-424b-9868-57a2d4851a1d" />
    <TestList name="All Loaded Results" id="19431567-8539-422a-85d7-44ee4e166bda" />
  </TestLists>
  <ResultSummary outcome="Completed">
    <Counters total="16" executed="16" passed="16" failed="0" error="0" timeout="0" aborted="0" inconclusive="0" passedButRunAborted="0" notRunnable="0" notExecuted="0" disconnected="0" warning="0" completed="0" inProgress="0" pending="0" />
  </ResultSummary>
</TestRun>