<?xml version="1.0" encoding="utf-8"?>
<TestRun id="e304254d-13dd-42f1-89ef-dcef0d23ba69" name="@0bc8bbef51b6 2026-08-03 00:34:07" xmlns="http://microsoft.com/schemas/VisualStudio/TeamTest/2010">
  <Times creation="2026-08-03T00:34:07.1054679+02:00" queuing="2026-08-03T00:34:07.1054679+02:00" start="2026-08-03T00:34:06.7300451+02:00" finish="2026-08-03T00:34:07.1093703+02:00" />
  <TestSettings name="default" id="80b11e02-b203-41a3-bf65-87427ccc037a">
    <Deployment runDeploymentRoot="_0bc8bbef51b6_2026-08-03_00_34_07" />
  </TestSettings>
  <Results>
    <UnitTestResult executionId="b4b023b0-6ad5-4eb4-b921-ce59642225be" testId="da11f6fd-dca0-9cf5-8206-0923615fbb1f" testName="FSharpEffectBoundary.direct filesystem and process effects fail with their categories" computerName="0bc8bbef51b6" duration="00:00:00.0050000" startTime="2026-08-03T00:34:07.0267923+02:00" endTime="2026-08-03T00:34:07.0361909+02:00" testType="13cdc9d9-ddb5-4fa4-a97d-d965ccfc6d4b" outcome="Passed" testListId="8c84fa94-04c1-424b-9868-57a2d4851a1d" relativeResultsDirectory="b4b023b0-6ad5-4eb4-b921-ce59642225be" />
    <UnitTestResult executionId="ea8df3fc-2bcb-46fc-a8e4-a289e12f3ee2" testId="0f22367f-113d-b0d2-d0d7-0877cf8a0e6b" testName="FSharpEffectBoundary.callback hidden state and exception continuations fail" computerName="0bc8bbef51b6" duration="00:00:00.0050000" startTime="2026-08-03T00:34:07.0269423+02:00" endTime="2026-08-03T00:34:07.0362024+02:00" testType="13cdc9d9-ddb5-4fa4-a97d-d965ccfc6d4b" outcome="Passed" testListId="8c84fa94-04c1-424b-9868-57a2d4851a1d" relativeResultsDirectory="ea8df3fc-2bcb-46fc-a8e4-a289e12f3ee2" />
    <UnitTestResult executionId="d5dc9b06-b69c-4d92-8fd3-6daee6016cd9" testId="33f77b6d-ae51-2def-657d-1723af27f2bd" testName="FSharpEffectBoundary.symbol-local sensing excludes later edge bodies and preserves visible delivery values" computerName="0bc8bbef51b6" duration="00:00:00.0180000" startTime="2026-08-03T00:34:07.0275097+02:00" endTime="2026-08-03T00:34:07.0482051+02:00" testType="13cdc9d9-ddb5-4fa4-a97d-d965ccfc6d4b" outcome="Passed" testListId="8c84fa94-04c1-424b-9868-57a2d4851a1d" relativeResultsDirectory="d5dc9b06-b69c-4d92-8fd3-6daee6016cd9" />
    <UnitTestResult executionId="ffbf8cac-17d7-4be1-b8ea-5a83908c343b" testId="86748957-d263-f829-2454-50d728db9535" testName="FSharpEffectBoundary.pure parsers and dated exemptions are narrow non-applicable cases" computerName="0bc8bbef51b6" duration="00:00:00.0030000" startTime="2026-08-03T00:34:07.0271116+02:00" endTime="2026-08-03T00:34:07.0361800+02:00" testType="13cdc9d9-ddb5-4fa4-a97d-d965ccfc6d4b" outcome="Passed" testListId="8c84fa94-04c1-424b-9868-57a2d4851a1d" relativeResultsDirectory="ffbf8cac-17d7-4be1-b8ea-5a83908c343b" />
    <UnitTestResult executionId="c3fc147a-2034-4609-91f8-37d6036b2d04" testId="05d8bc32-5dbc-542f-8513-fbd5ef4a74e2" testName="FSharpEffectBoundary.missing symbols and substring-shaped options fail closed" computerName="0bc8bbef51b6" duration="00:00:00.0200000" startTime="2026-08-03T00:34:07.0276070+02:00" endTime="2026-08-03T00:34:07.0507269+02:00" testType="13cdc9d9-ddb5-4fa4-a97d-d965ccfc6d4b" outcome="Passed" testListId="8c84fa94-04c1-424b-9868-57a2d4851a1d" relativeResultsDirectory="c3fc147a-2034-4609-91f8-37d6036b2d04" />
    <UnitTestResult executionId="8d61c85d-3561-44bc-b53b-582204def29d" testId="1eca3e44-2b3c-568b-ff27-1c5542725594" testName="FSharpEffectBoundary.effect edge requires explicit result retry and idempotency semantics" computerName="0bc8bbef51b6" duration="00:00:00.0050000" startTime="2026-08-03T00:34:07.0267908+02:00" endTime="2026-08-03T00:34:07.0362063+02:00" testType="13cdc9d9-ddb5-4fa4-a97d-d965ccfc6d4b" outcome="Passed" testListId="8c84fa94-04c1-424b-9868-57a2d4851a1d" relativeResultsDirectory="8d61c85d-3561-44bc-b53b-582204def29d" />
    <UnitTestResult executionId="8b56a4a0-d2e7-4165-b710-cd2c8209efb8" testId="3a9ab946-5de9-4cd8-9583-f9f664f05183" testName="FSharpEffectBoundary.compiled declared boundary senses only its own transition body" computerName="0bc8bbef51b6" duration="00:00:00.0180000" startTime="2026-08-03T00:34:07.0273938+02:00" endTime="2026-08-03T00:34:07.0482268+02:00" testType="13cdc9d9-ddb5-4fa4-a97d-d965ccfc6d4b" outcome="Passed" testListId="8c84fa94-04c1-424b-9868-57a2d4851a1d" relativeResultsDirectory="8b56a4a0-d2e7-4165-b710-cd2c8209efb8" />
    <UnitTestResult executionId="90f7efda-5d92-413b-80a0-109905ab059a" testId="20fa2f89-e3bc-3c35-e201-c30e6e5b7ae1" testName="FSharpEffectBoundary.pure reducer is clean without name-shaped requirements" computerName="0bc8bbef51b6" duration="00:00:00.0030000" startTime="2026-08-03T00:34:07.0267907+02:00" endTime="2026-08-03T00:34:07.0361868+02:00" testType="13cdc9d9-ddb5-4fa4-a97d-d965ccfc6d4b" outcome="Passed" testListId="8c84fa94-04c1-424b-9868-57a2d4851a1d" relativeResultsDirectory="90f7efda-5d92-413b-80a0-109905ab059a" />
    <UnitTestResult executionId="940592d9-623d-4fac-88fd-adb8e9eccec9" testId="f2fd9cd5-9f83-5d61-4beb-466787fdf952" testName="FSharpEffectBoundary.expired exemption fails closed" computerName="0bc8bbef51b6" duration="00:00:00.0100000" startTime="2026-08-03T00:34:07.0272637+02:00" endTime="2026-08-03T00:34:07.0401612+02:00" testType="13cdc9d9-ddb5-4fa4-a97d-d965ccfc6d4b" outcome="Passed" testListId="8c84fa94-04c1-424b-9868-57a2d4851a1d" relativeResultsDirectory="940592d9-623d-4fac-88fd-adb8e9eccec9" />
  </Results>
  <TestDefinitions>
    <UnitTest name="FSharpEffectBoundary.missing symbols and substring-shaped options fail closed" storage="/home/developer/projects/fs.gg.governance-369/tests/fs.gg.governance.designchecks.tests/bin/debug/net10.0/fs.gg.governance.designchecks.tests.dll" id="05d8bc32-5dbc-542f-8513-fbd5ef4a74e2">
      <Execution id="c3fc147a-2034-4609-91f8-37d6036b2d04" />
      <TestMethod codeBase="/home/developer/projects/FS.GG.Governance-369/tests/FS.GG.Governance.DesignChecks.Tests/bin/Debug/net10.0/FS.GG.Governance.DesignChecks.Tests.dll" adapterTypeName="executor://yolodev/expecto" className="FSharpEffectBoundary" name="missing symbols and substring-shaped options fail closed" />
    </UnitTest>
    <UnitTest name="FSharpEffectBoundary.compiled declared boundary senses only its own transition body" storage="/home/developer/projects/fs.gg.governance-369/tests/fs.gg.governance.designchecks.tests/bin/debug/net10.0/fs.gg.governance.designchecks.tests.dll" id="3a9ab946-5de9-4cd8-9583-f9f664f05183">
      <Execution id="8b56a4a0-d2e7-4165-b710-cd2c8209efb8" />
      <TestMethod codeBase="/home/developer/projects/FS.GG.Governance-369/tests/FS.GG.Governance.DesignChecks.Tests/bin/Debug/net10.0/FS.GG.Governance.DesignChecks.Tests.dll" adapterTypeName="executor://yolodev/expecto" className="FSharpEffectBoundary" name="compiled declared boundary senses only its own transition body" />
    </UnitTest>
    <UnitTest name="FSharpEffectBoundary.effect edge requires explicit result retry and idempotency semantics" storage="/home/developer/projects/fs.gg.governance-369/tests/fs.gg.governance.designchecks.tests/bin/debug/net10.0/fs.gg.governance.designchecks.tests.dll" id="1eca3e44-2b3c-568b-ff27-1c5542725594">
      <Execution id="8d61c85d-3561-44bc-b53b-582204def29d" />
      <TestMethod codeBase="/home/developer/projects/FS.GG.Governance-369/tests/FS.GG.Governance.DesignChecks.Tests/bin/Debug/net10.0/FS.GG.Governance.DesignChecks.Tests.dll" adapterTypeName="executor://yolodev/expecto" className="FSharpEffectBoundary" name="effect edge requires explicit result retry and idempotency semantics" />
    </UnitTest>
    <UnitTest name="FSharpEffectBoundary.symbol-local sensing excludes later edge bodies and preserves visible delivery values" storage="/home/developer/projects/fs.gg.governance-369/tests/fs.gg.governance.designchecks.tests/bin/debug/net10.0/fs.gg.governance.designchecks.tests.dll" id="33f77b6d-ae51-2def-657d-1723af27f2bd">
      <Execution id="d5dc9b06-b69c-4d92-8fd3-6daee6016cd9" />
      <TestMethod codeBase="/home/developer/projects/FS.GG.Governance-369/tests/FS.GG.Governance.DesignChecks.Tests/bin/Debug/net10.0/FS.GG.Governance.DesignChecks.Tests.dll" adapterTypeName="executor://yolodev/expecto" className="FSharpEffectBoundary" name="symbol-local sensing excludes later edge bodies and preserves visible delivery values" />
    </UnitTest>
    <UnitTest name="FSharpEffectBoundary.pure reducer is clean without name-shaped requirements" storage="/home/developer/projects/fs.gg.governance-369/tests/fs.gg.governance.designchecks.tests/bin/debug/net10.0/fs.gg.governance.designchecks.tests.dll" id="20fa2f89-e3bc-3c35-e201-c30e6e5b7ae1">
      <Execution id="90f7efda-5d92-413b-80a0-109905ab059a" />
      <TestMethod codeBase="/home/developer/projects/FS.GG.Governance-369/tests/FS.GG.Governance.DesignChecks.Tests/bin/Debug/net10.0/FS.GG.Governance.DesignChecks.Tests.dll" adapterTypeName="executor://yolodev/expecto" className="FSharpEffectBoundary" name="pure reducer is clean without name-shaped requirements" />
    </UnitTest>
    <UnitTest name="FSharpEffectBoundary.pure parsers and dated exemptions are narrow non-applicable cases" storage="/home/developer/projects/fs.gg.governance-369/tests/fs.gg.governance.designchecks.tests/bin/debug/net10.0/fs.gg.governance.designchecks.tests.dll" id="86748957-d263-f829-2454-50d728db9535">
      <Execution id="ffbf8cac-17d7-4be1-b8ea-5a83908c343b" />
      <TestMethod codeBase="/home/developer/projects/FS.GG.Governance-369/tests/FS.GG.Governance.DesignChecks.Tests/bin/Debug/net10.0/FS.GG.Governance.DesignChecks.Tests.dll" adapterTypeName="executor://yolodev/expecto" className="FSharpEffectBoundary" name="pure parsers and dated exemptions are narrow non-applicable cases" />
    </UnitTest>
    <UnitTest name="FSharpEffectBoundary.callback hidden state and exception continuations fail" storage="/home/developer/projects/fs.gg.governance-369/tests/fs.gg.governance.designchecks.tests/bin/debug/net10.0/fs.gg.governance.designchecks.tests.dll" id="0f22367f-113d-b0d2-d0d7-0877cf8a0e6b">
      <Execution id="ea8df3fc-2bcb-46fc-a8e4-a289e12f3ee2" />
      <TestMethod codeBase="/home/developer/projects/FS.GG.Governance-369/tests/FS.GG.Governance.DesignChecks.Tests/bin/Debug/net10.0/FS.GG.Governance.DesignChecks.Tests.dll" adapterTypeName="executor://yolodev/expecto" className="FSharpEffectBoundary" name="callback hidden state and exception continuations fail" />
    </UnitTest>
    <UnitTest name="FSharpEffectBoundary.expired exemption fails closed" storage="/home/developer/projects/fs.gg.governance-369/tests/fs.gg.governance.designchecks.tests/bin/debug/net10.0/fs.gg.governance.designchecks.tests.dll" id="f2fd9cd5-9f83-5d61-4beb-466787fdf952">
      <Execution id="940592d9-623d-4fac-88fd-adb8e9eccec9" />
      <TestMethod codeBase="/home/developer/projects/FS.GG.Governance-369/tests/FS.GG.Governance.DesignChecks.Tests/bin/Debug/net10.0/FS.GG.Governance.DesignChecks.Tests.dll" adapterTypeName="executor://yolodev/expecto" className="FSharpEffectBoundary" name="expired exemption fails closed" />
    </UnitTest>
    <UnitTest name="FSharpEffectBoundary.direct filesystem and process effects fail with their categories" storage="/home/developer/projects/fs.gg.governance-369/tests/fs.gg.governance.designchecks.tests/bin/debug/net10.0/fs.gg.governance.designchecks.tests.dll" id="da11f6fd-dca0-9cf5-8206-0923615fbb1f">
      <Execution id="b4b023b0-6ad5-4eb4-b921-ce59642225be" />
      <TestMethod codeBase="/home/developer/projects/FS.GG.Governance-369/tests/FS.GG.Governance.DesignChecks.Tests/bin/Debug/net10.0/FS.GG.Governance.DesignChecks.Tests.dll" adapterTypeName="executor://yolodev/expecto" className="FSharpEffectBoundary" name="direct filesystem and process effects fail with their categories" />
    </UnitTest>
  </TestDefinitions>
  <TestEntries>
    <TestEntry testId="da11f6fd-dca0-9cf5-8206-0923615fbb1f" executionId="b4b023b0-6ad5-4eb4-b921-ce59642225be" testListId="8c84fa94-04c1-424b-9868-57a2d4851a1d" />
    <TestEntry testId="0f22367f-113d-b0d2-d0d7-0877cf8a0e6b" executionId="ea8df3fc-2bcb-46fc-a8e4-a289e12f3ee2" testListId="8c84fa94-04c1-424b-9868-57a2d4851a1d" />
    <TestEntry testId="33f77b6d-ae51-2def-657d-1723af27f2bd" executionId="d5dc9b06-b69c-4d92-8fd3-6daee6016cd9" testListId="8c84fa94-04c1-424b-9868-57a2d4851a1d" />
    <TestEntry testId="86748957-d263-f829-2454-50d728db9535" executionId="ffbf8cac-17d7-4be1-b8ea-5a83908c343b" testListId="8c84fa94-04c1-424b-9868-57a2d4851a1d" />
    <TestEntry testId="05d8bc32-5dbc-542f-8513-fbd5ef4a74e2" executionId="c3fc147a-2034-4609-91f8-37d6036b2d04" testListId="8c84fa94-04c1-424b-9868-57a2d4851a1d" />
    <TestEntry testId="1eca3e44-2b3c-568b-ff27-1c5542725594" executionId="8d61c85d-3561-44bc-b53b-582204def29d" testListId="8c84fa94-04c1-424b-9868-57a2d4851a1d" />
    <TestEntry testId="3a9ab946-5de9-4cd8-9583-f9f664f05183" executionId="8b56a4a0-d2e7-4165-b710-cd2c8209efb8" testListId="8c84fa94-04c1-424b-9868-57a2d4851a1d" />
    <TestEntry testId="20fa2f89-e3bc-3c35-e201-c30e6e5b7ae1" executionId="90f7efda-5d92-413b-80a0-109905ab059a" testListId="8c84fa94-04c1-424b-9868-57a2d4851a1d" />
    <TestEntry testId="f2fd9cd5-9f83-5d61-4beb-466787fdf952" executionId="940592d9-623d-4fac-88fd-adb8e9eccec9" testListId="8c84fa94-04c1-424b-9868-57a2d4851a1d" />
  </TestEntries>
  <TestLists>
    <TestList name="Results Not in a List" id="8c84fa94-04c1-424b-9868-57a2d4851a1d" />
    <TestList name="All Loaded Results" id="19431567-8539-422a-85d7-44ee4e166bda" />
  </TestLists>
  <ResultSummary outcome="Completed">
    <Counters total="9" executed="9" passed="9" failed="0" error="0" timeout="0" aborted="0" inconclusive="0" passedButRunAborted="0" notRunnable="0" notExecuted="0" disconnected="0" warning="0" completed="0" inProgress="0" pending="0" />
  </ResultSummary>
</TestRun>