<?xml version="1.0" encoding="utf-8"?>
<TestRun id="b8304da1-5011-4f37-96d9-883bbdabe010" name="@0bc8bbef51b6 2026-08-02 21:50:09" xmlns="http://microsoft.com/schemas/VisualStudio/TeamTest/2010">
  <Times creation="2026-08-02T21:50:09.5564218+02:00" queuing="2026-08-02T21:50:09.5564219+02:00" start="2026-08-02T21:50:09.2533860+02:00" finish="2026-08-02T21:50:10.9901459+02:00" />
  <TestSettings name="default" id="f04b7bbc-3983-4443-9b09-2fbccc730668">
    <Deployment runDeploymentRoot="_0bc8bbef51b6_2026-08-02_21_50_09" />
  </TestSettings>
  <Results>
    <UnitTestResult executionId="b4dd5cc1-0918-4f36-a781-2dd475a4b0a2" testId="3a9867b3-328c-7288-54d3-8e866a5a197f" testName="DesignChecks.renderFence.no Skia/rendering/UI/registry symbol is referenced (SC-004)" computerName="0bc8bbef51b6" duration="00:00:00.0030000" startTime="2026-08-02T21:50:09.5268956+02:00" endTime="2026-08-02T21:50:09.5405868+02:00" testType="13cdc9d9-ddb5-4fa4-a97d-d965ccfc6d4b" outcome="Passed" testListId="8c84fa94-04c1-424b-9868-57a2d4851a1d" relativeResultsDirectory="b4dd5cc1-0918-4f36-a781-2dd475a4b0a2" />
    <UnitTestResult executionId="4e8a2841-33ba-43ee-8750-36a21472b665" testId="7b5d8a88-fddd-075e-5b9b-8b28e7443fa4" testName="FSharpSurface.evaluate.live policy carries valid exemptions and stale applicable baselines" computerName="0bc8bbef51b6" duration="00:00:00.0150000" startTime="2026-08-02T21:50:09.5279768+02:00" endTime="2026-08-02T21:50:09.5508204+02:00" testType="13cdc9d9-ddb5-4fa4-a97d-d965ccfc6d4b" outcome="Passed" testListId="8c84fa94-04c1-424b-9868-57a2d4851a1d" relativeResultsDirectory="4e8a2841-33ba-43ee-8750-36a21472b665" />
    <UnitTestResult executionId="b4956b2f-130f-497c-ba57-158505d06c62" testId="d9b6e161-4d89-b399-c04f-55672bc73cb7" testName="DesignChecks.evaluate.catalog unavailable ⇒ IsInputState design.catalog-unavailable naming the catalog" computerName="0bc8bbef51b6" startTime="2026-08-02T21:50:09.5547422+02:00" endTime="2026-08-02T21:50:09.5549828+02:00" testType="13cdc9d9-ddb5-4fa4-a97d-d965ccfc6d4b" outcome="Passed" testListId="8c84fa94-04c1-424b-9868-57a2d4851a1d" relativeResultsDirectory="b4956b2f-130f-497c-ba57-158505d06c62" />
    <UnitTestResult executionId="31780e8e-cb19-4fb3-b257-1b4151596bfc" testId="112fd1ae-152a-5f49-2063-6d92ff7d569f" testName="DesignChecks.renderFence.references only FS.GG.Governance.*/BCL/FSharp.Core (no rendering/UI/registry/network)" computerName="0bc8bbef51b6" duration="00:00:00.0150000" startTime="2026-08-02T21:50:09.5268942+02:00" endTime="2026-08-02T21:50:09.5462054+02:00" testType="13cdc9d9-ddb5-4fa4-a97d-d965ccfc6d4b" outcome="Passed" testListId="8c84fa94-04c1-424b-9868-57a2d4851a1d" relativeResultsDirectory="31780e8e-cb19-4fb3-b257-1b4151596bfc" />
    <UnitTestResult executionId="b4e7543a-54b6-4b3d-b77a-82bbdc5c3cf9" testId="c5739d3a-5f6e-1993-55ed-6e6eae39484e" testName="FSharpSurface.evaluate.Rogue3-shaped executable module without a signature produces an advisory migration finding" computerName="0bc8bbef51b6" duration="00:00:00.0140000" startTime="2026-08-02T21:50:09.5271768+02:00" endTime="2026-08-02T21:50:09.5497292+02:00" testType="13cdc9d9-ddb5-4fa4-a97d-d965ccfc6d4b" outcome="Passed" testListId="8c84fa94-04c1-424b-9868-57a2d4851a1d" relativeResultsDirectory="b4e7543a-54b6-4b3d-b77a-82bbdc5c3cf9" />
    <UnitTestResult executionId="2778da1d-36ce-49cc-aacc-0e753c8ee4fe" testId="bc488ea9-0412-16ba-b982-67cc452944de" testName="FSharpSurface.evaluate.expired live exemption fails closed" computerName="0bc8bbef51b6" duration="00:00:00.0150000" startTime="2026-08-02T21:50:09.5280786+02:00" endTime="2026-08-02T21:50:09.5501556+02:00" testType="13cdc9d9-ddb5-4fa4-a97d-d965ccfc6d4b" outcome="Passed" testListId="8c84fa94-04c1-424b-9868-57a2d4851a1d" relativeResultsDirectory="2778da1d-36ce-49cc-aacc-0e753c8ee4fe" />
    <UnitTestResult executionId="89f17a0f-20ca-40f0-8bf0-d75d020c8265" testId="3eeba9e4-3262-45bb-8e22-26aa66f56506" testName="DesignChecks.determinism.repeated evaluate over identical facts ⇒ byte-identical" computerName="0bc8bbef51b6" duration="00:00:00.0090000" startTime="2026-08-02T21:50:09.5269416+02:00" endTime="2026-08-02T21:50:09.5405978+02:00" testType="13cdc9d9-ddb5-4fa4-a97d-d965ccfc6d4b" outcome="Passed" testListId="8c84fa94-04c1-424b-9868-57a2d4851a1d" relativeResultsDirectory="89f17a0f-20ca-40f0-8bf0-d75d020c8265" />
    <UnitTestResult executionId="632d36c8-2c1a-4efc-84d6-eb46dd9aa09c" testId="f91d09bf-09a6-ef17-e759-9eb95c39e5a5" testName="FSharpSurface.evaluate.receipt distinguishes zero and many matched modules deterministically" computerName="0bc8bbef51b6" duration="00:00:01.3710000" startTime="2026-08-02T21:50:09.5282673+02:00" endTime="2026-08-02T21:50:10.9072117+02:00" testType="13cdc9d9-ddb5-4fa4-a97d-d965ccfc6d4b" outcome="Passed" testListId="8c84fa94-04c1-424b-9868-57a2d4851a1d" relativeResultsDirectory="632d36c8-2c1a-4efc-84d6-eb46dd9aa09c" />
    <UnitTestResult executionId="12fd71a3-53f0-41c0-bd6a-cbbeadff7cd1" testId="8882c7a1-1ac2-66e0-a4db-df0c8b10f412" testName="FSharpSurface.evaluate.compiler rejects an adjacent same-name declaration with an incompatible type" computerName="0bc8bbef51b6" duration="00:00:00.6190000" startTime="2026-08-02T21:50:09.5278936+02:00" endTime="2026-08-02T21:50:10.1541975+02:00" testType="13cdc9d9-ddb5-4fa4-a97d-d965ccfc6d4b" outcome="Passed" testListId="8c84fa94-04c1-424b-9868-57a2d4851a1d" relativeResultsDirectory="12fd71a3-53f0-41c0-bd6a-cbbeadff7cd1" />
    <UnitTestResult executionId="295d1f0a-31ba-4dd5-84c1-2d04b43dffb7" testId="abe00f63-8372-055c-4c16-be5eba82657b" testName="SurfaceDrift.DesignChecks public surface equals the committed baseline" computerName="0bc8bbef51b6" duration="00:00:00.0270000" startTime="2026-08-02T21:50:09.5268940+02:00" endTime="2026-08-02T21:50:09.5581091+02:00" testType="13cdc9d9-ddb5-4fa4-a97d-d965ccfc6d4b" outcome="Passed" testListId="8c84fa94-04c1-424b-9868-57a2d4851a1d" relativeResultsDirectory="295d1f0a-31ba-4dd5-84c1-2d04b43dffb7" />
    <UnitTestResult executionId="4d00c9a9-293d-4167-85fe-48a149bdc61d" testId="671d34c9-ddc4-4523-5df7-fc7a63b38e87" testName="FSharpSurface.evaluate.test-project modules are excluded" computerName="0bc8bbef51b6" duration="00:00:00.0010000" startTime="2026-08-02T21:50:09.5274982+02:00" endTime="2026-08-02T21:50:09.5433066+02:00" testType="13cdc9d9-ddb5-4fa4-a97d-d965ccfc6d4b" outcome="Passed" testListId="8c84fa94-04c1-424b-9868-57a2d4851a1d" relativeResultsDirectory="4d00c9a9-293d-4167-85fe-48a149bdc61d" />
    <UnitTestResult executionId="96c82305-30ac-4177-8594-7be4f622e37d" testId="33868b10-85d5-c18f-2f4e-4fef1ead8465" testName="DesignChecks.sensor.absent catalog ⇒ recorded in CatalogUnavailable, never a fabricated pass (FR-012)" computerName="0bc8bbef51b6" duration="00:00:00.0120000" startTime="2026-08-02T21:50:09.5269066+02:00" endTime="2026-08-02T21:50:09.5427069+02:00" testType="13cdc9d9-ddb5-4fa4-a97d-d965ccfc6d4b" outcome="Passed" testListId="8c84fa94-04c1-424b-9868-57a2d4851a1d" relativeResultsDirectory="96c82305-30ac-4177-8594-7be4f622e37d" />
    <UnitTestResult executionId="d5c604fb-8a7f-42c5-8df9-44b8b6a9c779" testId="7f8ca683-3117-37b8-0053-c887197c0653" testName="DesignChecks.sensor.a THROWING catalog port degrades to CatalogUnavailable, never escapes senseDesign (#56/B13)" computerName="0bc8bbef51b6" duration="00:00:00.0080000" startTime="2026-08-02T21:50:09.5269131+02:00" endTime="2026-08-02T21:50:09.5405948+02:00" testType="13cdc9d9-ddb5-4fa4-a97d-d965ccfc6d4b" outcome="Passed" testListId="8c84fa94-04c1-424b-9868-57a2d4851a1d" relativeResultsDirectory="d5c604fb-8a7f-42c5-8df9-44b8b6a9c779" />
    <UnitTestResult executionId="0cfc8562-a27d-494d-ae54-19167d9dae2e" testId="a58f9fa1-bb01-0415-f2af-7403e2a9e1cd" testName="DesignChecks.evaluate.sub-threshold contrast ⇒ Blocking design.contrast reporting ratio vs threshold" computerName="0bc8bbef51b6" duration="00:00:00.0130000" startTime="2026-08-02T21:50:09.5361583+02:00" endTime="2026-08-02T21:50:09.5497234+02:00" testType="13cdc9d9-ddb5-4fa4-a97d-d965ccfc6d4b" outcome="Passed" testListId="8c84fa94-04c1-424b-9868-57a2d4851a1d" relativeResultsDirectory="0cfc8562-a27d-494d-ae54-19167d9dae2e" />
    <UnitTestResult executionId="a3d2ce8e-1208-455e-95fe-85b179706aa1" testId="f60aba49-fee8-b749-3219-1495dccc73bb" testName="FSharpSurface.evaluate.paired signatures report order, docs, source mismatch, and applicable baseline independently" computerName="0bc8bbef51b6" duration="00:00:00.0080000" startTime="2026-08-02T21:50:09.5274000+02:00" endTime="2026-08-02T21:50:09.5405806+02:00" testType="13cdc9d9-ddb5-4fa4-a97d-d965ccfc6d4b" outcome="Passed" testListId="8c84fa94-04c1-424b-9868-57a2d4851a1d" relativeResultsDirectory="a3d2ce8e-1208-455e-95fe-85b179706aa1" />
    <UnitTestResult executionId="4bf472d6-1147-46c7-90a5-f602d3503894" testId="6a32c112-aaaf-ab6b-367d-264fe8e3da55" testName="DesignChecks.evaluate.all resolve + contrast meets ⇒ zero findings" computerName="0bc8bbef51b6" duration="00:00:00.0010000" startTime="2026-08-02T21:50:09.5283692+02:00" endTime="2026-08-02T21:50:09.5451047+02:00" testType="13cdc9d9-ddb5-4fa4-a97d-d965ccfc6d4b" outcome="Passed" testListId="8c84fa94-04c1-424b-9868-57a2d4851a1d" relativeResultsDirectory="4bf472d6-1147-46c7-90a5-f602d3503894" />
    <UnitTestResult executionId="c9562932-5a96-4a04-8e1f-8bc6ebcdb3e0" testId="c52eb8c0-d6d2-66d1-2420-8d01f639b800" testName="FSharpSurface.evaluate.Rogue3-shaped many implementations and zero signatures reports applicable zero matches" computerName="0bc8bbef51b6" duration="00:00:00.0130000" startTime="2026-08-02T21:50:09.5283615+02:00" endTime="2026-08-02T21:50:09.5495441+02:00" testType="13cdc9d9-ddb5-4fa4-a97d-d965ccfc6d4b" outcome="Passed" testListId="8c84fa94-04c1-424b-9868-57a2d4851a1d" relativeResultsDirectory="c9562932-5a96-4a04-8e1f-8bc6ebcdb3e0" />
    <UnitTestResult executionId="208c1453-b105-4329-b8d8-5d22bc9acfea" testId="0f3cdbfb-cb70-987b-4a91-a282bfb0504e" testName="FSharpSurface.evaluate.project sensor preserves Compile order and sees a Rogue3-shaped source as public by default" computerName="0bc8bbef51b6" duration="00:00:00.0140000" startTime="2026-08-02T21:50:09.5275933+02:00" endTime="2026-08-02T21:50:09.5496289+02:00" testType="13cdc9d9-ddb5-4fa4-a97d-d965ccfc6d4b" outcome="Passed" testListId="8c84fa94-04c1-424b-9868-57a2d4851a1d" relativeResultsDirectory="208c1453-b105-4329-b8d8-5d22bc9acfea" />
    <UnitTestResult executionId="504af2ed-134f-4e77-b400-46bfc634b470" testId="12ea56be-eff6-5d5f-cf24-a28e540de6b3" testName="DesignChecks.evaluate.absent token/capture/control ⇒ Blocking design.&lt;kind&gt; naming the entry" computerName="0bc8bbef51b6" duration="00:00:00.0060000" startTime="2026-08-02T21:50:09.5361262+02:00" endTime="2026-08-02T21:50:09.5451050+02:00" testType="13cdc9d9-ddb5-4fa4-a97d-d965ccfc6d4b" outcome="Passed" testListId="8c84fa94-04c1-424b-9868-57a2d4851a1d" relativeResultsDirectory="504af2ed-134f-4e77-b400-46bfc634b470" />
    <UnitTestResult executionId="32b42530-d173-4178-861d-06e7f800fddc" testId="33ab955e-710a-bc46-1ede-fa70d8e82269" testName="DesignChecks.determinism.reordering tokens leaves the sorted findings unchanged" computerName="0bc8bbef51b6" duration="00:00:00.0090000" startTime="2026-08-02T21:50:09.5270551+02:00" endTime="2026-08-02T21:50:09.5406041+02:00" testType="13cdc9d9-ddb5-4fa4-a97d-d965ccfc6d4b" outcome="Passed" testListId="8c84fa94-04c1-424b-9868-57a2d4851a1d" relativeResultsDirectory="32b42530-d173-4178-861d-06e7f800fddc" />
    <UnitTestResult executionId="2c2679b6-f429-4648-843a-142b5a0c6264" testId="b13be357-8e11-fd32-24bf-249430bbcfe5" testName="FSharpSurface.evaluate.project sensor reads documented signatures and fail-closes missing compiled source" computerName="0bc8bbef51b6" duration="00:00:00.8030000" startTime="2026-08-02T21:50:09.5276810+02:00" endTime="2026-08-02T21:50:10.3388437+02:00" testType="13cdc9d9-ddb5-4fa4-a97d-d965ccfc6d4b" outcome="Passed" testListId="8c84fa94-04c1-424b-9868-57a2d4851a1d" relativeResultsDirectory="2c2679b6-f429-4648-843a-142b5a0c6264" />
    <UnitTestResult executionId="855330cd-e34c-4483-8945-305600c8908d" testId="209b92ae-fb3c-8c36-ac38-5c22aae1fa42" testName="FSharpSurface.evaluate.internal modules, entry points, generated sources, and complete exemptions do not need a signature" computerName="0bc8bbef51b6" duration="00:00:00.0010000" startTime="2026-08-02T21:50:09.5273002+02:00" endTime="2026-08-02T21:50:09.5405728+02:00" testType="13cdc9d9-ddb5-4fa4-a97d-d965ccfc6d4b" outcome="Passed" testListId="8c84fa94-04c1-424b-9868-57a2d4851a1d" relativeResultsDirectory="855330cd-e34c-4483-8945-305600c8908d" />
    <UnitTestResult executionId="c0c925ce-d691-4106-8b3c-9d16b3ef6b20" testId="120b4ad8-f199-039f-6297-035886abddfa" testName="DesignChecks.sensor.senseDesign resolves referenced entries + every contrast pair against the real catalogs" computerName="0bc8bbef51b6" duration="00:00:00.0140000" startTime="2026-08-02T21:50:09.5268989+02:00" endTime="2026-08-02T21:50:09.5446243+02:00" testType="13cdc9d9-ddb5-4fa4-a97d-d965ccfc6d4b" outcome="Passed" testListId="8c84fa94-04c1-424b-9868-57a2d4851a1d" relativeResultsDirectory="c0c925ce-d691-4106-8b3c-9d16b3ef6b20" />
    <UnitTestResult executionId="34b782a1-b7a5-4e84-bddf-4c29b6069a03" testId="e037c5f9-a73d-5932-f5be-15dc77be64c9" testName="FSharpSurface.evaluate.versioned receipt is deterministic and malformed project input fails closed" computerName="0bc8bbef51b6" duration="00:00:01.4050000" startTime="2026-08-02T21:50:09.5281790+02:00" endTime="2026-08-02T21:50:10.9409038+02:00" testType="13cdc9d9-ddb5-4fa4-a97d-d965ccfc6d4b" outcome="Passed" testListId="8c84fa94-04c1-424b-9868-57a2d4851a1d" relativeResultsDirectory="34b782a1-b7a5-4e84-bddf-4c29b6069a03" />
    <UnitTestResult executionId="4b57fd4e-0c50-4a19-b5f9-6ba8f3e8a924" testId="fcf65e77-498c-3726-4f0e-45a5f5e5bb3d" testName="FSharpSurface.evaluate.project sensor detects an adjacent signature declaration absent from implementation" computerName="0bc8bbef51b6" duration="00:00:00.0160000" startTime="2026-08-02T21:50:09.5277830+02:00" endTime="2026-08-02T21:50:09.5514583+02:00" testType="13cdc9d9-ddb5-4fa4-a97d-d965ccfc6d4b" outcome="Passed" testListId="8c84fa94-04c1-424b-9868-57a2d4851a1d" relativeResultsDirectory="4b57fd4e-0c50-4a19-b5f9-6ba8f3e8a924" />
  </Results>
  <TestDefinitions>
    <UnitTest name="DesignChecks.evaluate.all resolve + contrast meets ⇒ zero findings" storage="/home/developer/projects/fs.gg.governance/.worktrees/item-366-fsharp-surface-governance/tests/fs.gg.governance.designchecks.tests/bin/debug/net10.0/fs.gg.governance.designchecks.tests.dll" id="6a32c112-aaaf-ab6b-367d-264fe8e3da55">
      <Execution id="4bf472d6-1147-46c7-90a5-f602d3503894" />
      <TestMethod codeBase="/home/developer/projects/FS.GG.Governance/.worktrees/item-366-fsharp-surface-governance/tests/FS.GG.Governance.DesignChecks.Tests/bin/Debug/net10.0/FS.GG.Governance.DesignChecks.Tests.dll" adapterTypeName="executor://yolodev/expecto" className="DesignChecks.evaluate" name="all resolve + contrast meets ⇒ zero findings" />
    </UnitTest>
    <UnitTest name="FSharpSurface.evaluate.receipt distinguishes zero and many matched modules deterministically" storage="/home/developer/projects/fs.gg.governance/.worktrees/item-366-fsharp-surface-governance/tests/fs.gg.governance.designchecks.tests/bin/debug/net10.0/fs.gg.governance.designchecks.tests.dll" id="f91d09bf-09a6-ef17-e759-9eb95c39e5a5">
      <Execution id="632d36c8-2c1a-4efc-84d6-eb46dd9aa09c" />
      <TestMethod codeBase="/home/developer/projects/FS.GG.Governance/.worktrees/item-366-fsharp-surface-governance/tests/FS.GG.Governance.DesignChecks.Tests/bin/Debug/net10.0/FS.GG.Governance.DesignChecks.Tests.dll" adapterTypeName="executor://yolodev/expecto" className="FSharpSurface.evaluate" name="receipt distinguishes zero and many matched modules deterministically" />
    </UnitTest>
    <UnitTest name="FSharpSurface.evaluate.internal modules, entry points, generated sources, and complete exemptions do not need a signature" storage="/home/developer/projects/fs.gg.governance/.worktrees/item-366-fsharp-surface-governance/tests/fs.gg.governance.designchecks.tests/bin/debug/net10.0/fs.gg.governance.designchecks.tests.dll" id="209b92ae-fb3c-8c36-ac38-5c22aae1fa42">
      <Execution id="855330cd-e34c-4483-8945-305600c8908d" />
      <TestMethod codeBase="/home/developer/projects/FS.GG.Governance/.worktrees/item-366-fsharp-surface-governance/tests/FS.GG.Governance.DesignChecks.Tests/bin/Debug/net10.0/FS.GG.Governance.DesignChecks.Tests.dll" adapterTypeName="executor://yolodev/expecto" className="FSharpSurface.evaluate" name="internal modules, entry points, generated sources, and complete exemptions do not need a signature" />
    </UnitTest>
    <UnitTest name="FSharpSurface.evaluate.versioned receipt is deterministic and malformed project input fails closed" storage="/home/developer/projects/fs.gg.governance/.worktrees/item-366-fsharp-surface-governance/tests/fs.gg.governance.designchecks.tests/bin/debug/net10.0/fs.gg.governance.designchecks.tests.dll" id="e037c5f9-a73d-5932-f5be-15dc77be64c9">
      <Execution id="34b782a1-b7a5-4e84-bddf-4c29b6069a03" />
      <TestMethod codeBase="/home/developer/projects/FS.GG.Governance/.worktrees/item-366-fsharp-surface-governance/tests/FS.GG.Governance.DesignChecks.Tests/bin/Debug/net10.0/FS.GG.Governance.DesignChecks.Tests.dll" adapterTypeName="executor://yolodev/expecto" className="FSharpSurface.evaluate" name="versioned receipt is deterministic and malformed project input fails closed" />
    </UnitTest>
    <UnitTest name="DesignChecks.evaluate.catalog unavailable ⇒ IsInputState design.catalog-unavailable naming the catalog" storage="/home/developer/projects/fs.gg.governance/.worktrees/item-366-fsharp-surface-governance/tests/fs.gg.governance.designchecks.tests/bin/debug/net10.0/fs.gg.governance.designchecks.tests.dll" id="d9b6e161-4d89-b399-c04f-55672bc73cb7">
      <Execution id="b4956b2f-130f-497c-ba57-158505d06c62" />
      <TestMethod codeBase="/home/developer/projects/FS.GG.Governance/.worktrees/item-366-fsharp-surface-governance/tests/FS.GG.Governance.DesignChecks.Tests/bin/Debug/net10.0/FS.GG.Governance.DesignChecks.Tests.dll" adapterTypeName="executor://yolodev/expecto" className="DesignChecks.evaluate.catalog unavailable ⇒ IsInputState design" name="catalog-unavailable naming the catalog" />
    </UnitTest>
    <UnitTest name="FSharpSurface.evaluate.expired live exemption fails closed" storage="/home/developer/projects/fs.gg.governance/.worktrees/item-366-fsharp-surface-governance/tests/fs.gg.governance.designchecks.tests/bin/debug/net10.0/fs.gg.governance.designchecks.tests.dll" id="bc488ea9-0412-16ba-b982-67cc452944de">
      <Execution id="2778da1d-36ce-49cc-aacc-0e753c8ee4fe" />
      <TestMethod codeBase="/home/developer/projects/FS.GG.Governance/.worktrees/item-366-fsharp-surface-governance/tests/FS.GG.Governance.DesignChecks.Tests/bin/Debug/net10.0/FS.GG.Governance.DesignChecks.Tests.dll" adapterTypeName="executor://yolodev/expecto" className="FSharpSurface.evaluate" name="expired live exemption fails closed" />
    </UnitTest>
    <UnitTest name="DesignChecks.evaluate.sub-threshold contrast ⇒ Blocking design.contrast reporting ratio vs threshold" storage="/home/developer/projects/fs.gg.governance/.worktrees/item-366-fsharp-surface-governance/tests/fs.gg.governance.designchecks.tests/bin/debug/net10.0/fs.gg.governance.designchecks.tests.dll" id="a58f9fa1-bb01-0415-f2af-7403e2a9e1cd">
      <Execution id="0cfc8562-a27d-494d-ae54-19167d9dae2e" />
      <TestMethod codeBase="/home/developer/projects/FS.GG.Governance/.worktrees/item-366-fsharp-surface-governance/tests/FS.GG.Governance.DesignChecks.Tests/bin/Debug/net10.0/FS.GG.Governance.DesignChecks.Tests.dll" adapterTypeName="executor://yolodev/expecto" className="DesignChecks.evaluate.sub-threshold contrast ⇒ Blocking design" name="contrast reporting ratio vs threshold" />
    </UnitTest>
    <UnitTest name="FSharpSurface.evaluate.compiler rejects an adjacent same-name declaration with an incompatible type" storage="/home/developer/projects/fs.gg.governance/.worktrees/item-366-fsharp-surface-governance/tests/fs.gg.governance.designchecks.tests/bin/debug/net10.0/fs.gg.governance.designchecks.tests.dll" id="8882c7a1-1ac2-66e0-a4db-df0c8b10f412">
      <Execution id="12fd71a3-53f0-41c0-bd6a-cbbeadff7cd1" />
      <TestMethod codeBase="/home/developer/projects/FS.GG.Governance/.worktrees/item-366-fsharp-surface-governance/tests/FS.GG.Governance.DesignChecks.Tests/bin/Debug/net10.0/FS.GG.Governance.DesignChecks.Tests.dll" adapterTypeName="executor://yolodev/expecto" className="FSharpSurface.evaluate" name="compiler rejects an adjacent same-name declaration with an incompatible type" />
    </UnitTest>
    <UnitTest name="DesignChecks.renderFence.no Skia/rendering/UI/registry symbol is referenced (SC-004)" storage="/home/developer/projects/fs.gg.governance/.worktrees/item-366-fsharp-surface-governance/tests/fs.gg.governance.designchecks.tests/bin/debug/net10.0/fs.gg.governance.designchecks.tests.dll" id="3a9867b3-328c-7288-54d3-8e866a5a197f">
      <Execution id="b4dd5cc1-0918-4f36-a781-2dd475a4b0a2" />
      <TestMethod codeBase="/home/developer/projects/FS.GG.Governance/.worktrees/item-366-fsharp-surface-governance/tests/FS.GG.Governance.DesignChecks.Tests/bin/Debug/net10.0/FS.GG.Governance.DesignChecks.Tests.dll" adapterTypeName="executor://yolodev/expecto" className="DesignChecks.renderFence" name="no Skia/rendering/UI/registry symbol is referenced (SC-004)" />
    </UnitTest>
    <UnitTest name="DesignChecks.determinism.repeated evaluate over identical facts ⇒ byte-identical" storage="/home/developer/projects/fs.gg.governance/.worktrees/item-366-fsharp-surface-governance/tests/fs.gg.governance.designchecks.tests/bin/debug/net10.0/fs.gg.governance.designchecks.tests.dll" id="3eeba9e4-3262-45bb-8e22-26aa66f56506">
      <Execution id="89f17a0f-20ca-40f0-8bf0-d75d020c8265" />
      <TestMethod codeBase="/home/developer/projects/FS.GG.Governance/.worktrees/item-366-fsharp-surface-governance/tests/FS.GG.Governance.DesignChecks.Tests/bin/Debug/net10.0/FS.GG.Governance.DesignChecks.Tests.dll" adapterTypeName="executor://yolodev/expecto" className="DesignChecks.determinism" name="repeated evaluate over identical facts ⇒ byte-identical" />
    </UnitTest>
    <UnitTest name="DesignChecks.evaluate.absent token/capture/control ⇒ Blocking design.&lt;kind&gt; naming the entry" storage="/home/developer/projects/fs.gg.governance/.worktrees/item-366-fsharp-surface-governance/tests/fs.gg.governance.designchecks.tests/bin/debug/net10.0/fs.gg.governance.designchecks.tests.dll" id="12ea56be-eff6-5d5f-cf24-a28e540de6b3">
      <Execution id="504af2ed-134f-4e77-b400-46bfc634b470" />
      <TestMethod codeBase="/home/developer/projects/FS.GG.Governance/.worktrees/item-366-fsharp-surface-governance/tests/FS.GG.Governance.DesignChecks.Tests/bin/Debug/net10.0/FS.GG.Governance.DesignChecks.Tests.dll" adapterTypeName="executor://yolodev/expecto" className="DesignChecks.evaluate.absent token/capture/control ⇒ Blocking design" name="&lt;kind&gt; naming the entry" />
    </UnitTest>
    <UnitTest name="FSharpSurface.evaluate.Rogue3-shaped many implementations and zero signatures reports applicable zero matches" storage="/home/developer/projects/fs.gg.governance/.worktrees/item-366-fsharp-surface-governance/tests/fs.gg.governance.designchecks.tests/bin/debug/net10.0/fs.gg.governance.designchecks.tests.dll" id="c52eb8c0-d6d2-66d1-2420-8d01f639b800">
      <Execution id="c9562932-5a96-4a04-8e1f-8bc6ebcdb3e0" />
      <TestMethod codeBase="/home/developer/projects/FS.GG.Governance/.worktrees/item-366-fsharp-surface-governance/tests/FS.GG.Governance.DesignChecks.Tests/bin/Debug/net10.0/FS.GG.Governance.DesignChecks.Tests.dll" adapterTypeName="executor://yolodev/expecto" className="FSharpSurface.evaluate" name="Rogue3-shaped many implementations and zero signatures reports applicable zero matches" />
    </UnitTest>
    <UnitTest name="FSharpSurface.evaluate.live policy carries valid exemptions and stale applicable baselines" storage="/home/developer/projects/fs.gg.governance/.worktrees/item-366-fsharp-surface-governance/tests/fs.gg.governance.designchecks.tests/bin/debug/net10.0/fs.gg.governance.designchecks.tests.dll" id="7b5d8a88-fddd-075e-5b9b-8b28e7443fa4">
      <Execution id="4e8a2841-33ba-43ee-8750-36a21472b665" />
      <TestMethod codeBase="/home/developer/projects/FS.GG.Governance/.worktrees/item-366-fsharp-surface-governance/tests/FS.GG.Governance.DesignChecks.Tests/bin/Debug/net10.0/FS.GG.Governance.DesignChecks.Tests.dll" adapterTypeName="executor://yolodev/expecto" className="FSharpSurface.evaluate" name="live policy carries valid exemptions and stale applicable baselines" />
    </UnitTest>
    <UnitTest name="DesignChecks.determinism.reordering tokens leaves the sorted findings unchanged" storage="/home/developer/projects/fs.gg.governance/.worktrees/item-366-fsharp-surface-governance/tests/fs.gg.governance.designchecks.tests/bin/debug/net10.0/fs.gg.governance.designchecks.tests.dll" id="33ab955e-710a-bc46-1ede-fa70d8e82269">
      <Execution id="32b42530-d173-4178-861d-06e7f800fddc" />
      <TestMethod codeBase="/home/developer/projects/FS.GG.Governance/.worktrees/item-366-fsharp-surface-governance/tests/FS.GG.Governance.DesignChecks.Tests/bin/Debug/net10.0/FS.GG.Governance.DesignChecks.Tests.dll" adapterTypeName="executor://yolodev/expecto" className="DesignChecks.determinism" name="reordering tokens leaves the sorted findings unchanged" />
    </UnitTest>
    <UnitTest name="DesignChecks.renderFence.references only FS.GG.Governance.*/BCL/FSharp.Core (no rendering/UI/registry/network)" storage="/home/developer/projects/fs.gg.governance/.worktrees/item-366-fsharp-surface-governance/tests/fs.gg.governance.designchecks.tests/bin/debug/net10.0/fs.gg.governance.designchecks.tests.dll" id="112fd1ae-152a-5f49-2063-6d92ff7d569f">
      <Execution id="31780e8e-cb19-4fb3-b257-1b4151596bfc" />
      <TestMethod codeBase="/home/developer/projects/FS.GG.Governance/.worktrees/item-366-fsharp-surface-governance/tests/FS.GG.Governance.DesignChecks.Tests/bin/Debug/net10.0/FS.GG.Governance.DesignChecks.Tests.dll" adapterTypeName="executor://yolodev/expecto" className="DesignChecks.renderFence.references only FS.GG.Governance.*/BCL/FSharp" name="Core (no rendering/UI/registry/network)" />
    </UnitTest>
    <UnitTest name="FSharpSurface.evaluate.project sensor preserves Compile order and sees a Rogue3-shaped source as public by default" storage="/home/developer/projects/fs.gg.governance/.worktrees/item-366-fsharp-surface-governance/tests/fs.gg.governance.designchecks.tests/bin/debug/net10.0/fs.gg.governance.designchecks.tests.dll" id="0f3cdbfb-cb70-987b-4a91-a282bfb0504e">
      <Execution id="208c1453-b105-4329-b8d8-5d22bc9acfea" />
      <TestMethod codeBase="/home/developer/projects/FS.GG.Governance/.worktrees/item-366-fsharp-surface-governance/tests/FS.GG.Governance.DesignChecks.Tests/bin/Debug/net10.0/FS.GG.Governance.DesignChecks.Tests.dll" adapterTypeName="executor://yolodev/expecto" className="FSharpSurface.evaluate" name="project sensor preserves Compile order and sees a Rogue3-shaped source as public by default" />
    </UnitTest>
    <UnitTest name="FSharpSurface.evaluate.test-project modules are excluded" storage="/home/developer/projects/fs.gg.governance/.worktrees/item-366-fsharp-surface-governance/tests/fs.gg.governance.designchecks.tests/bin/debug/net10.0/fs.gg.governance.designchecks.tests.dll" id="671d34c9-ddc4-4523-5df7-fc7a63b38e87">
      <Execution id="4d00c9a9-293d-4167-85fe-48a149bdc61d" />
      <TestMethod codeBase="/home/developer/projects/FS.GG.Governance/.worktrees/item-366-fsharp-surface-governance/tests/FS.GG.Governance.DesignChecks.Tests/bin/Debug/net10.0/FS.GG.Governance.DesignChecks.Tests.dll" adapterTypeName="executor://yolodev/expecto" className="FSharpSurface.evaluate" name="test-project modules are excluded" />
    </UnitTest>
    <UnitTest name="DesignChecks.sensor.absent catalog ⇒ recorded in CatalogUnavailable, never a fabricated pass (FR-012)" storage="/home/developer/projects/fs.gg.governance/.worktrees/item-366-fsharp-surface-governance/tests/fs.gg.governance.designchecks.tests/bin/debug/net10.0/fs.gg.governance.designchecks.tests.dll" id="33868b10-85d5-c18f-2f4e-4fef1ead8465">
      <Execution id="96c82305-30ac-4177-8594-7be4f622e37d" />
      <TestMethod codeBase="/home/developer/projects/FS.GG.Governance/.worktrees/item-366-fsharp-surface-governance/tests/FS.GG.Governance.DesignChecks.Tests/bin/Debug/net10.0/FS.GG.Governance.DesignChecks.Tests.dll" adapterTypeName="executor://yolodev/expecto" className="DesignChecks.sensor" name="absent catalog ⇒ recorded in CatalogUnavailable, never a fabricated pass (FR-012)" />
    </UnitTest>
    <UnitTest name="DesignChecks.sensor.a THROWING catalog port degrades to CatalogUnavailable, never escapes senseDesign (#56/B13)" storage="/home/developer/projects/fs.gg.governance/.worktrees/item-366-fsharp-surface-governance/tests/fs.gg.governance.designchecks.tests/bin/debug/net10.0/fs.gg.governance.designchecks.tests.dll" id="7f8ca683-3117-37b8-0053-c887197c0653">
      <Execution id="d5c604fb-8a7f-42c5-8df9-44b8b6a9c779" />
      <TestMethod codeBase="/home/developer/projects/FS.GG.Governance/.worktrees/item-366-fsharp-surface-governance/tests/FS.GG.Governance.DesignChecks.Tests/bin/Debug/net10.0/FS.GG.Governance.DesignChecks.Tests.dll" adapterTypeName="executor://yolodev/expecto" className="DesignChecks.sensor" name="a THROWING catalog port degrades to CatalogUnavailable, never escapes senseDesign (#56/B13)" />
    </UnitTest>
    <UnitTest name="FSharpSurface.evaluate.Rogue3-shaped executable module without a signature produces an advisory migration finding" storage="/home/developer/projects/fs.gg.governance/.worktrees/item-366-fsharp-surface-governance/tests/fs.gg.governance.designchecks.tests/bin/debug/net10.0/fs.gg.governance.designchecks.tests.dll" id="c5739d3a-5f6e-1993-55ed-6e6eae39484e">
      <Execution id="b4e7543a-54b6-4b3d-b77a-82bbdc5c3cf9" />
      <TestMethod codeBase="/home/developer/projects/FS.GG.Governance/.worktrees/item-366-fsharp-surface-governance/tests/FS.GG.Governance.DesignChecks.Tests/bin/Debug/net10.0/FS.GG.Governance.DesignChecks.Tests.dll" adapterTypeName="executor://yolodev/expecto" className="FSharpSurface.evaluate" name="Rogue3-shaped executable module without a signature produces an advisory migration finding" />
    </UnitTest>
    <UnitTest name="DesignChecks.sensor.senseDesign resolves referenced entries + every contrast pair against the real catalogs" storage="/home/developer/projects/fs.gg.governance/.worktrees/item-366-fsharp-surface-governance/tests/fs.gg.governance.designchecks.tests/bin/debug/net10.0/fs.gg.governance.designchecks.tests.dll" id="120b4ad8-f199-039f-6297-035886abddfa">
      <Execution id="c0c925ce-d691-4106-8b3c-9d16b3ef6b20" />
      <TestMethod codeBase="/home/developer/projects/FS.GG.Governance/.worktrees/item-366-fsharp-surface-governance/tests/FS.GG.Governance.DesignChecks.Tests/bin/Debug/net10.0/FS.GG.Governance.DesignChecks.Tests.dll" adapterTypeName="executor://yolodev/expecto" className="DesignChecks.sensor" name="senseDesign resolves referenced entries + every contrast pair against the real catalogs" />
    </UnitTest>
    <UnitTest name="FSharpSurface.evaluate.project sensor detects an adjacent signature declaration absent from implementation" storage="/home/developer/projects/fs.gg.governance/.worktrees/item-366-fsharp-surface-governance/tests/fs.gg.governance.designchecks.tests/bin/debug/net10.0/fs.gg.governance.designchecks.tests.dll" id="fcf65e77-498c-3726-4f0e-45a5f5e5bb3d">
      <Execution id="4b57fd4e-0c50-4a19-b5f9-6ba8f3e8a924" />
      <TestMethod codeBase="/home/developer/projects/FS.GG.Governance/.worktrees/item-366-fsharp-surface-governance/tests/FS.GG.Governance.DesignChecks.Tests/bin/Debug/net10.0/FS.GG.Governance.DesignChecks.Tests.dll" adapterTypeName="executor://yolodev/expecto" className="FSharpSurface.evaluate" name="project sensor detects an adjacent signature declaration absent from implementation" />
    </UnitTest>
    <UnitTest name="FSharpSurface.evaluate.paired signatures report order, docs, source mismatch, and applicable baseline independently" storage="/home/developer/projects/fs.gg.governance/.worktrees/item-366-fsharp-surface-governance/tests/fs.gg.governance.designchecks.tests/bin/debug/net10.0/fs.gg.governance.designchecks.tests.dll" id="f60aba49-fee8-b749-3219-1495dccc73bb">
      <Execution id="a3d2ce8e-1208-455e-95fe-85b179706aa1" />
      <TestMethod codeBase="/home/developer/projects/FS.GG.Governance/.worktrees/item-366-fsharp-surface-governance/tests/FS.GG.Governance.DesignChecks.Tests/bin/Debug/net10.0/FS.GG.Governance.DesignChecks.Tests.dll" adapterTypeName="executor://yolodev/expecto" className="FSharpSurface.evaluate" name="paired signatures report order, docs, source mismatch, and applicable baseline independently" />
    </UnitTest>
    <UnitTest name="SurfaceDrift.DesignChecks public surface equals the committed baseline" storage="/home/developer/projects/fs.gg.governance/.worktrees/item-366-fsharp-surface-governance/tests/fs.gg.governance.designchecks.tests/bin/debug/net10.0/fs.gg.governance.designchecks.tests.dll" id="abe00f63-8372-055c-4c16-be5eba82657b">
      <Execution id="295d1f0a-31ba-4dd5-84c1-2d04b43dffb7" />
      <TestMethod codeBase="/home/developer/projects/FS.GG.Governance/.worktrees/item-366-fsharp-surface-governance/tests/FS.GG.Governance.DesignChecks.Tests/bin/Debug/net10.0/FS.GG.Governance.DesignChecks.Tests.dll" adapterTypeName="executor://yolodev/expecto" className="SurfaceDrift" name="DesignChecks public surface equals the committed baseline" />
    </UnitTest>
    <UnitTest name="FSharpSurface.evaluate.project sensor reads documented signatures and fail-closes missing compiled source" storage="/home/developer/projects/fs.gg.governance/.worktrees/item-366-fsharp-surface-governance/tests/fs.gg.governance.designchecks.tests/bin/debug/net10.0/fs.gg.governance.designchecks.tests.dll" id="b13be357-8e11-fd32-24bf-249430bbcfe5">
      <Execution id="2c2679b6-f429-4648-843a-142b5a0c6264" />
      <TestMethod codeBase="/home/developer/projects/FS.GG.Governance/.worktrees/item-366-fsharp-surface-governance/tests/FS.GG.Governance.DesignChecks.Tests/bin/Debug/net10.0/FS.GG.Governance.DesignChecks.Tests.dll" adapterTypeName="executor://yolodev/expecto" className="FSharpSurface.evaluate" name="project sensor reads documented signatures and fail-closes missing compiled source" />
    </UnitTest>
  </TestDefinitions>
  <TestEntries>
    <TestEntry testId="3a9867b3-328c-7288-54d3-8e866a5a197f" executionId="b4dd5cc1-0918-4f36-a781-2dd475a4b0a2" testListId="8c84fa94-04c1-424b-9868-57a2d4851a1d" />
    <TestEntry testId="7b5d8a88-fddd-075e-5b9b-8b28e7443fa4" executionId="4e8a2841-33ba-43ee-8750-36a21472b665" testListId="8c84fa94-04c1-424b-9868-57a2d4851a1d" />
    <TestEntry testId="d9b6e161-4d89-b399-c04f-55672bc73cb7" executionId="b4956b2f-130f-497c-ba57-158505d06c62" testListId="8c84fa94-04c1-424b-9868-57a2d4851a1d" />
    <TestEntry testId="112fd1ae-152a-5f49-2063-6d92ff7d569f" executionId="31780e8e-cb19-4fb3-b257-1b4151596bfc" testListId="8c84fa94-04c1-424b-9868-57a2d4851a1d" />
    <TestEntry testId="c5739d3a-5f6e-1993-55ed-6e6eae39484e" executionId="b4e7543a-54b6-4b3d-b77a-82bbdc5c3cf9" testListId="8c84fa94-04c1-424b-9868-57a2d4851a1d" />
    <TestEntry testId="bc488ea9-0412-16ba-b982-67cc452944de" executionId="2778da1d-36ce-49cc-aacc-0e753c8ee4fe" testListId="8c84fa94-04c1-424b-9868-57a2d4851a1d" />
    <TestEntry testId="3eeba9e4-3262-45bb-8e22-26aa66f56506" executionId="89f17a0f-20ca-40f0-8bf0-d75d020c8265" testListId="8c84fa94-04c1-424b-9868-57a2d4851a1d" />
    <TestEntry testId="f91d09bf-09a6-ef17-e759-9eb95c39e5a5" executionId="632d36c8-2c1a-4efc-84d6-eb46dd9aa09c" testListId="8c84fa94-04c1-424b-9868-57a2d4851a1d" />
    <TestEntry testId="8882c7a1-1ac2-66e0-a4db-df0c8b10f412" executionId="12fd71a3-53f0-41c0-bd6a-cbbeadff7cd1" testListId="8c84fa94-04c1-424b-9868-57a2d4851a1d" />
    <TestEntry testId="abe00f63-8372-055c-4c16-be5eba82657b" executionId="295d1f0a-31ba-4dd5-84c1-2d04b43dffb7" testListId="8c84fa94-04c1-424b-9868-57a2d4851a1d" />
    <TestEntry testId="671d34c9-ddc4-4523-5df7-fc7a63b38e87" executionId="4d00c9a9-293d-4167-85fe-48a149bdc61d" testListId="8c84fa94-04c1-424b-9868-57a2d4851a1d" />
    <TestEntry testId="33868b10-85d5-c18f-2f4e-4fef1ead8465" executionId="96c82305-30ac-4177-8594-7be4f622e37d" testListId="8c84fa94-04c1-424b-9868-57a2d4851a1d" />
    <TestEntry testId="7f8ca683-3117-37b8-0053-c887197c0653" executionId="d5c604fb-8a7f-42c5-8df9-44b8b6a9c779" testListId="8c84fa94-04c1-424b-9868-57a2d4851a1d" />
    <TestEntry testId="a58f9fa1-bb01-0415-f2af-7403e2a9e1cd" executionId="0cfc8562-a27d-494d-ae54-19167d9dae2e" testListId="8c84fa94-04c1-424b-9868-57a2d4851a1d" />
    <TestEntry testId="f60aba49-fee8-b749-3219-1495dccc73bb" executionId="a3d2ce8e-1208-455e-95fe-85b179706aa1" testListId="8c84fa94-04c1-424b-9868-57a2d4851a1d" />
    <TestEntry testId="6a32c112-aaaf-ab6b-367d-264fe8e3da55" executionId="4bf472d6-1147-46c7-90a5-f602d3503894" testListId="8c84fa94-04c1-424b-9868-57a2d4851a1d" />
    <TestEntry testId="c52eb8c0-d6d2-66d1-2420-8d01f639b800" executionId="c9562932-5a96-4a04-8e1f-8bc6ebcdb3e0" testListId="8c84fa94-04c1-424b-9868-57a2d4851a1d" />
    <TestEntry testId="0f3cdbfb-cb70-987b-4a91-a282bfb0504e" executionId="208c1453-b105-4329-b8d8-5d22bc9acfea" testListId="8c84fa94-04c1-424b-9868-57a2d4851a1d" />
    <TestEntry testId="12ea56be-eff6-5d5f-cf24-a28e540de6b3" executionId="504af2ed-134f-4e77-b400-46bfc634b470" testListId="8c84fa94-04c1-424b-9868-57a2d4851a1d" />
    <TestEntry testId="33ab955e-710a-bc46-1ede-fa70d8e82269" executionId="32b42530-d173-4178-861d-06e7f800fddc" testListId="8c84fa94-04c1-424b-9868-57a2d4851a1d" />
    <TestEntry testId="b13be357-8e11-fd32-24bf-249430bbcfe5" executionId="2c2679b6-f429-4648-843a-142b5a0c6264" testListId="8c84fa94-04c1-424b-9868-57a2d4851a1d" />
    <TestEntry testId="209b92ae-fb3c-8c36-ac38-5c22aae1fa42" executionId="855330cd-e34c-4483-8945-305600c8908d" testListId="8c84fa94-04c1-424b-9868-57a2d4851a1d" />
    <TestEntry testId="120b4ad8-f199-039f-6297-035886abddfa" executionId="c0c925ce-d691-4106-8b3c-9d16b3ef6b20" testListId="8c84fa94-04c1-424b-9868-57a2d4851a1d" />
    <TestEntry testId="e037c5f9-a73d-5932-f5be-15dc77be64c9" executionId="34b782a1-b7a5-4e84-bddf-4c29b6069a03" testListId="8c84fa94-04c1-424b-9868-57a2d4851a1d" />
    <TestEntry testId="fcf65e77-498c-3726-4f0e-45a5f5e5bb3d" executionId="4b57fd4e-0c50-4a19-b5f9-6ba8f3e8a924" testListId="8c84fa94-04c1-424b-9868-57a2d4851a1d" />
  </TestEntries>
  <TestLists>
    <TestList name="Results Not in a List" id="8c84fa94-04c1-424b-9868-57a2d4851a1d" />
    <TestList name="All Loaded Results" id="19431567-8539-422a-85d7-44ee4e166bda" />
  </TestLists>
  <ResultSummary outcome="Completed">
    <Counters total="25" executed="25" passed="25" failed="0" error="0" timeout="0" aborted="0" inconclusive="0" passedButRunAborted="0" notRunnable="0" notExecuted="0" disconnected="0" warning="0" completed="0" inProgress="0" pending="0" />
  </ResultSummary>
</TestRun>