<?xml version="1.0" encoding="utf-8"?>
<TestRun id="de2662cf-6e99-4087-8907-4ebbfeba8478" name="@0bc8bbef51b6 2026-08-02 21:33:11" xmlns="http://microsoft.com/schemas/VisualStudio/TeamTest/2010">
  <Times creation="2026-08-02T21:33:11.9495380+02:00" queuing="2026-08-02T21:33:11.9495380+02:00" start="2026-08-02T21:33:11.6352123+02:00" finish="2026-08-02T21:33:11.9984594+02:00" />
  <TestSettings name="default" id="b856f477-9a97-47b3-a84a-416b2df83f62">
    <Deployment runDeploymentRoot="_0bc8bbef51b6_2026-08-02_21_33_11" />
  </TestSettings>
  <Results>
    <UnitTestResult executionId="2d050bf6-31fc-44a0-8d83-e17db28a88ea" testId="f91d09bf-09a6-ef17-e759-9eb95c39e5a5" testName="FSharpSurface.evaluate.receipt distinguishes zero and many matched modules deterministically" computerName="0bc8bbef51b6" duration="00:00:00.0150000" startTime="2026-08-02T21:33:11.9203111+02:00" endTime="2026-08-02T21:33:11.9432502+02:00" testType="13cdc9d9-ddb5-4fa4-a97d-d965ccfc6d4b" outcome="Passed" testListId="8c84fa94-04c1-424b-9868-57a2d4851a1d" relativeResultsDirectory="2d050bf6-31fc-44a0-8d83-e17db28a88ea" />
    <UnitTestResult executionId="d36edf52-8f58-42d3-9708-d7692079fd3a" testId="671d34c9-ddc4-4523-5df7-fc7a63b38e87" testName="FSharpSurface.evaluate.test-project modules are excluded" computerName="0bc8bbef51b6" startTime="2026-08-02T21:33:11.9195505+02:00" endTime="2026-08-02T21:33:11.9320618+02:00" testType="13cdc9d9-ddb5-4fa4-a97d-d965ccfc6d4b" outcome="Passed" testListId="8c84fa94-04c1-424b-9868-57a2d4851a1d" relativeResultsDirectory="d36edf52-8f58-42d3-9708-d7692079fd3a" />
    <UnitTestResult executionId="94ad2c92-3b55-41c4-b270-e0cd45325703" testId="f60aba49-fee8-b749-3219-1495dccc73bb" testName="FSharpSurface.evaluate.paired signatures report order, docs, source mismatch, and applicable baseline independently" computerName="0bc8bbef51b6" duration="00:00:00.0030000" startTime="2026-08-02T21:33:11.9194098+02:00" endTime="2026-08-02T21:33:11.9320884+02:00" testType="13cdc9d9-ddb5-4fa4-a97d-d965ccfc6d4b" outcome="Passed" testListId="8c84fa94-04c1-424b-9868-57a2d4851a1d" relativeResultsDirectory="94ad2c92-3b55-41c4-b270-e0cd45325703" />
    <UnitTestResult executionId="9f9afbf4-2861-431b-a2a8-e2dd33eab5c8" testId="12ea56be-eff6-5d5f-cf24-a28e540de6b3" testName="DesignChecks.evaluate.absent token/capture/control ⇒ Blocking design.&lt;kind&gt; naming the entry" computerName="0bc8bbef51b6" duration="00:00:00.0070000" startTime="2026-08-02T21:33:11.9204978+02:00" endTime="2026-08-02T21:33:11.9362450+02:00" testType="13cdc9d9-ddb5-4fa4-a97d-d965ccfc6d4b" outcome="Passed" testListId="8c84fa94-04c1-424b-9868-57a2d4851a1d" relativeResultsDirectory="9f9afbf4-2861-431b-a2a8-e2dd33eab5c8" />
    <UnitTestResult executionId="140f9250-9233-4ce4-92a3-902154761cc6" testId="3eeba9e4-3262-45bb-8e22-26aa66f56506" testName="DesignChecks.determinism.repeated evaluate over identical facts ⇒ byte-identical" computerName="0bc8bbef51b6" duration="00:00:00.0090000" startTime="2026-08-02T21:33:11.9189517+02:00" endTime="2026-08-02T21:33:11.9321247+02:00" testType="13cdc9d9-ddb5-4fa4-a97d-d965ccfc6d4b" outcome="Passed" testListId="8c84fa94-04c1-424b-9868-57a2d4851a1d" relativeResultsDirectory="140f9250-9233-4ce4-92a3-902154761cc6" />
    <UnitTestResult executionId="4b72498c-73db-4604-a2ba-6587c29910c5" testId="d9b6e161-4d89-b399-c04f-55672bc73cb7" testName="DesignChecks.evaluate.catalog unavailable ⇒ IsInputState design.catalog-unavailable naming the catalog" computerName="0bc8bbef51b6" duration="00:00:00.0130000" startTime="2026-08-02T21:33:11.9275453+02:00" endTime="2026-08-02T21:33:11.9424222+02:00" testType="13cdc9d9-ddb5-4fa4-a97d-d965ccfc6d4b" outcome="Passed" testListId="8c84fa94-04c1-424b-9868-57a2d4851a1d" relativeResultsDirectory="4b72498c-73db-4604-a2ba-6587c29910c5" />
    <UnitTestResult executionId="0fa13889-dce7-4215-88bd-500866ab8d6f" testId="0f3cdbfb-cb70-987b-4a91-a282bfb0504e" testName="FSharpSurface.evaluate.project sensor preserves Compile order and sees a Rogue3-shaped source as public by default" computerName="0bc8bbef51b6" duration="00:00:00.0140000" startTime="2026-08-02T21:33:11.9196704+02:00" endTime="2026-08-02T21:33:11.9426232+02:00" testType="13cdc9d9-ddb5-4fa4-a97d-d965ccfc6d4b" outcome="Passed" testListId="8c84fa94-04c1-424b-9868-57a2d4851a1d" relativeResultsDirectory="0fa13889-dce7-4215-88bd-500866ab8d6f" />
    <UnitTestResult executionId="71b406f6-d9b5-4bed-b41c-9f0265a98265" testId="112fd1ae-152a-5f49-2063-6d92ff7d569f" testName="DesignChecks.renderFence.references only FS.GG.Governance.*/BCL/FSharp.Core (no rendering/UI/registry/network)" computerName="0bc8bbef51b6" duration="00:00:00.0160000" startTime="2026-08-02T21:33:11.9188869+02:00" endTime="2026-08-02T21:33:11.9390283+02:00" testType="13cdc9d9-ddb5-4fa4-a97d-d965ccfc6d4b" outcome="Passed" testListId="8c84fa94-04c1-424b-9868-57a2d4851a1d" relativeResultsDirectory="71b406f6-d9b5-4bed-b41c-9f0265a98265" />
    <UnitTestResult executionId="bc05b749-f3c1-46c8-ac38-b8c8147ea748" testId="a58f9fa1-bb01-0415-f2af-7403e2a9e1cd" testName="DesignChecks.evaluate.sub-threshold contrast ⇒ Blocking design.contrast reporting ratio vs threshold" computerName="0bc8bbef51b6" duration="00:00:00.0130000" startTime="2026-08-02T21:33:11.9205133+02:00" endTime="2026-08-02T21:33:11.9425145+02:00" testType="13cdc9d9-ddb5-4fa4-a97d-d965ccfc6d4b" outcome="Passed" testListId="8c84fa94-04c1-424b-9868-57a2d4851a1d" relativeResultsDirectory="bc05b749-f3c1-46c8-ac38-b8c8147ea748" />
    <UnitTestResult executionId="4764b5a1-103a-4157-8f0c-8c6e51b1a023" testId="7b5d8a88-fddd-075e-5b9b-8b28e7443fa4" testName="FSharpSurface.evaluate.live policy carries valid exemptions and stale applicable baselines" computerName="0bc8bbef51b6" duration="00:00:00.0160000" startTime="2026-08-02T21:33:11.9200301+02:00" endTime="2026-08-02T21:33:11.9439652+02:00" testType="13cdc9d9-ddb5-4fa4-a97d-d965ccfc6d4b" outcome="Passed" testListId="8c84fa94-04c1-424b-9868-57a2d4851a1d" relativeResultsDirectory="4764b5a1-103a-4157-8f0c-8c6e51b1a023" />
    <UnitTestResult executionId="39aa092d-db9b-44ef-aa67-fb24f00e30b6" testId="7f8ca683-3117-37b8-0053-c887197c0653" testName="DesignChecks.sensor.a THROWING catalog port degrades to CatalogUnavailable, never escapes senseDesign (#56/B13)" computerName="0bc8bbef51b6" duration="00:00:00.0070000" startTime="2026-08-02T21:33:11.9189070+02:00" endTime="2026-08-02T21:33:11.9320679+02:00" testType="13cdc9d9-ddb5-4fa4-a97d-d965ccfc6d4b" outcome="Passed" testListId="8c84fa94-04c1-424b-9868-57a2d4851a1d" relativeResultsDirectory="39aa092d-db9b-44ef-aa67-fb24f00e30b6" />
    <UnitTestResult executionId="e73b7f90-97b7-4c52-a0d5-8f2dcf56177e" testId="33868b10-85d5-c18f-2f4e-4fef1ead8465" testName="DesignChecks.sensor.absent catalog ⇒ recorded in CatalogUnavailable, never a fabricated pass (FR-012)" computerName="0bc8bbef51b6" duration="00:00:00.0100000" startTime="2026-08-02T21:33:11.9189010+02:00" endTime="2026-08-02T21:33:11.9323386+02:00" testType="13cdc9d9-ddb5-4fa4-a97d-d965ccfc6d4b" outcome="Passed" testListId="8c84fa94-04c1-424b-9868-57a2d4851a1d" relativeResultsDirectory="e73b7f90-97b7-4c52-a0d5-8f2dcf56177e" />
    <UnitTestResult executionId="458b969d-37fb-40a8-ba5d-87ef6994e531" testId="3a9867b3-328c-7288-54d3-8e866a5a197f" testName="DesignChecks.renderFence.no Skia/rendering/UI/registry symbol is referenced (SC-004)" computerName="0bc8bbef51b6" duration="00:00:00.0030000" startTime="2026-08-02T21:33:11.9188914+02:00" endTime="2026-08-02T21:33:11.9320838+02:00" testType="13cdc9d9-ddb5-4fa4-a97d-d965ccfc6d4b" outcome="Passed" testListId="8c84fa94-04c1-424b-9868-57a2d4851a1d" relativeResultsDirectory="458b969d-37fb-40a8-ba5d-87ef6994e531" />
    <UnitTestResult executionId="c25b966e-1a73-4e84-ad38-b8454dfb1aab" testId="c5739d3a-5f6e-1993-55ed-6e6eae39484e" testName="FSharpSurface.evaluate.Rogue3-shaped executable module without a signature produces an advisory migration finding" computerName="0bc8bbef51b6" duration="00:00:00.0140000" startTime="2026-08-02T21:33:11.9192170+02:00" endTime="2026-08-02T21:33:11.9425186+02:00" testType="13cdc9d9-ddb5-4fa4-a97d-d965ccfc6d4b" outcome="Passed" testListId="8c84fa94-04c1-424b-9868-57a2d4851a1d" relativeResultsDirectory="c25b966e-1a73-4e84-ad38-b8454dfb1aab" />
    <UnitTestResult executionId="d504a1d6-c95c-44b4-8ced-cea727046b17" testId="120b4ad8-f199-039f-6297-035886abddfa" testName="DesignChecks.sensor.senseDesign resolves referenced entries + every contrast pair against the real catalogs" computerName="0bc8bbef51b6" duration="00:00:00.0130000" startTime="2026-08-02T21:33:11.9188978+02:00" endTime="2026-08-02T21:33:11.9361025+02:00" testType="13cdc9d9-ddb5-4fa4-a97d-d965ccfc6d4b" outcome="Passed" testListId="8c84fa94-04c1-424b-9868-57a2d4851a1d" relativeResultsDirectory="d504a1d6-c95c-44b4-8ced-cea727046b17" />
    <UnitTestResult executionId="95a48b0e-9383-46fb-9fc8-0a05b4e2f334" testId="e037c5f9-a73d-5932-f5be-15dc77be64c9" testName="FSharpSurface.evaluate.versioned receipt is deterministic and malformed project input fails closed" computerName="0bc8bbef51b6" duration="00:00:00.0160000" startTime="2026-08-02T21:33:11.9201991+02:00" endTime="2026-08-02T21:33:11.9440274+02:00" testType="13cdc9d9-ddb5-4fa4-a97d-d965ccfc6d4b" outcome="Passed" testListId="8c84fa94-04c1-424b-9868-57a2d4851a1d" relativeResultsDirectory="95a48b0e-9383-46fb-9fc8-0a05b4e2f334" />
    <UnitTestResult executionId="cf28c5bc-953e-46d4-a0a5-b5645add788b" testId="abe00f63-8372-055c-4c16-be5eba82657b" testName="SurfaceDrift.DesignChecks public surface equals the committed baseline" computerName="0bc8bbef51b6" duration="00:00:00.0300000" startTime="2026-08-02T21:33:11.9188824+02:00" endTime="2026-08-02T21:33:11.9526622+02:00" testType="13cdc9d9-ddb5-4fa4-a97d-d965ccfc6d4b" outcome="Passed" testListId="8c84fa94-04c1-424b-9868-57a2d4851a1d" relativeResultsDirectory="cf28c5bc-953e-46d4-a0a5-b5645add788b" />
    <UnitTestResult executionId="f5beff07-b1ca-4b97-977b-825baa0c1508" testId="209b92ae-fb3c-8c36-ac38-5c22aae1fa42" testName="FSharpSurface.evaluate.internal modules, entry points, generated sources, and complete exemptions do not need a signature" computerName="0bc8bbef51b6" duration="00:00:00.0040000" startTime="2026-08-02T21:33:11.9193122+02:00" endTime="2026-08-02T21:33:11.9320773+02:00" testType="13cdc9d9-ddb5-4fa4-a97d-d965ccfc6d4b" outcome="Passed" testListId="8c84fa94-04c1-424b-9868-57a2d4851a1d" relativeResultsDirectory="f5beff07-b1ca-4b97-977b-825baa0c1508" />
    <UnitTestResult executionId="6208e89e-e184-48df-899f-c657f4d23997" testId="6a32c112-aaaf-ab6b-367d-264fe8e3da55" testName="DesignChecks.evaluate.all resolve + contrast meets ⇒ zero findings" computerName="0bc8bbef51b6" duration="00:00:00.0010000" startTime="2026-08-02T21:33:11.9203955+02:00" endTime="2026-08-02T21:33:11.9362453+02:00" testType="13cdc9d9-ddb5-4fa4-a97d-d965ccfc6d4b" outcome="Passed" testListId="8c84fa94-04c1-424b-9868-57a2d4851a1d" relativeResultsDirectory="6208e89e-e184-48df-899f-c657f4d23997" />
    <UnitTestResult executionId="3754b276-487e-409f-a497-9e1956dc7d0a" testId="b13be357-8e11-fd32-24bf-249430bbcfe5" testName="FSharpSurface.evaluate.project sensor reads documented signatures and fail-closes missing compiled source" computerName="0bc8bbef51b6" duration="00:00:00.0160000" startTime="2026-08-02T21:33:11.9197942+02:00" endTime="2026-08-02T21:33:11.9441416+02:00" testType="13cdc9d9-ddb5-4fa4-a97d-d965ccfc6d4b" outcome="Passed" testListId="8c84fa94-04c1-424b-9868-57a2d4851a1d" relativeResultsDirectory="3754b276-487e-409f-a497-9e1956dc7d0a" />
    <UnitTestResult executionId="a776aa2a-5af7-48f2-8812-9da812d9f35d" testId="fcf65e77-498c-3726-4f0e-45a5f5e5bb3d" testName="FSharpSurface.evaluate.project sensor detects an adjacent signature declaration absent from implementation" computerName="0bc8bbef51b6" duration="00:00:00.0150000" startTime="2026-08-02T21:33:11.9199412+02:00" endTime="2026-08-02T21:33:11.9436787+02:00" testType="13cdc9d9-ddb5-4fa4-a97d-d965ccfc6d4b" outcome="Passed" testListId="8c84fa94-04c1-424b-9868-57a2d4851a1d" relativeResultsDirectory="a776aa2a-5af7-48f2-8812-9da812d9f35d" />
    <UnitTestResult executionId="50618770-cb03-491d-bafe-b20bc62c0e61" testId="33ab955e-710a-bc46-1ede-fa70d8e82269" testName="DesignChecks.determinism.reordering tokens leaves the sorted findings unchanged" computerName="0bc8bbef51b6" duration="00:00:00.0090000" startTime="2026-08-02T21:33:11.9190829+02:00" endTime="2026-08-02T21:33:11.9321248+02:00" testType="13cdc9d9-ddb5-4fa4-a97d-d965ccfc6d4b" outcome="Passed" testListId="8c84fa94-04c1-424b-9868-57a2d4851a1d" relativeResultsDirectory="50618770-cb03-491d-bafe-b20bc62c0e61" />
    <UnitTestResult executionId="05beac78-da4c-4ba5-9c50-bb5427507844" testId="bc488ea9-0412-16ba-b982-67cc452944de" testName="FSharpSurface.evaluate.expired live exemption fails closed" computerName="0bc8bbef51b6" duration="00:00:00.0150000" startTime="2026-08-02T21:33:11.9201072+02:00" endTime="2026-08-02T21:33:11.9435886+02:00" testType="13cdc9d9-ddb5-4fa4-a97d-d965ccfc6d4b" outcome="Passed" testListId="8c84fa94-04c1-424b-9868-57a2d4851a1d" relativeResultsDirectory="05beac78-da4c-4ba5-9c50-bb5427507844" />
  </Results>
  <TestDefinitions>
    <UnitTest name="DesignChecks.evaluate.all resolve + contrast meets ⇒ zero findings" storage="/home/developer/projects/fs.gg.governance/.worktrees/item-366-fsharp-surface-governance/tests/fs.gg.governance.designchecks.tests/bin/debug/net10.0/fs.gg.governance.designchecks.tests.dll" id="6a32c112-aaaf-ab6b-367d-264fe8e3da55">
      <Execution id="6208e89e-e184-48df-899f-c657f4d23997" />
      <TestMethod codeBase="/home/developer/projects/FS.GG.Governance/.worktrees/item-366-fsharp-surface-governance/tests/FS.GG.Governance.DesignChecks.Tests/bin/Debug/net10.0/FS.GG.Governance.DesignChecks.Tests.dll" adapterTypeName="executor://yolodev/expecto" className="DesignChecks.evaluate" name="all resolve + contrast meets ⇒ zero findings" />
    </UnitTest>
    <UnitTest name="FSharpSurface.evaluate.receipt distinguishes zero and many matched modules deterministically" storage="/home/developer/projects/fs.gg.governance/.worktrees/item-366-fsharp-surface-governance/tests/fs.gg.governance.designchecks.tests/bin/debug/net10.0/fs.gg.governance.designchecks.tests.dll" id="f91d09bf-09a6-ef17-e759-9eb95c39e5a5">
      <Execution id="2d050bf6-31fc-44a0-8d83-e17db28a88ea" />
      <TestMethod codeBase="/home/developer/projects/FS.GG.Governance/.worktrees/item-366-fsharp-surface-governance/tests/FS.GG.Governance.DesignChecks.Tests/bin/Debug/net10.0/FS.GG.Governance.DesignChecks.Tests.dll" adapterTypeName="executor://yolodev/expecto" className="FSharpSurface.evaluate" name="receipt distinguishes zero and many matched modules deterministically" />
    </UnitTest>
    <UnitTest name="FSharpSurface.evaluate.internal modules, entry points, generated sources, and complete exemptions do not need a signature" storage="/home/developer/projects/fs.gg.governance/.worktrees/item-366-fsharp-surface-governance/tests/fs.gg.governance.designchecks.tests/bin/debug/net10.0/fs.gg.governance.designchecks.tests.dll" id="209b92ae-fb3c-8c36-ac38-5c22aae1fa42">
      <Execution id="f5beff07-b1ca-4b97-977b-825baa0c1508" />
      <TestMethod codeBase="/home/developer/projects/FS.GG.Governance/.worktrees/item-366-fsharp-surface-governance/tests/FS.GG.Governance.DesignChecks.Tests/bin/Debug/net10.0/FS.GG.Governance.DesignChecks.Tests.dll" adapterTypeName="executor://yolodev/expecto" className="FSharpSurface.evaluate" name="internal modules, entry points, generated sources, and complete exemptions do not need a signature" />
    </UnitTest>
    <UnitTest name="FSharpSurface.evaluate.versioned receipt is deterministic and malformed project input fails closed" storage="/home/developer/projects/fs.gg.governance/.worktrees/item-366-fsharp-surface-governance/tests/fs.gg.governance.designchecks.tests/bin/debug/net10.0/fs.gg.governance.designchecks.tests.dll" id="e037c5f9-a73d-5932-f5be-15dc77be64c9">
      <Execution id="95a48b0e-9383-46fb-9fc8-0a05b4e2f334" />
      <TestMethod codeBase="/home/developer/projects/FS.GG.Governance/.worktrees/item-366-fsharp-surface-governance/tests/FS.GG.Governance.DesignChecks.Tests/bin/Debug/net10.0/FS.GG.Governance.DesignChecks.Tests.dll" adapterTypeName="executor://yolodev/expecto" className="FSharpSurface.evaluate" name="versioned receipt is deterministic and malformed project input fails closed" />
    </UnitTest>
    <UnitTest name="DesignChecks.evaluate.catalog unavailable ⇒ IsInputState design.catalog-unavailable naming the catalog" storage="/home/developer/projects/fs.gg.governance/.worktrees/item-366-fsharp-surface-governance/tests/fs.gg.governance.designchecks.tests/bin/debug/net10.0/fs.gg.governance.designchecks.tests.dll" id="d9b6e161-4d89-b399-c04f-55672bc73cb7">
      <Execution id="4b72498c-73db-4604-a2ba-6587c29910c5" />
      <TestMethod codeBase="/home/developer/projects/FS.GG.Governance/.worktrees/item-366-fsharp-surface-governance/tests/FS.GG.Governance.DesignChecks.Tests/bin/Debug/net10.0/FS.GG.Governance.DesignChecks.Tests.dll" adapterTypeName="executor://yolodev/expecto" className="DesignChecks.evaluate.catalog unavailable ⇒ IsInputState design" name="catalog-unavailable naming the catalog" />
    </UnitTest>
    <UnitTest name="FSharpSurface.evaluate.expired live exemption fails closed" storage="/home/developer/projects/fs.gg.governance/.worktrees/item-366-fsharp-surface-governance/tests/fs.gg.governance.designchecks.tests/bin/debug/net10.0/fs.gg.governance.designchecks.tests.dll" id="bc488ea9-0412-16ba-b982-67cc452944de">
      <Execution id="05beac78-da4c-4ba5-9c50-bb5427507844" />
      <TestMethod codeBase="/home/developer/projects/FS.GG.Governance/.worktrees/item-366-fsharp-surface-governance/tests/FS.GG.Governance.DesignChecks.Tests/bin/Debug/net10.0/FS.GG.Governance.DesignChecks.Tests.dll" adapterTypeName="executor://yolodev/expecto" className="FSharpSurface.evaluate" name="expired live exemption fails closed" />
    </UnitTest>
    <UnitTest name="DesignChecks.evaluate.sub-threshold contrast ⇒ Blocking design.contrast reporting ratio vs threshold" storage="/home/developer/projects/fs.gg.governance/.worktrees/item-366-fsharp-surface-governance/tests/fs.gg.governance.designchecks.tests/bin/debug/net10.0/fs.gg.governance.designchecks.tests.dll" id="a58f9fa1-bb01-0415-f2af-7403e2a9e1cd">
      <Execution id="bc05b749-f3c1-46c8-ac38-b8c8147ea748" />
      <TestMethod codeBase="/home/developer/projects/FS.GG.Governance/.worktrees/item-366-fsharp-surface-governance/tests/FS.GG.Governance.DesignChecks.Tests/bin/Debug/net10.0/FS.GG.Governance.DesignChecks.Tests.dll" adapterTypeName="executor://yolodev/expecto" className="DesignChecks.evaluate.sub-threshold contrast ⇒ Blocking design" name="contrast reporting ratio vs threshold" />
    </UnitTest>
    <UnitTest name="DesignChecks.renderFence.no Skia/rendering/UI/registry symbol is referenced (SC-004)" storage="/home/developer/projects/fs.gg.governance/.worktrees/item-366-fsharp-surface-governance/tests/fs.gg.governance.designchecks.tests/bin/debug/net10.0/fs.gg.governance.designchecks.tests.dll" id="3a9867b3-328c-7288-54d3-8e866a5a197f">
      <Execution id="458b969d-37fb-40a8-ba5d-87ef6994e531" />
      <TestMethod codeBase="/home/developer/projects/FS.GG.Governance/.worktrees/item-366-fsharp-surface-governance/tests/FS.GG.Governance.DesignChecks.Tests/bin/Debug/net10.0/FS.GG.Governance.DesignChecks.Tests.dll" adapterTypeName="executor://yolodev/expecto" className="DesignChecks.renderFence" name="no Skia/rendering/UI/registry symbol is referenced (SC-004)" />
    </UnitTest>
    <UnitTest name="DesignChecks.determinism.repeated evaluate over identical facts ⇒ byte-identical" storage="/home/developer/projects/fs.gg.governance/.worktrees/item-366-fsharp-surface-governance/tests/fs.gg.governance.designchecks.tests/bin/debug/net10.0/fs.gg.governance.designchecks.tests.dll" id="3eeba9e4-3262-45bb-8e22-26aa66f56506">
      <Execution id="140f9250-9233-4ce4-92a3-902154761cc6" />
      <TestMethod codeBase="/home/developer/projects/FS.GG.Governance/.worktrees/item-366-fsharp-surface-governance/tests/FS.GG.Governance.DesignChecks.Tests/bin/Debug/net10.0/FS.GG.Governance.DesignChecks.Tests.dll" adapterTypeName="executor://yolodev/expecto" className="DesignChecks.determinism" name="repeated evaluate over identical facts ⇒ byte-identical" />
    </UnitTest>
    <UnitTest name="DesignChecks.evaluate.absent token/capture/control ⇒ Blocking design.&lt;kind&gt; naming the entry" storage="/home/developer/projects/fs.gg.governance/.worktrees/item-366-fsharp-surface-governance/tests/fs.gg.governance.designchecks.tests/bin/debug/net10.0/fs.gg.governance.designchecks.tests.dll" id="12ea56be-eff6-5d5f-cf24-a28e540de6b3">
      <Execution id="9f9afbf4-2861-431b-a2a8-e2dd33eab5c8" />
      <TestMethod codeBase="/home/developer/projects/FS.GG.Governance/.worktrees/item-366-fsharp-surface-governance/tests/FS.GG.Governance.DesignChecks.Tests/bin/Debug/net10.0/FS.GG.Governance.DesignChecks.Tests.dll" adapterTypeName="executor://yolodev/expecto" className="DesignChecks.evaluate.absent token/capture/control ⇒ Blocking design" name="&lt;kind&gt; naming the entry" />
    </UnitTest>
    <UnitTest name="FSharpSurface.evaluate.live policy carries valid exemptions and stale applicable baselines" storage="/home/developer/projects/fs.gg.governance/.worktrees/item-366-fsharp-surface-governance/tests/fs.gg.governance.designchecks.tests/bin/debug/net10.0/fs.gg.governance.designchecks.tests.dll" id="7b5d8a88-fddd-075e-5b9b-8b28e7443fa4">
      <Execution id="4764b5a1-103a-4157-8f0c-8c6e51b1a023" />
      <TestMethod codeBase="/home/developer/projects/FS.GG.Governance/.worktrees/item-366-fsharp-surface-governance/tests/FS.GG.Governance.DesignChecks.Tests/bin/Debug/net10.0/FS.GG.Governance.DesignChecks.Tests.dll" adapterTypeName="executor://yolodev/expecto" className="FSharpSurface.evaluate" name="live policy carries valid exemptions and stale applicable baselines" />
    </UnitTest>
    <UnitTest name="DesignChecks.determinism.reordering tokens leaves the sorted findings unchanged" storage="/home/developer/projects/fs.gg.governance/.worktrees/item-366-fsharp-surface-governance/tests/fs.gg.governance.designchecks.tests/bin/debug/net10.0/fs.gg.governance.designchecks.tests.dll" id="33ab955e-710a-bc46-1ede-fa70d8e82269">
      <Execution id="50618770-cb03-491d-bafe-b20bc62c0e61" />
      <TestMethod codeBase="/home/developer/projects/FS.GG.Governance/.worktrees/item-366-fsharp-surface-governance/tests/FS.GG.Governance.DesignChecks.Tests/bin/Debug/net10.0/FS.GG.Governance.DesignChecks.Tests.dll" adapterTypeName="executor://yolodev/expecto" className="DesignChecks.determinism" name="reordering tokens leaves the sorted findings unchanged" />
    </UnitTest>
    <UnitTest name="FSharpSurface.evaluate.project sensor preserves Compile order and sees a Rogue3-shaped source as public by default" storage="/home/developer/projects/fs.gg.governance/.worktrees/item-366-fsharp-surface-governance/tests/fs.gg.governance.designchecks.tests/bin/debug/net10.0/fs.gg.governance.designchecks.tests.dll" id="0f3cdbfb-cb70-987b-4a91-a282bfb0504e">
      <Execution id="0fa13889-dce7-4215-88bd-500866ab8d6f" />
      <TestMethod codeBase="/home/developer/projects/FS.GG.Governance/.worktrees/item-366-fsharp-surface-governance/tests/FS.GG.Governance.DesignChecks.Tests/bin/Debug/net10.0/FS.GG.Governance.DesignChecks.Tests.dll" adapterTypeName="executor://yolodev/expecto" className="FSharpSurface.evaluate" name="project sensor preserves Compile order and sees a Rogue3-shaped source as public by default" />
    </UnitTest>
    <UnitTest name="DesignChecks.renderFence.references only FS.GG.Governance.*/BCL/FSharp.Core (no rendering/UI/registry/network)" storage="/home/developer/projects/fs.gg.governance/.worktrees/item-366-fsharp-surface-governance/tests/fs.gg.governance.designchecks.tests/bin/debug/net10.0/fs.gg.governance.designchecks.tests.dll" id="112fd1ae-152a-5f49-2063-6d92ff7d569f">
      <Execution id="71b406f6-d9b5-4bed-b41c-9f0265a98265" />
      <TestMethod codeBase="/home/developer/projects/FS.GG.Governance/.worktrees/item-366-fsharp-surface-governance/tests/FS.GG.Governance.DesignChecks.Tests/bin/Debug/net10.0/FS.GG.Governance.DesignChecks.Tests.dll" adapterTypeName="executor://yolodev/expecto" className="DesignChecks.renderFence.references only FS.GG.Governance.*/BCL/FSharp" name="Core (no rendering/UI/registry/network)" />
    </UnitTest>
    <UnitTest name="FSharpSurface.evaluate.test-project modules are excluded" storage="/home/developer/projects/fs.gg.governance/.worktrees/item-366-fsharp-surface-governance/tests/fs.gg.governance.designchecks.tests/bin/debug/net10.0/fs.gg.governance.designchecks.tests.dll" id="671d34c9-ddc4-4523-5df7-fc7a63b38e87">
      <Execution id="d36edf52-8f58-42d3-9708-d7692079fd3a" />
      <TestMethod codeBase="/home/developer/projects/FS.GG.Governance/.worktrees/item-366-fsharp-surface-governance/tests/FS.GG.Governance.DesignChecks.Tests/bin/Debug/net10.0/FS.GG.Governance.DesignChecks.Tests.dll" adapterTypeName="executor://yolodev/expecto" className="FSharpSurface.evaluate" name="test-project modules are excluded" />
    </UnitTest>
    <UnitTest name="DesignChecks.sensor.absent catalog ⇒ recorded in CatalogUnavailable, never a fabricated pass (FR-012)" storage="/home/developer/projects/fs.gg.governance/.worktrees/item-366-fsharp-surface-governance/tests/fs.gg.governance.designchecks.tests/bin/debug/net10.0/fs.gg.governance.designchecks.tests.dll" id="33868b10-85d5-c18f-2f4e-4fef1ead8465">
      <Execution id="e73b7f90-97b7-4c52-a0d5-8f2dcf56177e" />
      <TestMethod codeBase="/home/developer/projects/FS.GG.Governance/.worktrees/item-366-fsharp-surface-governance/tests/FS.GG.Governance.DesignChecks.Tests/bin/Debug/net10.0/FS.GG.Governance.DesignChecks.Tests.dll" adapterTypeName="executor://yolodev/expecto" className="DesignChecks.sensor" name="absent catalog ⇒ recorded in CatalogUnavailable, never a fabricated pass (FR-012)" />
    </UnitTest>
    <UnitTest name="DesignChecks.sensor.a THROWING catalog port degrades to CatalogUnavailable, never escapes senseDesign (#56/B13)" storage="/home/developer/projects/fs.gg.governance/.worktrees/item-366-fsharp-surface-governance/tests/fs.gg.governance.designchecks.tests/bin/debug/net10.0/fs.gg.governance.designchecks.tests.dll" id="7f8ca683-3117-37b8-0053-c887197c0653">
      <Execution id="39aa092d-db9b-44ef-aa67-fb24f00e30b6" />
      <TestMethod codeBase="/home/developer/projects/FS.GG.Governance/.worktrees/item-366-fsharp-surface-governance/tests/FS.GG.Governance.DesignChecks.Tests/bin/Debug/net10.0/FS.GG.Governance.DesignChecks.Tests.dll" adapterTypeName="executor://yolodev/expecto" className="DesignChecks.sensor" name="a THROWING catalog port degrades to CatalogUnavailable, never escapes senseDesign (#56/B13)" />
    </UnitTest>
    <UnitTest name="FSharpSurface.evaluate.Rogue3-shaped executable module without a signature produces an advisory migration finding" storage="/home/developer/projects/fs.gg.governance/.worktrees/item-366-fsharp-surface-governance/tests/fs.gg.governance.designchecks.tests/bin/debug/net10.0/fs.gg.governance.designchecks.tests.dll" id="c5739d3a-5f6e-1993-55ed-6e6eae39484e">
      <Execution id="c25b966e-1a73-4e84-ad38-b8454dfb1aab" />
      <TestMethod codeBase="/home/developer/projects/FS.GG.Governance/.worktrees/item-366-fsharp-surface-governance/tests/FS.GG.Governance.DesignChecks.Tests/bin/Debug/net10.0/FS.GG.Governance.DesignChecks.Tests.dll" adapterTypeName="executor://yolodev/expecto" className="FSharpSurface.evaluate" name="Rogue3-shaped executable module without a signature produces an advisory migration finding" />
    </UnitTest>
    <UnitTest name="DesignChecks.sensor.senseDesign resolves referenced entries + every contrast pair against the real catalogs" storage="/home/developer/projects/fs.gg.governance/.worktrees/item-366-fsharp-surface-governance/tests/fs.gg.governance.designchecks.tests/bin/debug/net10.0/fs.gg.governance.designchecks.tests.dll" id="120b4ad8-f199-039f-6297-035886abddfa">
      <Execution id="d504a1d6-c95c-44b4-8ced-cea727046b17" />
      <TestMethod codeBase="/home/developer/projects/FS.GG.Governance/.worktrees/item-366-fsharp-surface-governance/tests/FS.GG.Governance.DesignChecks.Tests/bin/Debug/net10.0/FS.GG.Governance.DesignChecks.Tests.dll" adapterTypeName="executor://yolodev/expecto" className="DesignChecks.sensor" name="senseDesign resolves referenced entries + every contrast pair against the real catalogs" />
    </UnitTest>
    <UnitTest name="FSharpSurface.evaluate.project sensor detects an adjacent signature declaration absent from implementation" storage="/home/developer/projects/fs.gg.governance/.worktrees/item-366-fsharp-surface-governance/tests/fs.gg.governance.designchecks.tests/bin/debug/net10.0/fs.gg.governance.designchecks.tests.dll" id="fcf65e77-498c-3726-4f0e-45a5f5e5bb3d">
      <Execution id="a776aa2a-5af7-48f2-8812-9da812d9f35d" />
      <TestMethod codeBase="/home/developer/projects/FS.GG.Governance/.worktrees/item-366-fsharp-surface-governance/tests/FS.GG.Governance.DesignChecks.Tests/bin/Debug/net10.0/FS.GG.Governance.DesignChecks.Tests.dll" adapterTypeName="executor://yolodev/expecto" className="FSharpSurface.evaluate" name="project sensor detects an adjacent signature declaration absent from implementation" />
    </UnitTest>
    <UnitTest name="FSharpSurface.evaluate.paired signatures report order, docs, source mismatch, and applicable baseline independently" storage="/home/developer/projects/fs.gg.governance/.worktrees/item-366-fsharp-surface-governance/tests/fs.gg.governance.designchecks.tests/bin/debug/net10.0/fs.gg.governance.designchecks.tests.dll" id="f60aba49-fee8-b749-3219-1495dccc73bb">
      <Execution id="94ad2c92-3b55-41c4-b270-e0cd45325703" />
      <TestMethod codeBase="/home/developer/projects/FS.GG.Governance/.worktrees/item-366-fsharp-surface-governance/tests/FS.GG.Governance.DesignChecks.Tests/bin/Debug/net10.0/FS.GG.Governance.DesignChecks.Tests.dll" adapterTypeName="executor://yolodev/expecto" className="FSharpSurface.evaluate" name="paired signatures report order, docs, source mismatch, and applicable baseline independently" />
    </UnitTest>
    <UnitTest name="SurfaceDrift.DesignChecks public surface equals the committed baseline" storage="/home/developer/projects/fs.gg.governance/.worktrees/item-366-fsharp-surface-governance/tests/fs.gg.governance.designchecks.tests/bin/debug/net10.0/fs.gg.governance.designchecks.tests.dll" id="abe00f63-8372-055c-4c16-be5eba82657b">
      <Execution id="cf28c5bc-953e-46d4-a0a5-b5645add788b" />
      <TestMethod codeBase="/home/developer/projects/FS.GG.Governance/.worktrees/item-366-fsharp-surface-governance/tests/FS.GG.Governance.DesignChecks.Tests/bin/Debug/net10.0/FS.GG.Governance.DesignChecks.Tests.dll" adapterTypeName="executor://yolodev/expecto" className="SurfaceDrift" name="DesignChecks public surface equals the committed baseline" />
    </UnitTest>
    <UnitTest name="FSharpSurface.evaluate.project sensor reads documented signatures and fail-closes missing compiled source" storage="/home/developer/projects/fs.gg.governance/.worktrees/item-366-fsharp-surface-governance/tests/fs.gg.governance.designchecks.tests/bin/debug/net10.0/fs.gg.governance.designchecks.tests.dll" id="b13be357-8e11-fd32-24bf-249430bbcfe5">
      <Execution id="3754b276-487e-409f-a497-9e1956dc7d0a" />
      <TestMethod codeBase="/home/developer/projects/FS.GG.Governance/.worktrees/item-366-fsharp-surface-governance/tests/FS.GG.Governance.DesignChecks.Tests/bin/Debug/net10.0/FS.GG.Governance.DesignChecks.Tests.dll" adapterTypeName="executor://yolodev/expecto" className="FSharpSurface.evaluate" name="project sensor reads documented signatures and fail-closes missing compiled source" />
    </UnitTest>
  </TestDefinitions>
  <TestEntries>
    <TestEntry testId="f91d09bf-09a6-ef17-e759-9eb95c39e5a5" executionId="2d050bf6-31fc-44a0-8d83-e17db28a88ea" testListId="8c84fa94-04c1-424b-9868-57a2d4851a1d" />
    <TestEntry testId="671d34c9-ddc4-4523-5df7-fc7a63b38e87" executionId="d36edf52-8f58-42d3-9708-d7692079fd3a" testListId="8c84fa94-04c1-424b-9868-57a2d4851a1d" />
    <TestEntry testId="f60aba49-fee8-b749-3219-1495dccc73bb" executionId="94ad2c92-3b55-41c4-b270-e0cd45325703" testListId="8c84fa94-04c1-424b-9868-57a2d4851a1d" />
    <TestEntry testId="12ea56be-eff6-5d5f-cf24-a28e540de6b3" executionId="9f9afbf4-2861-431b-a2a8-e2dd33eab5c8" testListId="8c84fa94-04c1-424b-9868-57a2d4851a1d" />
    <TestEntry testId="3eeba9e4-3262-45bb-8e22-26aa66f56506" executionId="140f9250-9233-4ce4-92a3-902154761cc6" testListId="8c84fa94-04c1-424b-9868-57a2d4851a1d" />
    <TestEntry testId="d9b6e161-4d89-b399-c04f-55672bc73cb7" executionId="4b72498c-73db-4604-a2ba-6587c29910c5" testListId="8c84fa94-04c1-424b-9868-57a2d4851a1d" />
    <TestEntry testId="0f3cdbfb-cb70-987b-4a91-a282bfb0504e" executionId="0fa13889-dce7-4215-88bd-500866ab8d6f" testListId="8c84fa94-04c1-424b-9868-57a2d4851a1d" />
    <TestEntry testId="112fd1ae-152a-5f49-2063-6d92ff7d569f" executionId="71b406f6-d9b5-4bed-b41c-9f0265a98265" testListId="8c84fa94-04c1-424b-9868-57a2d4851a1d" />
    <TestEntry testId="a58f9fa1-bb01-0415-f2af-7403e2a9e1cd" executionId="bc05b749-f3c1-46c8-ac38-b8c8147ea748" testListId="8c84fa94-04c1-424b-9868-57a2d4851a1d" />
    <TestEntry testId="7b5d8a88-fddd-075e-5b9b-8b28e7443fa4" executionId="4764b5a1-103a-4157-8f0c-8c6e51b1a023" testListId="8c84fa94-04c1-424b-9868-57a2d4851a1d" />
    <TestEntry testId="7f8ca683-3117-37b8-0053-c887197c0653" executionId="39aa092d-db9b-44ef-aa67-fb24f00e30b6" testListId="8c84fa94-04c1-424b-9868-57a2d4851a1d" />
    <TestEntry testId="33868b10-85d5-c18f-2f4e-4fef1ead8465" executionId="e73b7f90-97b7-4c52-a0d5-8f2dcf56177e" testListId="8c84fa94-04c1-424b-9868-57a2d4851a1d" />
    <TestEntry testId="3a9867b3-328c-7288-54d3-8e866a5a197f" executionId="458b969d-37fb-40a8-ba5d-87ef6994e531" testListId="8c84fa94-04c1-424b-9868-57a2d4851a1d" />
    <TestEntry testId="c5739d3a-5f6e-1993-55ed-6e6eae39484e" executionId="c25b966e-1a73-4e84-ad38-b8454dfb1aab" testListId="8c84fa94-04c1-424b-9868-57a2d4851a1d" />
    <TestEntry testId="120b4ad8-f199-039f-6297-035886abddfa" executionId="d504a1d6-c95c-44b4-8ced-cea727046b17" testListId="8c84fa94-04c1-424b-9868-57a2d4851a1d" />
    <TestEntry testId="e037c5f9-a73d-5932-f5be-15dc77be64c9" executionId="95a48b0e-9383-46fb-9fc8-0a05b4e2f334" testListId="8c84fa94-04c1-424b-9868-57a2d4851a1d" />
    <TestEntry testId="abe00f63-8372-055c-4c16-be5eba82657b" executionId="cf28c5bc-953e-46d4-a0a5-b5645add788b" testListId="8c84fa94-04c1-424b-9868-57a2d4851a1d" />
    <TestEntry testId="209b92ae-fb3c-8c36-ac38-5c22aae1fa42" executionId="f5beff07-b1ca-4b97-977b-825baa0c1508" testListId="8c84fa94-04c1-424b-9868-57a2d4851a1d" />
    <TestEntry testId="6a32c112-aaaf-ab6b-367d-264fe8e3da55" executionId="6208e89e-e184-48df-899f-c657f4d23997" testListId="8c84fa94-04c1-424b-9868-57a2d4851a1d" />
    <TestEntry testId="b13be357-8e11-fd32-24bf-249430bbcfe5" executionId="3754b276-487e-409f-a497-9e1956dc7d0a" testListId="8c84fa94-04c1-424b-9868-57a2d4851a1d" />
    <TestEntry testId="fcf65e77-498c-3726-4f0e-45a5f5e5bb3d" executionId="a776aa2a-5af7-48f2-8812-9da812d9f35d" testListId="8c84fa94-04c1-424b-9868-57a2d4851a1d" />
    <TestEntry testId="33ab955e-710a-bc46-1ede-fa70d8e82269" executionId="50618770-cb03-491d-bafe-b20bc62c0e61" testListId="8c84fa94-04c1-424b-9868-57a2d4851a1d" />
    <TestEntry testId="bc488ea9-0412-16ba-b982-67cc452944de" executionId="05beac78-da4c-4ba5-9c50-bb5427507844" testListId="8c84fa94-04c1-424b-9868-57a2d4851a1d" />
  </TestEntries>
  <TestLists>
    <TestList name="Results Not in a List" id="8c84fa94-04c1-424b-9868-57a2d4851a1d" />
    <TestList name="All Loaded Results" id="19431567-8539-422a-85d7-44ee4e166bda" />
  </TestLists>
  <ResultSummary outcome="Completed">
    <Counters total="23" executed="23" passed="23" failed="0" error="0" timeout="0" aborted="0" inconclusive="0" passedButRunAborted="0" notRunnable="0" notExecuted="0" disconnected="0" warning="0" completed="0" inProgress="0" pending="0" />
  </ResultSummary>
</TestRun>