<?xml version="1.0" encoding="utf-8"?>
<TestRun id="3ec86a62-9b29-46b4-9ab7-c0b2b87d2b86" name="@0bc8bbef51b6 2026-08-02 21:23:52" xmlns="http://microsoft.com/schemas/VisualStudio/TeamTest/2010">
  <Times creation="2026-08-02T21:23:52.8132844+02:00" queuing="2026-08-02T21:23:52.8132844+02:00" start="2026-08-02T21:23:52.5098372+02:00" finish="2026-08-02T21:23:52.8513729+02:00" />
  <TestSettings name="default" id="1990d8df-ad36-475d-a12c-413835c5d220">
    <Deployment runDeploymentRoot="_0bc8bbef51b6_2026-08-02_21_23_52" />
  </TestSettings>
  <Results>
    <UnitTestResult executionId="15067efb-18b6-4b52-853a-a6ee1f08a303" testId="3eeba9e4-3262-45bb-8e22-26aa66f56506" testName="DesignChecks.determinism.repeated evaluate over identical facts ⇒ byte-identical" computerName="0bc8bbef51b6" duration="00:00:00.0090000" startTime="2026-08-02T21:23:52.7840977+02:00" endTime="2026-08-02T21:23:52.7975617+02:00" testType="13cdc9d9-ddb5-4fa4-a97d-d965ccfc6d4b" outcome="Passed" testListId="8c84fa94-04c1-424b-9868-57a2d4851a1d" relativeResultsDirectory="15067efb-18b6-4b52-853a-a6ee1f08a303" />
    <UnitTestResult executionId="ef33fd49-18ba-4e07-984a-068cef67d790" testId="e037c5f9-a73d-5932-f5be-15dc77be64c9" testName="FSharpSurface.evaluate.versioned receipt is deterministic and malformed project input fails closed" computerName="0bc8bbef51b6" duration="00:00:00.0160000" startTime="2026-08-02T21:23:52.7849588+02:00" endTime="2026-08-02T21:23:52.8081390+02:00" testType="13cdc9d9-ddb5-4fa4-a97d-d965ccfc6d4b" outcome="Passed" testListId="8c84fa94-04c1-424b-9868-57a2d4851a1d" relativeResultsDirectory="ef33fd49-18ba-4e07-984a-068cef67d790" />
    <UnitTestResult executionId="193e31bc-fd9f-4ec2-8508-486a9ea4ae6f" testId="671d34c9-ddc4-4523-5df7-fc7a63b38e87" testName="FSharpSurface.evaluate.test-project modules are excluded" computerName="0bc8bbef51b6" duration="00:00:00.0010000" startTime="2026-08-02T21:23:52.7845173+02:00" endTime="2026-08-02T21:23:52.7975390+02:00" testType="13cdc9d9-ddb5-4fa4-a97d-d965ccfc6d4b" outcome="Passed" testListId="8c84fa94-04c1-424b-9868-57a2d4851a1d" relativeResultsDirectory="193e31bc-fd9f-4ec2-8508-486a9ea4ae6f" />
    <UnitTestResult executionId="10e4bbd2-b770-43b0-a36e-ed539c11a628" testId="0f3cdbfb-cb70-987b-4a91-a282bfb0504e" testName="FSharpSurface.evaluate.project sensor preserves Compile order and sees a Rogue3-shaped source as public by default" computerName="0bc8bbef51b6" duration="00:00:00.0130000" startTime="2026-08-02T21:23:52.7846284+02:00" endTime="2026-08-02T21:23:52.8049567+02:00" testType="13cdc9d9-ddb5-4fa4-a97d-d965ccfc6d4b" outcome="Passed" testListId="8c84fa94-04c1-424b-9868-57a2d4851a1d" relativeResultsDirectory="10e4bbd2-b770-43b0-a36e-ed539c11a628" />
    <UnitTestResult executionId="06c5062b-bb6e-43c6-a866-0c5931fefdcd" testId="112fd1ae-152a-5f49-2063-6d92ff7d569f" testName="DesignChecks.renderFence.references only FS.GG.Governance.*/BCL/FSharp.Core (no rendering/UI/registry/network)" computerName="0bc8bbef51b6" duration="00:00:00.0140000" startTime="2026-08-02T21:23:52.7840795+02:00" endTime="2026-08-02T21:23:52.8023247+02:00" testType="13cdc9d9-ddb5-4fa4-a97d-d965ccfc6d4b" outcome="Passed" testListId="8c84fa94-04c1-424b-9868-57a2d4851a1d" relativeResultsDirectory="06c5062b-bb6e-43c6-a866-0c5931fefdcd" />
    <UnitTestResult executionId="da6790bb-a73b-442b-8afc-c1f1e2754fb0" testId="a58f9fa1-bb01-0415-f2af-7403e2a9e1cd" testName="DesignChecks.evaluate.sub-threshold contrast ⇒ Blocking design.contrast reporting ratio vs threshold" computerName="0bc8bbef51b6" duration="00:00:00.0140000" startTime="2026-08-02T21:23:52.7852578+02:00" endTime="2026-08-02T21:23:52.8060590+02:00" testType="13cdc9d9-ddb5-4fa4-a97d-d965ccfc6d4b" outcome="Passed" testListId="8c84fa94-04c1-424b-9868-57a2d4851a1d" relativeResultsDirectory="da6790bb-a73b-442b-8afc-c1f1e2754fb0" />
    <UnitTestResult executionId="a8423051-c32f-41b2-8b39-551902d30956" testId="3a9867b3-328c-7288-54d3-8e866a5a197f" testName="DesignChecks.renderFence.no Skia/rendering/UI/registry symbol is referenced (SC-004)" computerName="0bc8bbef51b6" duration="00:00:00.0040000" startTime="2026-08-02T21:23:52.7840814+02:00" endTime="2026-08-02T21:23:52.7975300+02:00" testType="13cdc9d9-ddb5-4fa4-a97d-d965ccfc6d4b" outcome="Passed" testListId="8c84fa94-04c1-424b-9868-57a2d4851a1d" relativeResultsDirectory="a8423051-c32f-41b2-8b39-551902d30956" />
    <UnitTestResult executionId="9de59d28-47c2-4a1a-af2c-08ab03cca949" testId="6a32c112-aaaf-ab6b-367d-264fe8e3da55" testName="DesignChecks.evaluate.all resolve + contrast meets ⇒ zero findings" computerName="0bc8bbef51b6" duration="00:00:00.0010000" startTime="2026-08-02T21:23:52.7850614+02:00" endTime="2026-08-02T21:23:52.7975210+02:00" testType="13cdc9d9-ddb5-4fa4-a97d-d965ccfc6d4b" outcome="Passed" testListId="8c84fa94-04c1-424b-9868-57a2d4851a1d" relativeResultsDirectory="9de59d28-47c2-4a1a-af2c-08ab03cca949" />
    <UnitTestResult executionId="0de90ba3-48ca-4fa6-a3ef-7c8f6ed01d1b" testId="fcf65e77-498c-3726-4f0e-45a5f5e5bb3d" testName="FSharpSurface.evaluate.project sensor detects an adjacent signature declaration absent from implementation" computerName="0bc8bbef51b6" duration="00:00:00.0150000" startTime="2026-08-02T21:23:52.7848180+02:00" endTime="2026-08-02T21:23:52.8070734+02:00" testType="13cdc9d9-ddb5-4fa4-a97d-d965ccfc6d4b" outcome="Passed" testListId="8c84fa94-04c1-424b-9868-57a2d4851a1d" relativeResultsDirectory="0de90ba3-48ca-4fa6-a3ef-7c8f6ed01d1b" />
    <UnitTestResult executionId="0114ff4a-71d7-4157-bc77-e36d6f116424" testId="33ab955e-710a-bc46-1ede-fa70d8e82269" testName="DesignChecks.determinism.reordering tokens leaves the sorted findings unchanged" computerName="0bc8bbef51b6" duration="00:00:00.0090000" startTime="2026-08-02T21:23:52.7841096+02:00" endTime="2026-08-02T21:23:52.7975500+02:00" testType="13cdc9d9-ddb5-4fa4-a97d-d965ccfc6d4b" outcome="Passed" testListId="8c84fa94-04c1-424b-9868-57a2d4851a1d" relativeResultsDirectory="0114ff4a-71d7-4157-bc77-e36d6f116424" />
    <UnitTestResult executionId="91192905-8b8b-4f4d-baee-c92577b7e315" testId="12ea56be-eff6-5d5f-cf24-a28e540de6b3" testName="DesignChecks.evaluate.absent token/capture/control ⇒ Blocking design.&lt;kind&gt; naming the entry" computerName="0bc8bbef51b6" duration="00:00:00.0080000" startTime="2026-08-02T21:23:52.7851646+02:00" endTime="2026-08-02T21:23:52.7998818+02:00" testType="13cdc9d9-ddb5-4fa4-a97d-d965ccfc6d4b" outcome="Passed" testListId="8c84fa94-04c1-424b-9868-57a2d4851a1d" relativeResultsDirectory="91192905-8b8b-4f4d-baee-c92577b7e315" />
    <UnitTestResult executionId="6b100456-17c5-4143-8a02-106585ca343c" testId="f60aba49-fee8-b749-3219-1495dccc73bb" testName="FSharpSurface.evaluate.paired signatures report order, docs, source mismatch, and applicable baseline independently" computerName="0bc8bbef51b6" duration="00:00:00.0030000" startTime="2026-08-02T21:23:52.7844061+02:00" endTime="2026-08-02T21:23:52.7975131+02:00" testType="13cdc9d9-ddb5-4fa4-a97d-d965ccfc6d4b" outcome="Passed" testListId="8c84fa94-04c1-424b-9868-57a2d4851a1d" relativeResultsDirectory="6b100456-17c5-4143-8a02-106585ca343c" />
    <UnitTestResult executionId="39d475b1-d54f-47eb-a80d-ed78b53591e1" testId="abe00f63-8372-055c-4c16-be5eba82657b" testName="SurfaceDrift.DesignChecks public surface equals the committed baseline" computerName="0bc8bbef51b6" duration="00:00:00.0240000" startTime="2026-08-02T21:23:52.7840780+02:00" endTime="2026-08-02T21:23:52.8122183+02:00" testType="13cdc9d9-ddb5-4fa4-a97d-d965ccfc6d4b" outcome="Passed" testListId="8c84fa94-04c1-424b-9868-57a2d4851a1d" relativeResultsDirectory="39d475b1-d54f-47eb-a80d-ed78b53591e1" />
    <UnitTestResult executionId="a22af8f4-9cf7-40a1-9886-74468fe4c1ec" testId="33868b10-85d5-c18f-2f4e-4fef1ead8465" testName="DesignChecks.sensor.absent catalog ⇒ recorded in CatalogUnavailable, never a fabricated pass (FR-012)" computerName="0bc8bbef51b6" duration="00:00:00.0120000" startTime="2026-08-02T21:23:52.7840905+02:00" endTime="2026-08-02T21:23:52.7995815+02:00" testType="13cdc9d9-ddb5-4fa4-a97d-d965ccfc6d4b" outcome="Passed" testListId="8c84fa94-04c1-424b-9868-57a2d4851a1d" relativeResultsDirectory="a22af8f4-9cf7-40a1-9886-74468fe4c1ec" />
    <UnitTestResult executionId="e2346b02-5f1a-43ee-8e6a-25890763e976" testId="7f8ca683-3117-37b8-0053-c887197c0653" testName="DesignChecks.sensor.a THROWING catalog port degrades to CatalogUnavailable, never escapes senseDesign (#56/B13)" computerName="0bc8bbef51b6" duration="00:00:00.0080000" startTime="2026-08-02T21:23:52.7840940+02:00" endTime="2026-08-02T21:23:52.7975424+02:00" testType="13cdc9d9-ddb5-4fa4-a97d-d965ccfc6d4b" outcome="Passed" testListId="8c84fa94-04c1-424b-9868-57a2d4851a1d" relativeResultsDirectory="e2346b02-5f1a-43ee-8e6a-25890763e976" />
    <UnitTestResult executionId="bcd79fac-ed7f-46ab-938e-52016ccb9bfb" testId="b13be357-8e11-fd32-24bf-249430bbcfe5" testName="FSharpSurface.evaluate.project sensor reads documented signatures and fail-closes missing compiled source" computerName="0bc8bbef51b6" duration="00:00:00.0150000" startTime="2026-08-02T21:23:52.7847116+02:00" endTime="2026-08-02T21:23:52.8072768+02:00" testType="13cdc9d9-ddb5-4fa4-a97d-d965ccfc6d4b" outcome="Passed" testListId="8c84fa94-04c1-424b-9868-57a2d4851a1d" relativeResultsDirectory="bcd79fac-ed7f-46ab-938e-52016ccb9bfb" />
    <UnitTestResult executionId="2f1517a6-3d9f-42ff-8362-f55022c633ab" testId="120b4ad8-f199-039f-6297-035886abddfa" testName="DesignChecks.sensor.senseDesign resolves referenced entries + every contrast pair against the real catalogs" computerName="0bc8bbef51b6" duration="00:00:00.0150000" startTime="2026-08-02T21:23:52.7840855+02:00" endTime="2026-08-02T21:23:52.8025174+02:00" testType="13cdc9d9-ddb5-4fa4-a97d-d965ccfc6d4b" outcome="Passed" testListId="8c84fa94-04c1-424b-9868-57a2d4851a1d" relativeResultsDirectory="2f1517a6-3d9f-42ff-8362-f55022c633ab" />
    <UnitTestResult executionId="5ebf15a7-53f7-4fca-a060-98da2c8bcfb2" testId="c5739d3a-5f6e-1993-55ed-6e6eae39484e" testName="FSharpSurface.evaluate.Rogue3-shaped executable module without a signature produces an advisory migration finding" computerName="0bc8bbef51b6" duration="00:00:00.0180000" startTime="2026-08-02T21:23:52.7842037+02:00" endTime="2026-08-02T21:23:52.8061226+02:00" testType="13cdc9d9-ddb5-4fa4-a97d-d965ccfc6d4b" outcome="Passed" testListId="8c84fa94-04c1-424b-9868-57a2d4851a1d" relativeResultsDirectory="5ebf15a7-53f7-4fca-a060-98da2c8bcfb2" />
    <UnitTestResult executionId="42dcf2de-d471-4c7d-bbbb-7889e141d032" testId="209b92ae-fb3c-8c36-ac38-5c22aae1fa42" testName="FSharpSurface.evaluate.internal modules, entry points, generated sources, and complete exemptions do not need a signature" computerName="0bc8bbef51b6" duration="00:00:00.0010000" startTime="2026-08-02T21:23:52.7843118+02:00" endTime="2026-08-02T21:23:52.7975064+02:00" testType="13cdc9d9-ddb5-4fa4-a97d-d965ccfc6d4b" outcome="Passed" testListId="8c84fa94-04c1-424b-9868-57a2d4851a1d" relativeResultsDirectory="42dcf2de-d471-4c7d-bbbb-7889e141d032" />
    <UnitTestResult executionId="8d519d05-6577-4165-8826-883a05113c35" testId="d9b6e161-4d89-b399-c04f-55672bc73cb7" testName="DesignChecks.evaluate.catalog unavailable ⇒ IsInputState design.catalog-unavailable naming the catalog" computerName="0bc8bbef51b6" duration="00:00:00.0130000" startTime="2026-08-02T21:23:52.7853518+02:00" endTime="2026-08-02T21:23:52.8059919+02:00" testType="13cdc9d9-ddb5-4fa4-a97d-d965ccfc6d4b" outcome="Passed" testListId="8c84fa94-04c1-424b-9868-57a2d4851a1d" relativeResultsDirectory="8d519d05-6577-4165-8826-883a05113c35" />
  </Results>
  <TestDefinitions>
    <UnitTest name="DesignChecks.evaluate.all resolve + contrast meets ⇒ zero findings" storage="/home/developer/projects/fs.gg.governance/.worktrees/item-366-fsharp-surface-governance/tests/fs.gg.governance.designchecks.tests/bin/debug/net10.0/fs.gg.governance.designchecks.tests.dll" id="6a32c112-aaaf-ab6b-367d-264fe8e3da55">
      <Execution id="9de59d28-47c2-4a1a-af2c-08ab03cca949" />
      <TestMethod codeBase="/home/developer/projects/FS.GG.Governance/.worktrees/item-366-fsharp-surface-governance/tests/FS.GG.Governance.DesignChecks.Tests/bin/Debug/net10.0/FS.GG.Governance.DesignChecks.Tests.dll" adapterTypeName="executor://yolodev/expecto" className="DesignChecks.evaluate" name="all resolve + contrast meets ⇒ zero findings" />
    </UnitTest>
    <UnitTest name="FSharpSurface.evaluate.internal modules, entry points, generated sources, and complete exemptions do not need a signature" storage="/home/developer/projects/fs.gg.governance/.worktrees/item-366-fsharp-surface-governance/tests/fs.gg.governance.designchecks.tests/bin/debug/net10.0/fs.gg.governance.designchecks.tests.dll" id="209b92ae-fb3c-8c36-ac38-5c22aae1fa42">
      <Execution id="42dcf2de-d471-4c7d-bbbb-7889e141d032" />
      <TestMethod codeBase="/home/developer/projects/FS.GG.Governance/.worktrees/item-366-fsharp-surface-governance/tests/FS.GG.Governance.DesignChecks.Tests/bin/Debug/net10.0/FS.GG.Governance.DesignChecks.Tests.dll" adapterTypeName="executor://yolodev/expecto" className="FSharpSurface.evaluate" name="internal modules, entry points, generated sources, and complete exemptions do not need a signature" />
    </UnitTest>
    <UnitTest name="FSharpSurface.evaluate.versioned receipt is deterministic and malformed project input fails closed" storage="/home/developer/projects/fs.gg.governance/.worktrees/item-366-fsharp-surface-governance/tests/fs.gg.governance.designchecks.tests/bin/debug/net10.0/fs.gg.governance.designchecks.tests.dll" id="e037c5f9-a73d-5932-f5be-15dc77be64c9">
      <Execution id="ef33fd49-18ba-4e07-984a-068cef67d790" />
      <TestMethod codeBase="/home/developer/projects/FS.GG.Governance/.worktrees/item-366-fsharp-surface-governance/tests/FS.GG.Governance.DesignChecks.Tests/bin/Debug/net10.0/FS.GG.Governance.DesignChecks.Tests.dll" adapterTypeName="executor://yolodev/expecto" className="FSharpSurface.evaluate" name="versioned receipt is deterministic and malformed project input fails closed" />
    </UnitTest>
    <UnitTest name="DesignChecks.evaluate.catalog unavailable ⇒ IsInputState design.catalog-unavailable naming the catalog" storage="/home/developer/projects/fs.gg.governance/.worktrees/item-366-fsharp-surface-governance/tests/fs.gg.governance.designchecks.tests/bin/debug/net10.0/fs.gg.governance.designchecks.tests.dll" id="d9b6e161-4d89-b399-c04f-55672bc73cb7">
      <Execution id="8d519d05-6577-4165-8826-883a05113c35" />
      <TestMethod codeBase="/home/developer/projects/FS.GG.Governance/.worktrees/item-366-fsharp-surface-governance/tests/FS.GG.Governance.DesignChecks.Tests/bin/Debug/net10.0/FS.GG.Governance.DesignChecks.Tests.dll" adapterTypeName="executor://yolodev/expecto" className="DesignChecks.evaluate.catalog unavailable ⇒ IsInputState design" name="catalog-unavailable naming the catalog" />
    </UnitTest>
    <UnitTest name="DesignChecks.evaluate.sub-threshold contrast ⇒ Blocking design.contrast reporting ratio vs threshold" storage="/home/developer/projects/fs.gg.governance/.worktrees/item-366-fsharp-surface-governance/tests/fs.gg.governance.designchecks.tests/bin/debug/net10.0/fs.gg.governance.designchecks.tests.dll" id="a58f9fa1-bb01-0415-f2af-7403e2a9e1cd">
      <Execution id="da6790bb-a73b-442b-8afc-c1f1e2754fb0" />
      <TestMethod codeBase="/home/developer/projects/FS.GG.Governance/.worktrees/item-366-fsharp-surface-governance/tests/FS.GG.Governance.DesignChecks.Tests/bin/Debug/net10.0/FS.GG.Governance.DesignChecks.Tests.dll" adapterTypeName="executor://yolodev/expecto" className="DesignChecks.evaluate.sub-threshold contrast ⇒ Blocking design" name="contrast reporting ratio vs threshold" />
    </UnitTest>
    <UnitTest name="DesignChecks.renderFence.no Skia/rendering/UI/registry symbol is referenced (SC-004)" storage="/home/developer/projects/fs.gg.governance/.worktrees/item-366-fsharp-surface-governance/tests/fs.gg.governance.designchecks.tests/bin/debug/net10.0/fs.gg.governance.designchecks.tests.dll" id="3a9867b3-328c-7288-54d3-8e866a5a197f">
      <Execution id="a8423051-c32f-41b2-8b39-551902d30956" />
      <TestMethod codeBase="/home/developer/projects/FS.GG.Governance/.worktrees/item-366-fsharp-surface-governance/tests/FS.GG.Governance.DesignChecks.Tests/bin/Debug/net10.0/FS.GG.Governance.DesignChecks.Tests.dll" adapterTypeName="executor://yolodev/expecto" className="DesignChecks.renderFence" name="no Skia/rendering/UI/registry symbol is referenced (SC-004)" />
    </UnitTest>
    <UnitTest name="DesignChecks.determinism.repeated evaluate over identical facts ⇒ byte-identical" storage="/home/developer/projects/fs.gg.governance/.worktrees/item-366-fsharp-surface-governance/tests/fs.gg.governance.designchecks.tests/bin/debug/net10.0/fs.gg.governance.designchecks.tests.dll" id="3eeba9e4-3262-45bb-8e22-26aa66f56506">
      <Execution id="15067efb-18b6-4b52-853a-a6ee1f08a303" />
      <TestMethod codeBase="/home/developer/projects/FS.GG.Governance/.worktrees/item-366-fsharp-surface-governance/tests/FS.GG.Governance.DesignChecks.Tests/bin/Debug/net10.0/FS.GG.Governance.DesignChecks.Tests.dll" adapterTypeName="executor://yolodev/expecto" className="DesignChecks.determinism" name="repeated evaluate over identical facts ⇒ byte-identical" />
    </UnitTest>
    <UnitTest name="DesignChecks.evaluate.absent token/capture/control ⇒ Blocking design.&lt;kind&gt; naming the entry" storage="/home/developer/projects/fs.gg.governance/.worktrees/item-366-fsharp-surface-governance/tests/fs.gg.governance.designchecks.tests/bin/debug/net10.0/fs.gg.governance.designchecks.tests.dll" id="12ea56be-eff6-5d5f-cf24-a28e540de6b3">
      <Execution id="91192905-8b8b-4f4d-baee-c92577b7e315" />
      <TestMethod codeBase="/home/developer/projects/FS.GG.Governance/.worktrees/item-366-fsharp-surface-governance/tests/FS.GG.Governance.DesignChecks.Tests/bin/Debug/net10.0/FS.GG.Governance.DesignChecks.Tests.dll" adapterTypeName="executor://yolodev/expecto" className="DesignChecks.evaluate.absent token/capture/control ⇒ Blocking design" name="&lt;kind&gt; naming the entry" />
    </UnitTest>
    <UnitTest name="DesignChecks.determinism.reordering tokens leaves the sorted findings unchanged" storage="/home/developer/projects/fs.gg.governance/.worktrees/item-366-fsharp-surface-governance/tests/fs.gg.governance.designchecks.tests/bin/debug/net10.0/fs.gg.governance.designchecks.tests.dll" id="33ab955e-710a-bc46-1ede-fa70d8e82269">
      <Execution id="0114ff4a-71d7-4157-bc77-e36d6f116424" />
      <TestMethod codeBase="/home/developer/projects/FS.GG.Governance/.worktrees/item-366-fsharp-surface-governance/tests/FS.GG.Governance.DesignChecks.Tests/bin/Debug/net10.0/FS.GG.Governance.DesignChecks.Tests.dll" adapterTypeName="executor://yolodev/expecto" className="DesignChecks.determinism" name="reordering tokens leaves the sorted findings unchanged" />
    </UnitTest>
    <UnitTest name="DesignChecks.renderFence.references only FS.GG.Governance.*/BCL/FSharp.Core (no rendering/UI/registry/network)" storage="/home/developer/projects/fs.gg.governance/.worktrees/item-366-fsharp-surface-governance/tests/fs.gg.governance.designchecks.tests/bin/debug/net10.0/fs.gg.governance.designchecks.tests.dll" id="112fd1ae-152a-5f49-2063-6d92ff7d569f">
      <Execution id="06c5062b-bb6e-43c6-a866-0c5931fefdcd" />
      <TestMethod codeBase="/home/developer/projects/FS.GG.Governance/.worktrees/item-366-fsharp-surface-governance/tests/FS.GG.Governance.DesignChecks.Tests/bin/Debug/net10.0/FS.GG.Governance.DesignChecks.Tests.dll" adapterTypeName="executor://yolodev/expecto" className="DesignChecks.renderFence.references only FS.GG.Governance.*/BCL/FSharp" name="Core (no rendering/UI/registry/network)" />
    </UnitTest>
    <UnitTest name="FSharpSurface.evaluate.project sensor preserves Compile order and sees a Rogue3-shaped source as public by default" storage="/home/developer/projects/fs.gg.governance/.worktrees/item-366-fsharp-surface-governance/tests/fs.gg.governance.designchecks.tests/bin/debug/net10.0/fs.gg.governance.designchecks.tests.dll" id="0f3cdbfb-cb70-987b-4a91-a282bfb0504e">
      <Execution id="10e4bbd2-b770-43b0-a36e-ed539c11a628" />
      <TestMethod codeBase="/home/developer/projects/FS.GG.Governance/.worktrees/item-366-fsharp-surface-governance/tests/FS.GG.Governance.DesignChecks.Tests/bin/Debug/net10.0/FS.GG.Governance.DesignChecks.Tests.dll" adapterTypeName="executor://yolodev/expecto" className="FSharpSurface.evaluate" name="project sensor preserves Compile order and sees a Rogue3-shaped source as public by default" />
    </UnitTest>
    <UnitTest name="FSharpSurface.evaluate.test-project modules are excluded" storage="/home/developer/projects/fs.gg.governance/.worktrees/item-366-fsharp-surface-governance/tests/fs.gg.governance.designchecks.tests/bin/debug/net10.0/fs.gg.governance.designchecks.tests.dll" id="671d34c9-ddc4-4523-5df7-fc7a63b38e87">
      <Execution id="193e31bc-fd9f-4ec2-8508-486a9ea4ae6f" />
      <TestMethod codeBase="/home/developer/projects/FS.GG.Governance/.worktrees/item-366-fsharp-surface-governance/tests/FS.GG.Governance.DesignChecks.Tests/bin/Debug/net10.0/FS.GG.Governance.DesignChecks.Tests.dll" adapterTypeName="executor://yolodev/expecto" className="FSharpSurface.evaluate" name="test-project modules are excluded" />
    </UnitTest>
    <UnitTest name="DesignChecks.sensor.absent catalog ⇒ recorded in CatalogUnavailable, never a fabricated pass (FR-012)" storage="/home/developer/projects/fs.gg.governance/.worktrees/item-366-fsharp-surface-governance/tests/fs.gg.governance.designchecks.tests/bin/debug/net10.0/fs.gg.governance.designchecks.tests.dll" id="33868b10-85d5-c18f-2f4e-4fef1ead8465">
      <Execution id="a22af8f4-9cf7-40a1-9886-74468fe4c1ec" />
      <TestMethod codeBase="/home/developer/projects/FS.GG.Governance/.worktrees/item-366-fsharp-surface-governance/tests/FS.GG.Governance.DesignChecks.Tests/bin/Debug/net10.0/FS.GG.Governance.DesignChecks.Tests.dll" adapterTypeName="executor://yolodev/expecto" className="DesignChecks.sensor" name="absent catalog ⇒ recorded in CatalogUnavailable, never a fabricated pass (FR-012)" />
    </UnitTest>
    <UnitTest name="DesignChecks.sensor.a THROWING catalog port degrades to CatalogUnavailable, never escapes senseDesign (#56/B13)" storage="/home/developer/projects/fs.gg.governance/.worktrees/item-366-fsharp-surface-governance/tests/fs.gg.governance.designchecks.tests/bin/debug/net10.0/fs.gg.governance.designchecks.tests.dll" id="7f8ca683-3117-37b8-0053-c887197c0653">
      <Execution id="e2346b02-5f1a-43ee-8e6a-25890763e976" />
      <TestMethod codeBase="/home/developer/projects/FS.GG.Governance/.worktrees/item-366-fsharp-surface-governance/tests/FS.GG.Governance.DesignChecks.Tests/bin/Debug/net10.0/FS.GG.Governance.DesignChecks.Tests.dll" adapterTypeName="executor://yolodev/expecto" className="DesignChecks.sensor" name="a THROWING catalog port degrades to CatalogUnavailable, never escapes senseDesign (#56/B13)" />
    </UnitTest>
    <UnitTest name="FSharpSurface.evaluate.Rogue3-shaped executable module without a signature produces an advisory migration finding" storage="/home/developer/projects/fs.gg.governance/.worktrees/item-366-fsharp-surface-governance/tests/fs.gg.governance.designchecks.tests/bin/debug/net10.0/fs.gg.governance.designchecks.tests.dll" id="c5739d3a-5f6e-1993-55ed-6e6eae39484e">
      <Execution id="5ebf15a7-53f7-4fca-a060-98da2c8bcfb2" />
      <TestMethod codeBase="/home/developer/projects/FS.GG.Governance/.worktrees/item-366-fsharp-surface-governance/tests/FS.GG.Governance.DesignChecks.Tests/bin/Debug/net10.0/FS.GG.Governance.DesignChecks.Tests.dll" adapterTypeName="executor://yolodev/expecto" className="FSharpSurface.evaluate" name="Rogue3-shaped executable module without a signature produces an advisory migration finding" />
    </UnitTest>
    <UnitTest name="DesignChecks.sensor.senseDesign resolves referenced entries + every contrast pair against the real catalogs" storage="/home/developer/projects/fs.gg.governance/.worktrees/item-366-fsharp-surface-governance/tests/fs.gg.governance.designchecks.tests/bin/debug/net10.0/fs.gg.governance.designchecks.tests.dll" id="120b4ad8-f199-039f-6297-035886abddfa">
      <Execution id="2f1517a6-3d9f-42ff-8362-f55022c633ab" />
      <TestMethod codeBase="/home/developer/projects/FS.GG.Governance/.worktrees/item-366-fsharp-surface-governance/tests/FS.GG.Governance.DesignChecks.Tests/bin/Debug/net10.0/FS.GG.Governance.DesignChecks.Tests.dll" adapterTypeName="executor://yolodev/expecto" className="DesignChecks.sensor" name="senseDesign resolves referenced entries + every contrast pair against the real catalogs" />
    </UnitTest>
    <UnitTest name="FSharpSurface.evaluate.project sensor detects an adjacent signature declaration absent from implementation" storage="/home/developer/projects/fs.gg.governance/.worktrees/item-366-fsharp-surface-governance/tests/fs.gg.governance.designchecks.tests/bin/debug/net10.0/fs.gg.governance.designchecks.tests.dll" id="fcf65e77-498c-3726-4f0e-45a5f5e5bb3d">
      <Execution id="0de90ba3-48ca-4fa6-a3ef-7c8f6ed01d1b" />
      <TestMethod codeBase="/home/developer/projects/FS.GG.Governance/.worktrees/item-366-fsharp-surface-governance/tests/FS.GG.Governance.DesignChecks.Tests/bin/Debug/net10.0/FS.GG.Governance.DesignChecks.Tests.dll" adapterTypeName="executor://yolodev/expecto" className="FSharpSurface.evaluate" name="project sensor detects an adjacent signature declaration absent from implementation" />
    </UnitTest>
    <UnitTest name="FSharpSurface.evaluate.paired signatures report order, docs, source mismatch, and applicable baseline independently" storage="/home/developer/projects/fs.gg.governance/.worktrees/item-366-fsharp-surface-governance/tests/fs.gg.governance.designchecks.tests/bin/debug/net10.0/fs.gg.governance.designchecks.tests.dll" id="f60aba49-fee8-b749-3219-1495dccc73bb">
      <Execution id="6b100456-17c5-4143-8a02-106585ca343c" />
      <TestMethod codeBase="/home/developer/projects/FS.GG.Governance/.worktrees/item-366-fsharp-surface-governance/tests/FS.GG.Governance.DesignChecks.Tests/bin/Debug/net10.0/FS.GG.Governance.DesignChecks.Tests.dll" adapterTypeName="executor://yolodev/expecto" className="FSharpSurface.evaluate" name="paired signatures report order, docs, source mismatch, and applicable baseline independently" />
    </UnitTest>
    <UnitTest name="SurfaceDrift.DesignChecks public surface equals the committed baseline" storage="/home/developer/projects/fs.gg.governance/.worktrees/item-366-fsharp-surface-governance/tests/fs.gg.governance.designchecks.tests/bin/debug/net10.0/fs.gg.governance.designchecks.tests.dll" id="abe00f63-8372-055c-4c16-be5eba82657b">
      <Execution id="39d475b1-d54f-47eb-a80d-ed78b53591e1" />
      <TestMethod codeBase="/home/developer/projects/FS.GG.Governance/.worktrees/item-366-fsharp-surface-governance/tests/FS.GG.Governance.DesignChecks.Tests/bin/Debug/net10.0/FS.GG.Governance.DesignChecks.Tests.dll" adapterTypeName="executor://yolodev/expecto" className="SurfaceDrift" name="DesignChecks public surface equals the committed baseline" />
    </UnitTest>
    <UnitTest name="FSharpSurface.evaluate.project sensor reads documented signatures and fail-closes missing compiled source" storage="/home/developer/projects/fs.gg.governance/.worktrees/item-366-fsharp-surface-governance/tests/fs.gg.governance.designchecks.tests/bin/debug/net10.0/fs.gg.governance.designchecks.tests.dll" id="b13be357-8e11-fd32-24bf-249430bbcfe5">
      <Execution id="bcd79fac-ed7f-46ab-938e-52016ccb9bfb" />
      <TestMethod codeBase="/home/developer/projects/FS.GG.Governance/.worktrees/item-366-fsharp-surface-governance/tests/FS.GG.Governance.DesignChecks.Tests/bin/Debug/net10.0/FS.GG.Governance.DesignChecks.Tests.dll" adapterTypeName="executor://yolodev/expecto" className="FSharpSurface.evaluate" name="project sensor reads documented signatures and fail-closes missing compiled source" />
    </UnitTest>
  </TestDefinitions>
  <TestEntries>
    <TestEntry testId="3eeba9e4-3262-45bb-8e22-26aa66f56506" executionId="15067efb-18b6-4b52-853a-a6ee1f08a303" testListId="8c84fa94-04c1-424b-9868-57a2d4851a1d" />
    <TestEntry testId="e037c5f9-a73d-5932-f5be-15dc77be64c9" executionId="ef33fd49-18ba-4e07-984a-068cef67d790" testListId="8c84fa94-04c1-424b-9868-57a2d4851a1d" />
    <TestEntry testId="671d34c9-ddc4-4523-5df7-fc7a63b38e87" executionId="193e31bc-fd9f-4ec2-8508-486a9ea4ae6f" testListId="8c84fa94-04c1-424b-9868-57a2d4851a1d" />
    <TestEntry testId="0f3cdbfb-cb70-987b-4a91-a282bfb0504e" executionId="10e4bbd2-b770-43b0-a36e-ed539c11a628" testListId="8c84fa94-04c1-424b-9868-57a2d4851a1d" />
    <TestEntry testId="112fd1ae-152a-5f49-2063-6d92ff7d569f" executionId="06c5062b-bb6e-43c6-a866-0c5931fefdcd" testListId="8c84fa94-04c1-424b-9868-57a2d4851a1d" />
    <TestEntry testId="a58f9fa1-bb01-0415-f2af-7403e2a9e1cd" executionId="da6790bb-a73b-442b-8afc-c1f1e2754fb0" testListId="8c84fa94-04c1-424b-9868-57a2d4851a1d" />
    <TestEntry testId="3a9867b3-328c-7288-54d3-8e866a5a197f" executionId="a8423051-c32f-41b2-8b39-551902d30956" testListId="8c84fa94-04c1-424b-9868-57a2d4851a1d" />
    <TestEntry testId="6a32c112-aaaf-ab6b-367d-264fe8e3da55" executionId="9de59d28-47c2-4a1a-af2c-08ab03cca949" testListId="8c84fa94-04c1-424b-9868-57a2d4851a1d" />
    <TestEntry testId="fcf65e77-498c-3726-4f0e-45a5f5e5bb3d" executionId="0de90ba3-48ca-4fa6-a3ef-7c8f6ed01d1b" testListId="8c84fa94-04c1-424b-9868-57a2d4851a1d" />
    <TestEntry testId="33ab955e-710a-bc46-1ede-fa70d8e82269" executionId="0114ff4a-71d7-4157-bc77-e36d6f116424" testListId="8c84fa94-04c1-424b-9868-57a2d4851a1d" />
    <TestEntry testId="12ea56be-eff6-5d5f-cf24-a28e540de6b3" executionId="91192905-8b8b-4f4d-baee-c92577b7e315" testListId="8c84fa94-04c1-424b-9868-57a2d4851a1d" />
    <TestEntry testId="f60aba49-fee8-b749-3219-1495dccc73bb" executionId="6b100456-17c5-4143-8a02-106585ca343c" testListId="8c84fa94-04c1-424b-9868-57a2d4851a1d" />
    <TestEntry testId="abe00f63-8372-055c-4c16-be5eba82657b" executionId="39d475b1-d54f-47eb-a80d-ed78b53591e1" testListId="8c84fa94-04c1-424b-9868-57a2d4851a1d" />
    <TestEntry testId="33868b10-85d5-c18f-2f4e-4fef1ead8465" executionId="a22af8f4-9cf7-40a1-9886-74468fe4c1ec" testListId="8c84fa94-04c1-424b-9868-57a2d4851a1d" />
    <TestEntry testId="7f8ca683-3117-37b8-0053-c887197c0653" executionId="e2346b02-5f1a-43ee-8e6a-25890763e976" testListId="8c84fa94-04c1-424b-9868-57a2d4851a1d" />
    <TestEntry testId="b13be357-8e11-fd32-24bf-249430bbcfe5" executionId="bcd79fac-ed7f-46ab-938e-52016ccb9bfb" testListId="8c84fa94-04c1-424b-9868-57a2d4851a1d" />
    <TestEntry testId="120b4ad8-f199-039f-6297-035886abddfa" executionId="2f1517a6-3d9f-42ff-8362-f55022c633ab" testListId="8c84fa94-04c1-424b-9868-57a2d4851a1d" />
    <TestEntry testId="c5739d3a-5f6e-1993-55ed-6e6eae39484e" executionId="5ebf15a7-53f7-4fca-a060-98da2c8bcfb2" testListId="8c84fa94-04c1-424b-9868-57a2d4851a1d" />
    <TestEntry testId="209b92ae-fb3c-8c36-ac38-5c22aae1fa42" executionId="42dcf2de-d471-4c7d-bbbb-7889e141d032" testListId="8c84fa94-04c1-424b-9868-57a2d4851a1d" />
    <TestEntry testId="d9b6e161-4d89-b399-c04f-55672bc73cb7" executionId="8d519d05-6577-4165-8826-883a05113c35" testListId="8c84fa94-04c1-424b-9868-57a2d4851a1d" />
  </TestEntries>
  <TestLists>
    <TestList name="Results Not in a List" id="8c84fa94-04c1-424b-9868-57a2d4851a1d" />
    <TestList name="All Loaded Results" id="19431567-8539-422a-85d7-44ee4e166bda" />
  </TestLists>
  <ResultSummary outcome="Completed">
    <Counters total="20" executed="20" passed="20" failed="0" error="0" timeout="0" aborted="0" inconclusive="0" passedButRunAborted="0" notRunnable="0" notExecuted="0" disconnected="0" warning="0" completed="0" inProgress="0" pending="0" />
  </ResultSummary>
</TestRun>