<?xml version="1.0" encoding="utf-8"?>
<TestRun id="81771796-b99e-4d8a-ac55-29612b5a8453" name="@0bc8bbef51b6 2026-08-03 03:30:28" xmlns="http://microsoft.com/schemas/VisualStudio/TeamTest/2010">
  <Times creation="2026-08-03T03:30:28.0103359+02:00" queuing="2026-08-03T03:30:28.0103359+02:00" start="2026-08-03T03:30:27.7026250+02:00" finish="2026-08-03T03:30:38.9020841+02:00" />
  <TestSettings name="default" id="26681e0f-499c-4da8-806a-1f24cc6f3db1">
    <Deployment runDeploymentRoot="_0bc8bbef51b6_2026-08-03_03_30_28" />
  </TestSettings>
  <Results>
    <UnitTestResult executionId="c0eaf5ee-e53e-47a6-ab88-e5c7473a94e6" testId="f60aba49-fee8-b749-3219-1495dccc73bb" testName="FSharpSurface.evaluate.paired signatures report order, docs, source mismatch, and applicable baseline independently" computerName="0bc8bbef51b6" duration="00:00:00.0020000" startTime="2026-08-03T03:30:27.9782824+02:00" endTime="2026-08-03T03:30:27.9943752+02:00" testType="13cdc9d9-ddb5-4fa4-a97d-d965ccfc6d4b" outcome="Passed" testListId="8c84fa94-04c1-424b-9868-57a2d4851a1d" relativeResultsDirectory="c0eaf5ee-e53e-47a6-ab88-e5c7473a94e6" />
    <UnitTestResult executionId="cb5b90e8-c575-4f4c-92b8-5c6d9cb5dfb2" testId="12ea56be-eff6-5d5f-cf24-a28e540de6b3" testName="DesignChecks.evaluate.absent token/capture/control ⇒ Blocking design.&lt;kind&gt; naming the entry" computerName="0bc8bbef51b6" duration="00:00:00.0080000" startTime="2026-08-03T03:30:28.0077004+02:00" endTime="2026-08-03T03:30:28.0169348+02:00" testType="13cdc9d9-ddb5-4fa4-a97d-d965ccfc6d4b" outcome="Passed" testListId="8c84fa94-04c1-424b-9868-57a2d4851a1d" relativeResultsDirectory="cb5b90e8-c575-4f4c-92b8-5c6d9cb5dfb2" />
    <UnitTestResult executionId="0a6ed70b-99e5-4ae7-a515-3a1dc3ffb754" testId="51aa1be0-9347-3243-ee7b-1341de810ffa" testName="FSharpSurface.evaluate.malformed policy is input-state evidence, never a clean receipt" computerName="0bc8bbef51b6" duration="00:00:00.0040000" startTime="2026-08-03T03:30:27.9974614+02:00" endTime="2026-08-03T03:30:28.0017429+02:00" testType="13cdc9d9-ddb5-4fa4-a97d-d965ccfc6d4b" outcome="Passed" testListId="8c84fa94-04c1-424b-9868-57a2d4851a1d" relativeResultsDirectory="0a6ed70b-99e5-4ae7-a515-3a1dc3ffb754" />
    <UnitTestResult executionId="d919ec43-e8b4-44e1-8371-992585b6110f" testId="671d34c9-ddc4-4523-5df7-fc7a63b38e87" testName="FSharpSurface.evaluate.test-project modules are excluded" computerName="0bc8bbef51b6" duration="00:00:00.0010000" startTime="2026-08-03T03:30:27.9783798+02:00" endTime="2026-08-03T03:30:27.9943765+02:00" testType="13cdc9d9-ddb5-4fa4-a97d-d965ccfc6d4b" outcome="Passed" testListId="8c84fa94-04c1-424b-9868-57a2d4851a1d" relativeResultsDirectory="d919ec43-e8b4-44e1-8371-992585b6110f" />
    <UnitTestResult executionId="29458a98-391c-4cc7-8b7e-65b6b4af2d6e" testId="b13be357-8e11-fd32-24bf-249430bbcfe5" testName="FSharpSurface.evaluate.project sensor reads documented signatures and fail-closes missing compiled source" computerName="0bc8bbef51b6" duration="00:00:01.8870000" startTime="2026-08-03T03:30:27.9786196+02:00" endTime="2026-08-03T03:30:29.8729715+02:00" testType="13cdc9d9-ddb5-4fa4-a97d-d965ccfc6d4b" outcome="Passed" testListId="8c84fa94-04c1-424b-9868-57a2d4851a1d" relativeResultsDirectory="29458a98-391c-4cc7-8b7e-65b6b4af2d6e" />
    <UnitTestResult executionId="d5f8000c-b8d1-42f8-a7a8-9347b7e5fe60" testId="209b92ae-fb3c-8c36-ac38-5c22aae1fa42" testName="FSharpSurface.evaluate.internal modules, entry points, generated sources, and complete exemptions do not need a signature" computerName="0bc8bbef51b6" duration="00:00:00.0010000" startTime="2026-08-03T03:30:27.9781752+02:00" endTime="2026-08-03T03:30:27.9907389+02:00" testType="13cdc9d9-ddb5-4fa4-a97d-d965ccfc6d4b" outcome="Passed" testListId="8c84fa94-04c1-424b-9868-57a2d4851a1d" relativeResultsDirectory="d5f8000c-b8d1-42f8-a7a8-9347b7e5fe60" />
    <UnitTestResult executionId="bbf577c1-eb82-4ba2-a60d-62e02bffba7f" testId="33ab955e-710a-bc46-1ede-fa70d8e82269" testName="DesignChecks.determinism.reordering tokens leaves the sorted findings unchanged" computerName="0bc8bbef51b6" duration="00:00:00.0080000" startTime="2026-08-03T03:30:27.9779501+02:00" endTime="2026-08-03T03:30:27.9907539+02:00" testType="13cdc9d9-ddb5-4fa4-a97d-d965ccfc6d4b" outcome="Passed" testListId="8c84fa94-04c1-424b-9868-57a2d4851a1d" relativeResultsDirectory="bbf577c1-eb82-4ba2-a60d-62e02bffba7f" />
    <UnitTestResult executionId="fcf85b30-e673-4d3b-b103-6e198fc03691" testId="3eeba9e4-3262-45bb-8e22-26aa66f56506" testName="DesignChecks.determinism.repeated evaluate over identical facts ⇒ byte-identical" computerName="0bc8bbef51b6" duration="00:00:00.0080000" startTime="2026-08-03T03:30:27.9778172+02:00" endTime="2026-08-03T03:30:27.9907425+02:00" testType="13cdc9d9-ddb5-4fa4-a97d-d965ccfc6d4b" outcome="Passed" testListId="8c84fa94-04c1-424b-9868-57a2d4851a1d" relativeResultsDirectory="fcf85b30-e673-4d3b-b103-6e198fc03691" />
    <UnitTestResult executionId="7741e814-a640-447f-ab07-c3ef631b396f" testId="8882c7a1-1ac2-66e0-a4db-df0c8b10f412" testName="FSharpSurface.evaluate.compiler rejects an adjacent same-name declaration with an incompatible type" computerName="0bc8bbef51b6" duration="00:00:01.8080000" startTime="2026-08-03T03:30:27.9788092+02:00" endTime="2026-08-03T03:30:29.7940840+02:00" testType="13cdc9d9-ddb5-4fa4-a97d-d965ccfc6d4b" outcome="Passed" testListId="8c84fa94-04c1-424b-9868-57a2d4851a1d" relativeResultsDirectory="7741e814-a640-447f-ab07-c3ef631b396f" />
    <UnitTestResult executionId="2630205f-5101-4076-98f8-44cd521b604e" testId="bc488ea9-0412-16ba-b982-67cc452944de" testName="FSharpSurface.evaluate.expired live exemption fails closed" computerName="0bc8bbef51b6" duration="00:00:00.0150000" startTime="2026-08-03T03:30:27.9792263+02:00" endTime="2026-08-03T03:30:28.0013013+02:00" testType="13cdc9d9-ddb5-4fa4-a97d-d965ccfc6d4b" outcome="Passed" testListId="8c84fa94-04c1-424b-9868-57a2d4851a1d" relativeResultsDirectory="2630205f-5101-4076-98f8-44cd521b604e" />
    <UnitTestResult executionId="819be32e-e8a3-4277-84a3-56f45cea6898" testId="b0f95b99-7241-cf99-e63b-0d3f5f50436e" testName="FSharpSurface.evaluate.root signature does not satisfy a src-only declared glob" computerName="0bc8bbef51b6" duration="00:00:01.8020000" startTime="2026-08-03T03:30:27.9872994+02:00" endTime="2026-08-03T03:30:29.7899471+02:00" testType="13cdc9d9-ddb5-4fa4-a97d-d965ccfc6d4b" outcome="Passed" testListId="8c84fa94-04c1-424b-9868-57a2d4851a1d" relativeResultsDirectory="819be32e-e8a3-4277-84a3-56f45cea6898" />
    <UnitTestResult executionId="b92214a2-62d5-4fd7-aab8-f9d255a7ebb6" testId="5ed5ec60-f693-d1c6-51f8-f576c483bb65" testName="FSharpSurface.evaluate.configured block-on-ship policy is projected by the v1 receipt rather than a hardcoded advisory token" computerName="0bc8bbef51b6" duration="00:00:00.0040000" startTime="2026-08-03T03:30:27.9974572+02:00" endTime="2026-08-03T03:30:28.0024681+02:00" testType="13cdc9d9-ddb5-4fa4-a97d-d965ccfc6d4b" outcome="Passed" testListId="8c84fa94-04c1-424b-9868-57a2d4851a1d" relativeResultsDirectory="b92214a2-62d5-4fd7-aab8-f9d255a7ebb6" />
    <UnitTestResult executionId="f2e34598-68f2-4996-a577-71569748b37e" testId="33868b10-85d5-c18f-2f4e-4fef1ead8465" testName="DesignChecks.sensor.absent catalog ⇒ recorded in CatalogUnavailable, never a fabricated pass (FR-012)" computerName="0bc8bbef51b6" duration="00:00:00.0120000" startTime="2026-08-03T03:30:27.9777083+02:00" endTime="2026-08-03T03:30:27.9927493+02:00" testType="13cdc9d9-ddb5-4fa4-a97d-d965ccfc6d4b" outcome="Passed" testListId="8c84fa94-04c1-424b-9868-57a2d4851a1d" relativeResultsDirectory="f2e34598-68f2-4996-a577-71569748b37e" />
    <UnitTestResult executionId="d43cfe1c-bd7f-49b5-aa09-ed62454d439c" testId="120b4ad8-f199-039f-6297-035886abddfa" testName="DesignChecks.sensor.senseDesign resolves referenced entries + every contrast pair against the real catalogs" computerName="0bc8bbef51b6" duration="00:00:00.0130000" startTime="2026-08-03T03:30:27.9777035+02:00" endTime="2026-08-03T03:30:27.9946215+02:00" testType="13cdc9d9-ddb5-4fa4-a97d-d965ccfc6d4b" outcome="Passed" testListId="8c84fa94-04c1-424b-9868-57a2d4851a1d" relativeResultsDirectory="d43cfe1c-bd7f-49b5-aa09-ed62454d439c" />
    <UnitTestResult executionId="e324b77b-5c5d-433a-8081-3d45e13d441d" testId="cb3a2a53-e4b6-32ad-5f95-801b8ccdc1bc" testName="EvidenceBoundary.dispatch only and degraded only cannot satisfy observed outcome" computerName="0bc8bbef51b6" duration="00:00:00.0010000" startTime="2026-08-03T03:30:28.0075870+02:00" endTime="2026-08-03T03:30:28.0091074+02:00" testType="13cdc9d9-ddb5-4fa4-a97d-d965ccfc6d4b" outcome="Passed" testListId="8c84fa94-04c1-424b-9868-57a2d4851a1d" relativeResultsDirectory="e324b77b-5c5d-433a-8081-3d45e13d441d" />
    <UnitTestResult executionId="84963657-c4ea-4e55-a5b2-f78f2a6e4ff0" testId="3a9867b3-328c-7288-54d3-8e866a5a197f" testName="DesignChecks.renderFence.no Skia/rendering/UI/registry symbol is referenced (SC-004)" computerName="0bc8bbef51b6" duration="00:00:00.0030000" startTime="2026-08-03T03:30:27.9776978+02:00" endTime="2026-08-03T03:30:27.9907304+02:00" testType="13cdc9d9-ddb5-4fa4-a97d-d965ccfc6d4b" outcome="Passed" testListId="8c84fa94-04c1-424b-9868-57a2d4851a1d" relativeResultsDirectory="84963657-c4ea-4e55-a5b2-f78f2a6e4ff0" />
    <UnitTestResult executionId="f042f7af-a152-4235-812c-c2c2b952c349" testId="d9b6e161-4d89-b399-c04f-55672bc73cb7" testName="DesignChecks.evaluate.catalog unavailable ⇒ IsInputState design.catalog-unavailable naming the catalog" computerName="0bc8bbef51b6" startTime="2026-08-03T03:30:28.0077195+02:00" endTime="2026-08-03T03:30:28.0086767+02:00" testType="13cdc9d9-ddb5-4fa4-a97d-d965ccfc6d4b" outcome="Passed" testListId="8c84fa94-04c1-424b-9868-57a2d4851a1d" relativeResultsDirectory="f042f7af-a152-4235-812c-c2c2b952c349" />
    <UnitTestResult executionId="693ea5fb-d790-4e29-bfdf-4e59b7f99b6c" testId="3f329a81-9ae9-bcc6-6716-ed3c5e7f7478" testName="EvidenceBoundary.unknown partial stale and failed-command controls fail closed" computerName="0bc8bbef51b6" duration="00:00:00.0060000" startTime="2026-08-03T03:30:28.0076157+02:00" endTime="2026-08-03T03:30:28.0145239+02:00" testType="13cdc9d9-ddb5-4fa4-a97d-d965ccfc6d4b" outcome="Passed" testListId="8c84fa94-04c1-424b-9868-57a2d4851a1d" relativeResultsDirectory="693ea5fb-d790-4e29-bfdf-4e59b7f99b6c" />
    <UnitTestResult executionId="588eab2c-db77-4659-b422-a2d8557eacc9" testId="1dd8e1bd-c2e7-9302-025b-202e0223d822" testName="EvidenceBoundary.explicit malformed nonzero result is a valid safe-failure receipt" computerName="0bc8bbef51b6" startTime="2026-08-03T03:30:28.0075958+02:00" endTime="2026-08-03T03:30:28.0083165+02:00" testType="13cdc9d9-ddb5-4fa4-a97d-d965ccfc6d4b" outcome="Passed" testListId="8c84fa94-04c1-424b-9868-57a2d4851a1d" relativeResultsDirectory="588eab2c-db77-4659-b422-a2d8557eacc9" />
    <UnitTestResult executionId="8ce73931-01e7-448c-abf4-ea22f7eeadb7" testId="0f3cdbfb-cb70-987b-4a91-a282bfb0504e" testName="FSharpSurface.evaluate.project sensor preserves Compile order and sees a Rogue3-shaped source as public by default" computerName="0bc8bbef51b6" duration="00:00:00.0160000" startTime="2026-08-03T03:30:27.9784907+02:00" endTime="2026-08-03T03:30:28.0022765+02:00" testType="13cdc9d9-ddb5-4fa4-a97d-d965ccfc6d4b" outcome="Passed" testListId="8c84fa94-04c1-424b-9868-57a2d4851a1d" relativeResultsDirectory="8ce73931-01e7-448c-abf4-ea22f7eeadb7" />
    <UnitTestResult executionId="7bef0566-3f52-4878-a8d1-2d59f32cf35d" testId="fcf65e77-498c-3726-4f0e-45a5f5e5bb3d" testName="FSharpSurface.evaluate.project sensor detects an adjacent signature declaration absent from implementation" computerName="0bc8bbef51b6" duration="00:00:01.8140000" startTime="2026-08-03T03:30:27.9787191+02:00" endTime="2026-08-03T03:30:29.8000463+02:00" testType="13cdc9d9-ddb5-4fa4-a97d-d965ccfc6d4b" outcome="Passed" testListId="8c84fa94-04c1-424b-9868-57a2d4851a1d" relativeResultsDirectory="7bef0566-3f52-4878-a8d1-2d59f32cf35d" />
    <UnitTestResult executionId="4a80504c-a165-431d-82e5-90590a4293b7" testId="20128939-0d4b-97b1-b6ed-636252fd5c89" testName="EvidenceBoundary.render execution and semantic receipt mutations red" computerName="0bc8bbef51b6" startTime="2026-08-03T03:30:28.0076544+02:00" endTime="2026-08-03T03:30:28.0084838+02:00" testType="13cdc9d9-ddb5-4fa4-a97d-d965ccfc6d4b" outcome="Passed" testListId="8c84fa94-04c1-424b-9868-57a2d4851a1d" relativeResultsDirectory="4a80504c-a165-431d-82e5-90590a4293b7" />
    <UnitTestResult executionId="efffeeed-25a7-4e7d-bc80-9ffe47297289" testId="c52eb8c0-d6d2-66d1-2420-8d01f639b800" testName="FSharpSurface.evaluate.Rogue3-shaped many implementations and zero signatures reports applicable zero matches" computerName="0bc8bbef51b6" duration="00:00:00.0040000" startTime="2026-08-03T03:30:27.9974501+02:00" endTime="2026-08-03T03:30:28.0025706+02:00" testType="13cdc9d9-ddb5-4fa4-a97d-d965ccfc6d4b" outcome="Passed" testListId="8c84fa94-04c1-424b-9868-57a2d4851a1d" relativeResultsDirectory="efffeeed-25a7-4e7d-bc80-9ffe47297289" />
    <UnitTestResult executionId="c9592365-8cdf-4787-8277-7351df262baf" testId="112fd1ae-152a-5f49-2063-6d92ff7d569f" testName="DesignChecks.renderFence.references only FS.GG.Governance.*/BCL/FSharp.Core (no rendering/UI/registry/network)" computerName="0bc8bbef51b6" duration="00:00:00.0090000" startTime="2026-08-03T03:30:27.9776960+02:00" endTime="2026-08-03T03:30:27.9907566+02:00" testType="13cdc9d9-ddb5-4fa4-a97d-d965ccfc6d4b" outcome="Passed" testListId="8c84fa94-04c1-424b-9868-57a2d4851a1d" relativeResultsDirectory="c9592365-8cdf-4787-8277-7351df262baf" />
    <UnitTestResult executionId="5db28199-8f1e-4f4a-8af0-4510d7a89a27" testId="4df2fa2e-95ec-9b7c-7c19-f29507fd7b0a" testName="EvidenceBoundary.real process render fixture records a stable semantic receipt" computerName="0bc8bbef51b6" duration="00:00:00.1080000" startTime="2026-08-03T03:30:28.0076711+02:00" endTime="2026-08-03T03:30:28.1168492+02:00" testType="13cdc9d9-ddb5-4fa4-a97d-d965ccfc6d4b" outcome="Passed" testListId="8c84fa94-04c1-424b-9868-57a2d4851a1d" relativeResultsDirectory="5db28199-8f1e-4f4a-8af0-4510d7a89a27" />
    <UnitTestResult executionId="719e115f-15a7-41e7-aa2d-81cbe91b2821" testId="c5739d3a-5f6e-1993-55ed-6e6eae39484e" testName="FSharpSurface.evaluate.Rogue3-shaped executable module without a signature produces an advisory migration finding" computerName="0bc8bbef51b6" duration="00:00:00.0170000" startTime="2026-08-03T03:30:27.9780667+02:00" endTime="2026-08-03T03:30:27.9982387+02:00" testType="13cdc9d9-ddb5-4fa4-a97d-d965ccfc6d4b" outcome="Passed" testListId="8c84fa94-04c1-424b-9868-57a2d4851a1d" relativeResultsDirectory="719e115f-15a7-41e7-aa2d-81cbe91b2821" />
    <UnitTestResult executionId="bb80e4d4-8c98-4a40-bb94-38be99961901" testId="a59dddca-da55-c5b4-b7c1-5711e8189e82" testName="EvidenceBoundary.synthetic records are disclosed support but cannot satisfy real obligations" computerName="0bc8bbef51b6" duration="00:00:00.0030000" startTime="2026-08-03T03:30:27.9976286+02:00" endTime="2026-08-03T03:30:28.0007266+02:00" testType="13cdc9d9-ddb5-4fa4-a97d-d965ccfc6d4b" outcome="Passed" testListId="8c84fa94-04c1-424b-9868-57a2d4851a1d" relativeResultsDirectory="bb80e4d4-8c98-4a40-bb94-38be99961901" />
    <UnitTestResult executionId="cf72c5f0-7838-4e0a-addc-e1cfd12a8ffe" testId="1ba3de8a-c424-7651-20b7-4d3500c4c91b" testName="EvidenceBoundary.findings identify the fact and one bounded correction" computerName="0bc8bbef51b6" duration="00:00:00.0010000" startTime="2026-08-03T03:30:28.0076424+02:00" endTime="2026-08-03T03:30:28.0091161+02:00" testType="13cdc9d9-ddb5-4fa4-a97d-d965ccfc6d4b" outcome="Passed" testListId="8c84fa94-04c1-424b-9868-57a2d4851a1d" relativeResultsDirectory="cf72c5f0-7838-4e0a-addc-e1cfd12a8ffe" />
    <UnitTestResult executionId="a9dc9883-78d3-402d-9be9-bb2b4e198470" testId="719d28cd-2c07-0065-46a9-1c55b0f887ac" testName="FSharpSurface.evaluate.configured glob selects repo-relative compiled signatures for zero one and many cardinality" computerName="0bc8bbef51b6" duration="00:00:03.1280000" startTime="2026-08-03T03:30:27.9856519+02:00" endTime="2026-08-03T03:30:31.1139440+02:00" testType="13cdc9d9-ddb5-4fa4-a97d-d965ccfc6d4b" outcome="Passed" testListId="8c84fa94-04c1-424b-9868-57a2d4851a1d" relativeResultsDirectory="a9dc9883-78d3-402d-9be9-bb2b4e198470" />
    <UnitTestResult executionId="a3caf655-463a-4d53-804c-27fdf091155b" testId="f91d09bf-09a6-ef17-e759-9eb95c39e5a5" testName="FSharpSurface.evaluate.receipt distinguishes zero and many matched modules deterministically" computerName="0bc8bbef51b6" duration="00:00:01.9200000" startTime="2026-08-03T03:30:27.9793392+02:00" endTime="2026-08-03T03:30:29.9071572+02:00" testType="13cdc9d9-ddb5-4fa4-a97d-d965ccfc6d4b" outcome="Passed" testListId="8c84fa94-04c1-424b-9868-57a2d4851a1d" relativeResultsDirectory="a3caf655-463a-4d53-804c-27fdf091155b" />
    <UnitTestResult executionId="e32c4fd4-55b1-48a8-b824-8223066c565e" testId="273d355b-8999-b5ff-8814-c54196a80d37" testName="FSharpSurfaceCommand.production command persists deterministic configured-policy receipts across zero, populated, non-applicable, internal, and malformed fixtures" computerName="0bc8bbef51b6" duration="00:00:07.7390000" startTime="2026-08-03T03:30:31.1280296+02:00" endTime="2026-08-03T03:30:38.8672829+02:00" testType="13cdc9d9-ddb5-4fa4-a97d-d965ccfc6d4b" outcome="Passed" testListId="8c84fa94-04c1-424b-9868-57a2d4851a1d" relativeResultsDirectory="e32c4fd4-55b1-48a8-b824-8223066c565e" />
    <UnitTestResult executionId="ea432ff7-093e-4d9a-a411-2d030cb0e109" testId="6a32c112-aaaf-ab6b-367d-264fe8e3da55" testName="DesignChecks.evaluate.all resolve + contrast meets ⇒ zero findings" computerName="0bc8bbef51b6" startTime="2026-08-03T03:30:28.0076916+02:00" endTime="2026-08-03T03:30:28.0085379+02:00" testType="13cdc9d9-ddb5-4fa4-a97d-d965ccfc6d4b" outcome="Passed" testListId="8c84fa94-04c1-424b-9868-57a2d4851a1d" relativeResultsDirectory="ea432ff7-093e-4d9a-a411-2d030cb0e109" />
    <UnitTestResult executionId="c0973635-61a6-4cdb-b14d-0b247c3c3f09" testId="e037c5f9-a73d-5932-f5be-15dc77be64c9" testName="FSharpSurface.evaluate.versioned receipt is deterministic and malformed project input fails closed" computerName="0bc8bbef51b6" duration="00:00:02.5160000" startTime="2026-08-03T03:30:27.9793333+02:00" endTime="2026-08-03T03:30:30.5025704+02:00" testType="13cdc9d9-ddb5-4fa4-a97d-d965ccfc6d4b" outcome="Passed" testListId="8c84fa94-04c1-424b-9868-57a2d4851a1d" relativeResultsDirectory="c0973635-61a6-4cdb-b14d-0b247c3c3f09" />
    <UnitTestResult executionId="44b0143c-2f18-467e-9137-f3899226c8bd" testId="7b5d8a88-fddd-075e-5b9b-8b28e7443fa4" testName="FSharpSurface.evaluate.live policy carries valid exemptions and stale applicable baselines" computerName="0bc8bbef51b6" duration="00:00:00.0160000" startTime="2026-08-03T03:30:27.9791185+02:00" endTime="2026-08-03T03:30:28.0022010+02:00" testType="13cdc9d9-ddb5-4fa4-a97d-d965ccfc6d4b" outcome="Passed" testListId="8c84fa94-04c1-424b-9868-57a2d4851a1d" relativeResultsDirectory="44b0143c-2f18-467e-9137-f3899226c8bd" />
    <UnitTestResult executionId="e0b34f1e-3f2b-437c-bdf4-2c452a18e972" testId="3b9fb1c1-8faa-c422-c5b3-2e32b3a8fd24" testName="EvidenceBoundary.generated schema source regeneration consumer and compatibility mutations red" computerName="0bc8bbef51b6" duration="00:00:00.0010000" startTime="2026-08-03T03:30:28.0076270+02:00" endTime="2026-08-03T03:30:28.0097124+02:00" testType="13cdc9d9-ddb5-4fa4-a97d-d965ccfc6d4b" outcome="Passed" testListId="8c84fa94-04c1-424b-9868-57a2d4851a1d" relativeResultsDirectory="e0b34f1e-3f2b-437c-bdf4-2c452a18e972" />
    <UnitTestResult executionId="b1a3953f-c909-49ca-ad46-5086936cd002" testId="abe00f63-8372-055c-4c16-be5eba82657b" testName="SurfaceDrift.DesignChecks public surface equals the committed baseline" computerName="0bc8bbef51b6" duration="00:00:00.0350000" startTime="2026-08-03T03:30:27.9776942+02:00" endTime="2026-08-03T03:30:28.0166371+02:00" testType="13cdc9d9-ddb5-4fa4-a97d-d965ccfc6d4b" outcome="Passed" testListId="8c84fa94-04c1-424b-9868-57a2d4851a1d" relativeResultsDirectory="b1a3953f-c909-49ca-ad46-5086936cd002" />
    <UnitTestResult executionId="9e9ff2e5-a98c-4dfc-8c0b-97adc40875a0" testId="aabaa05b-7255-161f-345a-86dcbf035046" testName="EvidenceBoundary.each producer inventory mutation has teeth" computerName="0bc8bbef51b6" startTime="2026-08-03T03:30:28.0076453+02:00" endTime="2026-08-03T03:30:28.0087984+02:00" testType="13cdc9d9-ddb5-4fa4-a97d-d965ccfc6d4b" outcome="Passed" testListId="8c84fa94-04c1-424b-9868-57a2d4851a1d" relativeResultsDirectory="9e9ff2e5-a98c-4dfc-8c0b-97adc40875a0" />
    <UnitTestResult executionId="40bd3de3-520b-451b-b656-1ebbb806372a" testId="668d6466-19ec-c6fa-b562-627afc835c44" testName="FSharpSurface.evaluate.compiler validates a signature with the real project-reference context" computerName="0bc8bbef51b6" duration="00:00:02.6940000" startTime="2026-08-03T03:30:27.9790244+02:00" endTime="2026-08-03T03:30:30.6799995+02:00" testType="13cdc9d9-ddb5-4fa4-a97d-d965ccfc6d4b" outcome="Passed" testListId="8c84fa94-04c1-424b-9868-57a2d4851a1d" relativeResultsDirectory="40bd3de3-520b-451b-b656-1ebbb806372a" />
    <UnitTestResult executionId="8e75d228-81f8-47e0-964e-55a4e2592772" testId="a58f9fa1-bb01-0415-f2af-7403e2a9e1cd" testName="DesignChecks.evaluate.sub-threshold contrast ⇒ Blocking design.contrast reporting ratio vs threshold" computerName="0bc8bbef51b6" duration="00:00:00.0090000" startTime="2026-08-03T03:30:28.0077120+02:00" endTime="2026-08-03T03:30:28.0180024+02:00" testType="13cdc9d9-ddb5-4fa4-a97d-d965ccfc6d4b" outcome="Passed" testListId="8c84fa94-04c1-424b-9868-57a2d4851a1d" relativeResultsDirectory="8e75d228-81f8-47e0-964e-55a4e2592772" />
    <UnitTestResult executionId="6e9dafc5-d715-42e6-ba8f-fe421e33322d" testId="c393519a-cb5d-3b07-1e41-188792e79b49" testName="EvidenceBoundary.real complete boundary evidence passes" computerName="0bc8bbef51b6" duration="00:00:00.0020000" startTime="2026-08-03T03:30:27.9975064+02:00" endTime="2026-08-03T03:30:28.0003980+02:00" testType="13cdc9d9-ddb5-4fa4-a97d-d965ccfc6d4b" outcome="Passed" testListId="8c84fa94-04c1-424b-9868-57a2d4851a1d" relativeResultsDirectory="6e9dafc5-d715-42e6-ba8f-fe421e33322d" />
    <UnitTestResult executionId="52a95890-3fd8-468f-b865-c59d0b28cb54" testId="7f8ca683-3117-37b8-0053-c887197c0653" testName="DesignChecks.sensor.a THROWING catalog port degrades to CatalogUnavailable, never escapes senseDesign (#56/B13)" computerName="0bc8bbef51b6" duration="00:00:00.0080000" startTime="2026-08-03T03:30:27.9777128+02:00" endTime="2026-08-03T03:30:27.9907327+02:00" testType="13cdc9d9-ddb5-4fa4-a97d-d965ccfc6d4b" outcome="Passed" testListId="8c84fa94-04c1-424b-9868-57a2d4851a1d" relativeResultsDirectory="52a95890-3fd8-468f-b865-c59d0b28cb54" />
    <UnitTestResult executionId="7c2d4500-b462-4f95-aa90-b1a123551d00" testId="059544cd-7893-0d91-8f34-544b70374f48" testName="FSharpSurface.evaluate.compiler validates a signature in its real earlier-source project context" computerName="0bc8bbef51b6" duration="00:00:01.9820000" startTime="2026-08-03T03:30:27.9789230+02:00" endTime="2026-08-03T03:30:29.9681325+02:00" testType="13cdc9d9-ddb5-4fa4-a97d-d965ccfc6d4b" outcome="Passed" testListId="8c84fa94-04c1-424b-9868-57a2d4851a1d" relativeResultsDirectory="7c2d4500-b462-4f95-aa90-b1a123551d00" />
  </Results>
  <TestDefinitions>
    <UnitTest name="FSharpSurface.evaluate.configured block-on-ship policy is projected by the v1 receipt rather than a hardcoded advisory token" storage="/home/developer/projects/fs.gg.governance-370/tests/fs.gg.governance.designchecks.tests/bin/debug/net10.0/fs.gg.governance.designchecks.tests.dll" id="5ed5ec60-f693-d1c6-51f8-f576c483bb65">
      <Execution id="b92214a2-62d5-4fd7-aab8-f9d255a7ebb6" />
      <TestMethod codeBase="/home/developer/projects/FS.GG.Governance-370/tests/FS.GG.Governance.DesignChecks.Tests/bin/Debug/net10.0/FS.GG.Governance.DesignChecks.Tests.dll" adapterTypeName="executor://yolodev/expecto" className="FSharpSurface.evaluate" name="configured block-on-ship policy is projected by the v1 receipt rather than a hardcoded advisory token" />
    </UnitTest>
    <UnitTest name="FSharpSurface.evaluate.live policy carries valid exemptions and stale applicable baselines" storage="/home/developer/projects/fs.gg.governance-370/tests/fs.gg.governance.designchecks.tests/bin/debug/net10.0/fs.gg.governance.designchecks.tests.dll" id="7b5d8a88-fddd-075e-5b9b-8b28e7443fa4">
      <Execution id="44b0143c-2f18-467e-9137-f3899226c8bd" />
      <TestMethod codeBase="/home/developer/projects/FS.GG.Governance-370/tests/FS.GG.Governance.DesignChecks.Tests/bin/Debug/net10.0/FS.GG.Governance.DesignChecks.Tests.dll" adapterTypeName="executor://yolodev/expecto" className="FSharpSurface.evaluate" name="live policy carries valid exemptions and stale applicable baselines" />
    </UnitTest>
    <UnitTest name="EvidenceBoundary.synthetic records are disclosed support but cannot satisfy real obligations" storage="/home/developer/projects/fs.gg.governance-370/tests/fs.gg.governance.designchecks.tests/bin/debug/net10.0/fs.gg.governance.designchecks.tests.dll" id="a59dddca-da55-c5b4-b7c1-5711e8189e82">
      <Execution id="bb80e4d4-8c98-4a40-bb94-38be99961901" />
      <TestMethod codeBase="/home/developer/projects/FS.GG.Governance-370/tests/FS.GG.Governance.DesignChecks.Tests/bin/Debug/net10.0/FS.GG.Governance.DesignChecks.Tests.dll" adapterTypeName="executor://yolodev/expecto" className="EvidenceBoundary" name="synthetic records are disclosed support but cannot satisfy real obligations" />
    </UnitTest>
    <UnitTest name="FSharpSurface.evaluate.project sensor preserves Compile order and sees a Rogue3-shaped source as public by default" storage="/home/developer/projects/fs.gg.governance-370/tests/fs.gg.governance.designchecks.tests/bin/debug/net10.0/fs.gg.governance.designchecks.tests.dll" id="0f3cdbfb-cb70-987b-4a91-a282bfb0504e">
      <Execution id="8ce73931-01e7-448c-abf4-ea22f7eeadb7" />
      <TestMethod codeBase="/home/developer/projects/FS.GG.Governance-370/tests/FS.GG.Governance.DesignChecks.Tests/bin/Debug/net10.0/FS.GG.Governance.DesignChecks.Tests.dll" adapterTypeName="executor://yolodev/expecto" className="FSharpSurface.evaluate" name="project sensor preserves Compile order and sees a Rogue3-shaped source as public by default" />
    </UnitTest>
    <UnitTest name="DesignChecks.determinism.reordering tokens leaves the sorted findings unchanged" storage="/home/developer/projects/fs.gg.governance-370/tests/fs.gg.governance.designchecks.tests/bin/debug/net10.0/fs.gg.governance.designchecks.tests.dll" id="33ab955e-710a-bc46-1ede-fa70d8e82269">
      <Execution id="bbf577c1-eb82-4ba2-a60d-62e02bffba7f" />
      <TestMethod codeBase="/home/developer/projects/FS.GG.Governance-370/tests/FS.GG.Governance.DesignChecks.Tests/bin/Debug/net10.0/FS.GG.Governance.DesignChecks.Tests.dll" adapterTypeName="executor://yolodev/expecto" className="DesignChecks.determinism" name="reordering tokens leaves the sorted findings unchanged" />
    </UnitTest>
    <UnitTest name="FSharpSurface.evaluate.versioned receipt is deterministic and malformed project input fails closed" storage="/home/developer/projects/fs.gg.governance-370/tests/fs.gg.governance.designchecks.tests/bin/debug/net10.0/fs.gg.governance.designchecks.tests.dll" id="e037c5f9-a73d-5932-f5be-15dc77be64c9">
      <Execution id="c0973635-61a6-4cdb-b14d-0b247c3c3f09" />
      <TestMethod codeBase="/home/developer/projects/FS.GG.Governance-370/tests/FS.GG.Governance.DesignChecks.Tests/bin/Debug/net10.0/FS.GG.Governance.DesignChecks.Tests.dll" adapterTypeName="executor://yolodev/expecto" className="FSharpSurface.evaluate" name="versioned receipt is deterministic and malformed project input fails closed" />
    </UnitTest>
    <UnitTest name="FSharpSurface.evaluate.paired signatures report order, docs, source mismatch, and applicable baseline independently" storage="/home/developer/projects/fs.gg.governance-370/tests/fs.gg.governance.designchecks.tests/bin/debug/net10.0/fs.gg.governance.designchecks.tests.dll" id="f60aba49-fee8-b749-3219-1495dccc73bb">
      <Execution id="c0eaf5ee-e53e-47a6-ab88-e5c7473a94e6" />
      <TestMethod codeBase="/home/developer/projects/FS.GG.Governance-370/tests/FS.GG.Governance.DesignChecks.Tests/bin/Debug/net10.0/FS.GG.Governance.DesignChecks.Tests.dll" adapterTypeName="executor://yolodev/expecto" className="FSharpSurface.evaluate" name="paired signatures report order, docs, source mismatch, and applicable baseline independently" />
    </UnitTest>
    <UnitTest name="EvidenceBoundary.generated schema source regeneration consumer and compatibility mutations red" storage="/home/developer/projects/fs.gg.governance-370/tests/fs.gg.governance.designchecks.tests/bin/debug/net10.0/fs.gg.governance.designchecks.tests.dll" id="3b9fb1c1-8faa-c422-c5b3-2e32b3a8fd24">
      <Execution id="e0b34f1e-3f2b-437c-bdf4-2c452a18e972" />
      <TestMethod codeBase="/home/developer/projects/FS.GG.Governance-370/tests/FS.GG.Governance.DesignChecks.Tests/bin/Debug/net10.0/FS.GG.Governance.DesignChecks.Tests.dll" adapterTypeName="executor://yolodev/expecto" className="EvidenceBoundary" name="generated schema source regeneration consumer and compatibility mutations red" />
    </UnitTest>
    <UnitTest name="DesignChecks.evaluate.all resolve + contrast meets ⇒ zero findings" storage="/home/developer/projects/fs.gg.governance-370/tests/fs.gg.governance.designchecks.tests/bin/debug/net10.0/fs.gg.governance.designchecks.tests.dll" id="6a32c112-aaaf-ab6b-367d-264fe8e3da55">
      <Execution id="ea432ff7-093e-4d9a-a411-2d030cb0e109" />
      <TestMethod codeBase="/home/developer/projects/FS.GG.Governance-370/tests/FS.GG.Governance.DesignChecks.Tests/bin/Debug/net10.0/FS.GG.Governance.DesignChecks.Tests.dll" adapterTypeName="executor://yolodev/expecto" className="DesignChecks.evaluate" name="all resolve + contrast meets ⇒ zero findings" />
    </UnitTest>
    <UnitTest name="EvidenceBoundary.real process render fixture records a stable semantic receipt" storage="/home/developer/projects/fs.gg.governance-370/tests/fs.gg.governance.designchecks.tests/bin/debug/net10.0/fs.gg.governance.designchecks.tests.dll" id="4df2fa2e-95ec-9b7c-7c19-f29507fd7b0a">
      <Execution id="5db28199-8f1e-4f4a-8af0-4510d7a89a27" />
      <TestMethod codeBase="/home/developer/projects/FS.GG.Governance-370/tests/FS.GG.Governance.DesignChecks.Tests/bin/Debug/net10.0/FS.GG.Governance.DesignChecks.Tests.dll" adapterTypeName="executor://yolodev/expecto" className="EvidenceBoundary" name="real process render fixture records a stable semantic receipt" />
    </UnitTest>
    <UnitTest name="DesignChecks.sensor.absent catalog ⇒ recorded in CatalogUnavailable, never a fabricated pass (FR-012)" storage="/home/developer/projects/fs.gg.governance-370/tests/fs.gg.governance.designchecks.tests/bin/debug/net10.0/fs.gg.governance.designchecks.tests.dll" id="33868b10-85d5-c18f-2f4e-4fef1ead8465">
      <Execution id="f2e34598-68f2-4996-a577-71569748b37e" />
      <TestMethod codeBase="/home/developer/projects/FS.GG.Governance-370/tests/FS.GG.Governance.DesignChecks.Tests/bin/Debug/net10.0/FS.GG.Governance.DesignChecks.Tests.dll" adapterTypeName="executor://yolodev/expecto" className="DesignChecks.sensor" name="absent catalog ⇒ recorded in CatalogUnavailable, never a fabricated pass (FR-012)" />
    </UnitTest>
    <UnitTest name="FSharpSurface.evaluate.malformed policy is input-state evidence, never a clean receipt" storage="/home/developer/projects/fs.gg.governance-370/tests/fs.gg.governance.designchecks.tests/bin/debug/net10.0/fs.gg.governance.designchecks.tests.dll" id="51aa1be0-9347-3243-ee7b-1341de810ffa">
      <Execution id="0a6ed70b-99e5-4ae7-a515-3a1dc3ffb754" />
      <TestMethod codeBase="/home/developer/projects/FS.GG.Governance-370/tests/FS.GG.Governance.DesignChecks.Tests/bin/Debug/net10.0/FS.GG.Governance.DesignChecks.Tests.dll" adapterTypeName="executor://yolodev/expecto" className="FSharpSurface.evaluate" name="malformed policy is input-state evidence, never a clean receipt" />
    </UnitTest>
    <UnitTest name="DesignChecks.sensor.senseDesign resolves referenced entries + every contrast pair against the real catalogs" storage="/home/developer/projects/fs.gg.governance-370/tests/fs.gg.governance.designchecks.tests/bin/debug/net10.0/fs.gg.governance.designchecks.tests.dll" id="120b4ad8-f199-039f-6297-035886abddfa">
      <Execution id="d43cfe1c-bd7f-49b5-aa09-ed62454d439c" />
      <TestMethod codeBase="/home/developer/projects/FS.GG.Governance-370/tests/FS.GG.Governance.DesignChecks.Tests/bin/Debug/net10.0/FS.GG.Governance.DesignChecks.Tests.dll" adapterTypeName="executor://yolodev/expecto" className="DesignChecks.sensor" name="senseDesign resolves referenced entries + every contrast pair against the real catalogs" />
    </UnitTest>
    <UnitTest name="DesignChecks.evaluate.sub-threshold contrast ⇒ Blocking design.contrast reporting ratio vs threshold" storage="/home/developer/projects/fs.gg.governance-370/tests/fs.gg.governance.designchecks.tests/bin/debug/net10.0/fs.gg.governance.designchecks.tests.dll" id="a58f9fa1-bb01-0415-f2af-7403e2a9e1cd">
      <Execution id="8e75d228-81f8-47e0-964e-55a4e2592772" />
      <TestMethod codeBase="/home/developer/projects/FS.GG.Governance-370/tests/FS.GG.Governance.DesignChecks.Tests/bin/Debug/net10.0/FS.GG.Governance.DesignChecks.Tests.dll" adapterTypeName="executor://yolodev/expecto" className="DesignChecks.evaluate.sub-threshold contrast ⇒ Blocking design" name="contrast reporting ratio vs threshold" />
    </UnitTest>
    <UnitTest name="FSharpSurface.evaluate.Rogue3-shaped many implementations and zero signatures reports applicable zero matches" storage="/home/developer/projects/fs.gg.governance-370/tests/fs.gg.governance.designchecks.tests/bin/debug/net10.0/fs.gg.governance.designchecks.tests.dll" id="c52eb8c0-d6d2-66d1-2420-8d01f639b800">
      <Execution id="efffeeed-25a7-4e7d-bc80-9ffe47297289" />
      <TestMethod codeBase="/home/developer/projects/FS.GG.Governance-370/tests/FS.GG.Governance.DesignChecks.Tests/bin/Debug/net10.0/FS.GG.Governance.DesignChecks.Tests.dll" adapterTypeName="executor://yolodev/expecto" className="FSharpSurface.evaluate" name="Rogue3-shaped many implementations and zero signatures reports applicable zero matches" />
    </UnitTest>
    <UnitTest name="FSharpSurface.evaluate.compiler validates a signature in its real earlier-source project context" storage="/home/developer/projects/fs.gg.governance-370/tests/fs.gg.governance.designchecks.tests/bin/debug/net10.0/fs.gg.governance.designchecks.tests.dll" id="059544cd-7893-0d91-8f34-544b70374f48">
      <Execution id="7c2d4500-b462-4f95-aa90-b1a123551d00" />
      <TestMethod codeBase="/home/developer/projects/FS.GG.Governance-370/tests/FS.GG.Governance.DesignChecks.Tests/bin/Debug/net10.0/FS.GG.Governance.DesignChecks.Tests.dll" adapterTypeName="executor://yolodev/expecto" className="FSharpSurface.evaluate" name="compiler validates a signature in its real earlier-source project context" />
    </UnitTest>
    <UnitTest name="FSharpSurfaceCommand.production command persists deterministic configured-policy receipts across zero, populated, non-applicable, internal, and malformed fixtures" storage="/home/developer/projects/fs.gg.governance-370/tests/fs.gg.governance.designchecks.tests/bin/debug/net10.0/fs.gg.governance.designchecks.tests.dll" id="273d355b-8999-b5ff-8814-c54196a80d37">
      <Execution id="e32c4fd4-55b1-48a8-b824-8223066c565e" />
      <TestMethod codeBase="/home/developer/projects/FS.GG.Governance-370/tests/FS.GG.Governance.DesignChecks.Tests/bin/Debug/net10.0/FS.GG.Governance.DesignChecks.Tests.dll" adapterTypeName="executor://yolodev/expecto" className="FSharpSurfaceCommand" name="production command persists deterministic configured-policy receipts across zero, populated, non-applicable, internal, and malformed fixtures" />
    </UnitTest>
    <UnitTest name="FSharpSurface.evaluate.expired live exemption fails closed" storage="/home/developer/projects/fs.gg.governance-370/tests/fs.gg.governance.designchecks.tests/bin/debug/net10.0/fs.gg.governance.designchecks.tests.dll" id="bc488ea9-0412-16ba-b982-67cc452944de">
      <Execution id="2630205f-5101-4076-98f8-44cd521b604e" />
      <TestMethod codeBase="/home/developer/projects/FS.GG.Governance-370/tests/FS.GG.Governance.DesignChecks.Tests/bin/Debug/net10.0/FS.GG.Governance.DesignChecks.Tests.dll" adapterTypeName="executor://yolodev/expecto" className="FSharpSurface.evaluate" name="expired live exemption fails closed" />
    </UnitTest>
    <UnitTest name="DesignChecks.evaluate.absent token/capture/control ⇒ Blocking design.&lt;kind&gt; naming the entry" storage="/home/developer/projects/fs.gg.governance-370/tests/fs.gg.governance.designchecks.tests/bin/debug/net10.0/fs.gg.governance.designchecks.tests.dll" id="12ea56be-eff6-5d5f-cf24-a28e540de6b3">
      <Execution id="cb5b90e8-c575-4f4c-92b8-5c6d9cb5dfb2" />
      <TestMethod codeBase="/home/developer/projects/FS.GG.Governance-370/tests/FS.GG.Governance.DesignChecks.Tests/bin/Debug/net10.0/FS.GG.Governance.DesignChecks.Tests.dll" adapterTypeName="executor://yolodev/expecto" className="DesignChecks.evaluate.absent token/capture/control ⇒ Blocking design" name="&lt;kind&gt; naming the entry" />
    </UnitTest>
    <UnitTest name="SurfaceDrift.DesignChecks public surface equals the committed baseline" storage="/home/developer/projects/fs.gg.governance-370/tests/fs.gg.governance.designchecks.tests/bin/debug/net10.0/fs.gg.governance.designchecks.tests.dll" id="abe00f63-8372-055c-4c16-be5eba82657b">
      <Execution id="b1a3953f-c909-49ca-ad46-5086936cd002" />
      <TestMethod codeBase="/home/developer/projects/FS.GG.Governance-370/tests/FS.GG.Governance.DesignChecks.Tests/bin/Debug/net10.0/FS.GG.Governance.DesignChecks.Tests.dll" adapterTypeName="executor://yolodev/expecto" className="SurfaceDrift" name="DesignChecks public surface equals the committed baseline" />
    </UnitTest>
    <UnitTest name="FSharpSurface.evaluate.Rogue3-shaped executable module without a signature produces an advisory migration finding" storage="/home/developer/projects/fs.gg.governance-370/tests/fs.gg.governance.designchecks.tests/bin/debug/net10.0/fs.gg.governance.designchecks.tests.dll" id="c5739d3a-5f6e-1993-55ed-6e6eae39484e">
      <Execution id="719e115f-15a7-41e7-aa2d-81cbe91b2821" />
      <TestMethod codeBase="/home/developer/projects/FS.GG.Governance-370/tests/FS.GG.Governance.DesignChecks.Tests/bin/Debug/net10.0/FS.GG.Governance.DesignChecks.Tests.dll" adapterTypeName="executor://yolodev/expecto" className="FSharpSurface.evaluate" name="Rogue3-shaped executable module without a signature produces an advisory migration finding" />
    </UnitTest>
    <UnitTest name="DesignChecks.sensor.a THROWING catalog port degrades to CatalogUnavailable, never escapes senseDesign (#56/B13)" storage="/home/developer/projects/fs.gg.governance-370/tests/fs.gg.governance.designchecks.tests/bin/debug/net10.0/fs.gg.governance.designchecks.tests.dll" id="7f8ca683-3117-37b8-0053-c887197c0653">
      <Execution id="52a95890-3fd8-468f-b865-c59d0b28cb54" />
      <TestMethod codeBase="/home/developer/projects/FS.GG.Governance-370/tests/FS.GG.Governance.DesignChecks.Tests/bin/Debug/net10.0/FS.GG.Governance.DesignChecks.Tests.dll" adapterTypeName="executor://yolodev/expecto" className="DesignChecks.sensor" name="a THROWING catalog port degrades to CatalogUnavailable, never escapes senseDesign (#56/B13)" />
    </UnitTest>
    <UnitTest name="EvidenceBoundary.real complete boundary evidence passes" storage="/home/developer/projects/fs.gg.governance-370/tests/fs.gg.governance.designchecks.tests/bin/debug/net10.0/fs.gg.governance.designchecks.tests.dll" id="c393519a-cb5d-3b07-1e41-188792e79b49">
      <Execution id="6e9dafc5-d715-42e6-ba8f-fe421e33322d" />
      <TestMethod codeBase="/home/developer/projects/FS.GG.Governance-370/tests/FS.GG.Governance.DesignChecks.Tests/bin/Debug/net10.0/FS.GG.Governance.DesignChecks.Tests.dll" adapterTypeName="executor://yolodev/expecto" className="EvidenceBoundary" name="real complete boundary evidence passes" />
    </UnitTest>
    <UnitTest name="FSharpSurface.evaluate.internal modules, entry points, generated sources, and complete exemptions do not need a signature" storage="/home/developer/projects/fs.gg.governance-370/tests/fs.gg.governance.designchecks.tests/bin/debug/net10.0/fs.gg.governance.designchecks.tests.dll" id="209b92ae-fb3c-8c36-ac38-5c22aae1fa42">
      <Execution id="d5f8000c-b8d1-42f8-a7a8-9347b7e5fe60" />
      <TestMethod codeBase="/home/developer/projects/FS.GG.Governance-370/tests/FS.GG.Governance.DesignChecks.Tests/bin/Debug/net10.0/FS.GG.Governance.DesignChecks.Tests.dll" adapterTypeName="executor://yolodev/expecto" className="FSharpSurface.evaluate" name="internal modules, entry points, generated sources, and complete exemptions do not need a signature" />
    </UnitTest>
    <UnitTest name="FSharpSurface.evaluate.configured glob selects repo-relative compiled signatures for zero one and many cardinality" storage="/home/developer/projects/fs.gg.governance-370/tests/fs.gg.governance.designchecks.tests/bin/debug/net10.0/fs.gg.governance.designchecks.tests.dll" id="719d28cd-2c07-0065-46a9-1c55b0f887ac">
      <Execution id="a9dc9883-78d3-402d-9be9-bb2b4e198470" />
      <TestMethod codeBase="/home/developer/projects/FS.GG.Governance-370/tests/FS.GG.Governance.DesignChecks.Tests/bin/Debug/net10.0/FS.GG.Governance.DesignChecks.Tests.dll" adapterTypeName="executor://yolodev/expecto" className="FSharpSurface.evaluate" name="configured glob selects repo-relative compiled signatures for zero one and many cardinality" />
    </UnitTest>
    <UnitTest name="FSharpSurface.evaluate.root signature does not satisfy a src-only declared glob" storage="/home/developer/projects/fs.gg.governance-370/tests/fs.gg.governance.designchecks.tests/bin/debug/net10.0/fs.gg.governance.designchecks.tests.dll" id="b0f95b99-7241-cf99-e63b-0d3f5f50436e">
      <Execution id="819be32e-e8a3-4277-84a3-56f45cea6898" />
      <TestMethod codeBase="/home/developer/projects/FS.GG.Governance-370/tests/FS.GG.Governance.DesignChecks.Tests/bin/Debug/net10.0/FS.GG.Governance.DesignChecks.Tests.dll" adapterTypeName="executor://yolodev/expecto" className="FSharpSurface.evaluate" name="root signature does not satisfy a src-only declared glob" />
    </UnitTest>
    <UnitTest name="EvidenceBoundary.each producer inventory mutation has teeth" storage="/home/developer/projects/fs.gg.governance-370/tests/fs.gg.governance.designchecks.tests/bin/debug/net10.0/fs.gg.governance.designchecks.tests.dll" id="aabaa05b-7255-161f-345a-86dcbf035046">
      <Execution id="9e9ff2e5-a98c-4dfc-8c0b-97adc40875a0" />
      <TestMethod codeBase="/home/developer/projects/FS.GG.Governance-370/tests/FS.GG.Governance.DesignChecks.Tests/bin/Debug/net10.0/FS.GG.Governance.DesignChecks.Tests.dll" adapterTypeName="executor://yolodev/expecto" className="EvidenceBoundary" name="each producer inventory mutation has teeth" />
    </UnitTest>
    <UnitTest name="FSharpSurface.evaluate.receipt distinguishes zero and many matched modules deterministically" storage="/home/developer/projects/fs.gg.governance-370/tests/fs.gg.governance.designchecks.tests/bin/debug/net10.0/fs.gg.governance.designchecks.tests.dll" id="f91d09bf-09a6-ef17-e759-9eb95c39e5a5">
      <Execution id="a3caf655-463a-4d53-804c-27fdf091155b" />
      <TestMethod codeBase="/home/developer/projects/FS.GG.Governance-370/tests/FS.GG.Governance.DesignChecks.Tests/bin/Debug/net10.0/FS.GG.Governance.DesignChecks.Tests.dll" adapterTypeName="executor://yolodev/expecto" className="FSharpSurface.evaluate" name="receipt distinguishes zero and many matched modules deterministically" />
    </UnitTest>
    <UnitTest name="DesignChecks.determinism.repeated evaluate over identical facts ⇒ byte-identical" storage="/home/developer/projects/fs.gg.governance-370/tests/fs.gg.governance.designchecks.tests/bin/debug/net10.0/fs.gg.governance.designchecks.tests.dll" id="3eeba9e4-3262-45bb-8e22-26aa66f56506">
      <Execution id="fcf85b30-e673-4d3b-b103-6e198fc03691" />
      <TestMethod codeBase="/home/developer/projects/FS.GG.Governance-370/tests/FS.GG.Governance.DesignChecks.Tests/bin/Debug/net10.0/FS.GG.Governance.DesignChecks.Tests.dll" adapterTypeName="executor://yolodev/expecto" className="DesignChecks.determinism" name="repeated evaluate over identical facts ⇒ byte-identical" />
    </UnitTest>
    <UnitTest name="EvidenceBoundary.render execution and semantic receipt mutations red" storage="/home/developer/projects/fs.gg.governance-370/tests/fs.gg.governance.designchecks.tests/bin/debug/net10.0/fs.gg.governance.designchecks.tests.dll" id="20128939-0d4b-97b1-b6ed-636252fd5c89">
      <Execution id="4a80504c-a165-431d-82e5-90590a4293b7" />
      <TestMethod codeBase="/home/developer/projects/FS.GG.Governance-370/tests/FS.GG.Governance.DesignChecks.Tests/bin/Debug/net10.0/FS.GG.Governance.DesignChecks.Tests.dll" adapterTypeName="executor://yolodev/expecto" className="EvidenceBoundary" name="render execution and semantic receipt mutations red" />
    </UnitTest>
    <UnitTest name="DesignChecks.renderFence.no Skia/rendering/UI/registry symbol is referenced (SC-004)" storage="/home/developer/projects/fs.gg.governance-370/tests/fs.gg.governance.designchecks.tests/bin/debug/net10.0/fs.gg.governance.designchecks.tests.dll" id="3a9867b3-328c-7288-54d3-8e866a5a197f">
      <Execution id="84963657-c4ea-4e55-a5b2-f78f2a6e4ff0" />
      <TestMethod codeBase="/home/developer/projects/FS.GG.Governance-370/tests/FS.GG.Governance.DesignChecks.Tests/bin/Debug/net10.0/FS.GG.Governance.DesignChecks.Tests.dll" adapterTypeName="executor://yolodev/expecto" className="DesignChecks.renderFence" name="no Skia/rendering/UI/registry symbol is referenced (SC-004)" />
    </UnitTest>
    <UnitTest name="EvidenceBoundary.dispatch only and degraded only cannot satisfy observed outcome" storage="/home/developer/projects/fs.gg.governance-370/tests/fs.gg.governance.designchecks.tests/bin/debug/net10.0/fs.gg.governance.designchecks.tests.dll" id="cb3a2a53-e4b6-32ad-5f95-801b8ccdc1bc">
      <Execution id="e324b77b-5c5d-433a-8081-3d45e13d441d" />
      <TestMethod codeBase="/home/developer/projects/FS.GG.Governance-370/tests/FS.GG.Governance.DesignChecks.Tests/bin/Debug/net10.0/FS.GG.Governance.DesignChecks.Tests.dll" adapterTypeName="executor://yolodev/expecto" className="EvidenceBoundary" name="dispatch only and degraded only cannot satisfy observed outcome" />
    </UnitTest>
    <UnitTest name="DesignChecks.renderFence.references only FS.GG.Governance.*/BCL/FSharp.Core (no rendering/UI/registry/network)" storage="/home/developer/projects/fs.gg.governance-370/tests/fs.gg.governance.designchecks.tests/bin/debug/net10.0/fs.gg.governance.designchecks.tests.dll" id="112fd1ae-152a-5f49-2063-6d92ff7d569f">
      <Execution id="c9592365-8cdf-4787-8277-7351df262baf" />
      <TestMethod codeBase="/home/developer/projects/FS.GG.Governance-370/tests/FS.GG.Governance.DesignChecks.Tests/bin/Debug/net10.0/FS.GG.Governance.DesignChecks.Tests.dll" adapterTypeName="executor://yolodev/expecto" className="DesignChecks.renderFence.references only FS.GG.Governance.*/BCL/FSharp" name="Core (no rendering/UI/registry/network)" />
    </UnitTest>
    <UnitTest name="EvidenceBoundary.explicit malformed nonzero result is a valid safe-failure receipt" storage="/home/developer/projects/fs.gg.governance-370/tests/fs.gg.governance.designchecks.tests/bin/debug/net10.0/fs.gg.governance.designchecks.tests.dll" id="1dd8e1bd-c2e7-9302-025b-202e0223d822">
      <Execution id="588eab2c-db77-4659-b422-a2d8557eacc9" />
      <TestMethod codeBase="/home/developer/projects/FS.GG.Governance-370/tests/FS.GG.Governance.DesignChecks.Tests/bin/Debug/net10.0/FS.GG.Governance.DesignChecks.Tests.dll" adapterTypeName="executor://yolodev/expecto" className="EvidenceBoundary" name="explicit malformed nonzero result is a valid safe-failure receipt" />
    </UnitTest>
    <UnitTest name="FSharpSurface.evaluate.project sensor reads documented signatures and fail-closes missing compiled source" storage="/home/developer/projects/fs.gg.governance-370/tests/fs.gg.governance.designchecks.tests/bin/debug/net10.0/fs.gg.governance.designchecks.tests.dll" id="b13be357-8e11-fd32-24bf-249430bbcfe5">
      <Execution id="29458a98-391c-4cc7-8b7e-65b6b4af2d6e" />
      <TestMethod codeBase="/home/developer/projects/FS.GG.Governance-370/tests/FS.GG.Governance.DesignChecks.Tests/bin/Debug/net10.0/FS.GG.Governance.DesignChecks.Tests.dll" adapterTypeName="executor://yolodev/expecto" className="FSharpSurface.evaluate" name="project sensor reads documented signatures and fail-closes missing compiled source" />
    </UnitTest>
    <UnitTest name="FSharpSurface.evaluate.compiler rejects an adjacent same-name declaration with an incompatible type" storage="/home/developer/projects/fs.gg.governance-370/tests/fs.gg.governance.designchecks.tests/bin/debug/net10.0/fs.gg.governance.designchecks.tests.dll" id="8882c7a1-1ac2-66e0-a4db-df0c8b10f412">
      <Execution id="7741e814-a640-447f-ab07-c3ef631b396f" />
      <TestMethod codeBase="/home/developer/projects/FS.GG.Governance-370/tests/FS.GG.Governance.DesignChecks.Tests/bin/Debug/net10.0/FS.GG.Governance.DesignChecks.Tests.dll" adapterTypeName="executor://yolodev/expecto" className="FSharpSurface.evaluate" name="compiler rejects an adjacent same-name declaration with an incompatible type" />
    </UnitTest>
    <UnitTest name="FSharpSurface.evaluate.compiler validates a signature with the real project-reference context" storage="/home/developer/projects/fs.gg.governance-370/tests/fs.gg.governance.designchecks.tests/bin/debug/net10.0/fs.gg.governance.designchecks.tests.dll" id="668d6466-19ec-c6fa-b562-627afc835c44">
      <Execution id="40bd3de3-520b-451b-b656-1ebbb806372a" />
      <TestMethod codeBase="/home/developer/projects/FS.GG.Governance-370/tests/FS.GG.Governance.DesignChecks.Tests/bin/Debug/net10.0/FS.GG.Governance.DesignChecks.Tests.dll" adapterTypeName="executor://yolodev/expecto" className="FSharpSurface.evaluate" name="compiler validates a signature with the real project-reference context" />
    </UnitTest>
    <UnitTest name="DesignChecks.evaluate.catalog unavailable ⇒ IsInputState design.catalog-unavailable naming the catalog" storage="/home/developer/projects/fs.gg.governance-370/tests/fs.gg.governance.designchecks.tests/bin/debug/net10.0/fs.gg.governance.designchecks.tests.dll" id="d9b6e161-4d89-b399-c04f-55672bc73cb7">
      <Execution id="f042f7af-a152-4235-812c-c2c2b952c349" />
      <TestMethod codeBase="/home/developer/projects/FS.GG.Governance-370/tests/FS.GG.Governance.DesignChecks.Tests/bin/Debug/net10.0/FS.GG.Governance.DesignChecks.Tests.dll" adapterTypeName="executor://yolodev/expecto" className="DesignChecks.evaluate.catalog unavailable ⇒ IsInputState design" name="catalog-unavailable naming the catalog" />
    </UnitTest>
    <UnitTest name="FSharpSurface.evaluate.test-project modules are excluded" storage="/home/developer/projects/fs.gg.governance-370/tests/fs.gg.governance.designchecks.tests/bin/debug/net10.0/fs.gg.governance.designchecks.tests.dll" id="671d34c9-ddc4-4523-5df7-fc7a63b38e87">
      <Execution id="d919ec43-e8b4-44e1-8371-992585b6110f" />
      <TestMethod codeBase="/home/developer/projects/FS.GG.Governance-370/tests/FS.GG.Governance.DesignChecks.Tests/bin/Debug/net10.0/FS.GG.Governance.DesignChecks.Tests.dll" adapterTypeName="executor://yolodev/expecto" className="FSharpSurface.evaluate" name="test-project modules are excluded" />
    </UnitTest>
    <UnitTest name="FSharpSurface.evaluate.project sensor detects an adjacent signature declaration absent from implementation" storage="/home/developer/projects/fs.gg.governance-370/tests/fs.gg.governance.designchecks.tests/bin/debug/net10.0/fs.gg.governance.designchecks.tests.dll" id="fcf65e77-498c-3726-4f0e-45a5f5e5bb3d">
      <Execution id="7bef0566-3f52-4878-a8d1-2d59f32cf35d" />
      <TestMethod codeBase="/home/developer/projects/FS.GG.Governance-370/tests/FS.GG.Governance.DesignChecks.Tests/bin/Debug/net10.0/FS.GG.Governance.DesignChecks.Tests.dll" adapterTypeName="executor://yolodev/expecto" className="FSharpSurface.evaluate" name="project sensor detects an adjacent signature declaration absent from implementation" />
    </UnitTest>
    <UnitTest name="EvidenceBoundary.findings identify the fact and one bounded correction" storage="/home/developer/projects/fs.gg.governance-370/tests/fs.gg.governance.designchecks.tests/bin/debug/net10.0/fs.gg.governance.designchecks.tests.dll" id="1ba3de8a-c424-7651-20b7-4d3500c4c91b">
      <Execution id="cf72c5f0-7838-4e0a-addc-e1cfd12a8ffe" />
      <TestMethod codeBase="/home/developer/projects/FS.GG.Governance-370/tests/FS.GG.Governance.DesignChecks.Tests/bin/Debug/net10.0/FS.GG.Governance.DesignChecks.Tests.dll" adapterTypeName="executor://yolodev/expecto" className="EvidenceBoundary" name="findings identify the fact and one bounded correction" />
    </UnitTest>
    <UnitTest name="EvidenceBoundary.unknown partial stale and failed-command controls fail closed" storage="/home/developer/projects/fs.gg.governance-370/tests/fs.gg.governance.designchecks.tests/bin/debug/net10.0/fs.gg.governance.designchecks.tests.dll" id="3f329a81-9ae9-bcc6-6716-ed3c5e7f7478">
      <Execution id="693ea5fb-d790-4e29-bfdf-4e59b7f99b6c" />
      <TestMethod codeBase="/home/developer/projects/FS.GG.Governance-370/tests/FS.GG.Governance.DesignChecks.Tests/bin/Debug/net10.0/FS.GG.Governance.DesignChecks.Tests.dll" adapterTypeName="executor://yolodev/expecto" className="EvidenceBoundary" name="unknown partial stale and failed-command controls fail closed" />
    </UnitTest>
  </TestDefinitions>
  <TestEntries>
    <TestEntry testId="f60aba49-fee8-b749-3219-1495dccc73bb" executionId="c0eaf5ee-e53e-47a6-ab88-e5c7473a94e6" testListId="8c84fa94-04c1-424b-9868-57a2d4851a1d" />
    <TestEntry testId="12ea56be-eff6-5d5f-cf24-a28e540de6b3" executionId="cb5b90e8-c575-4f4c-92b8-5c6d9cb5dfb2" testListId="8c84fa94-04c1-424b-9868-57a2d4851a1d" />
    <TestEntry testId="51aa1be0-9347-3243-ee7b-1341de810ffa" executionId="0a6ed70b-99e5-4ae7-a515-3a1dc3ffb754" testListId="8c84fa94-04c1-424b-9868-57a2d4851a1d" />
    <TestEntry testId="671d34c9-ddc4-4523-5df7-fc7a63b38e87" executionId="d919ec43-e8b4-44e1-8371-992585b6110f" testListId="8c84fa94-04c1-424b-9868-57a2d4851a1d" />
    <TestEntry testId="b13be357-8e11-fd32-24bf-249430bbcfe5" executionId="29458a98-391c-4cc7-8b7e-65b6b4af2d6e" testListId="8c84fa94-04c1-424b-9868-57a2d4851a1d" />
    <TestEntry testId="209b92ae-fb3c-8c36-ac38-5c22aae1fa42" executionId="d5f8000c-b8d1-42f8-a7a8-9347b7e5fe60" testListId="8c84fa94-04c1-424b-9868-57a2d4851a1d" />
    <TestEntry testId="33ab955e-710a-bc46-1ede-fa70d8e82269" executionId="bbf577c1-eb82-4ba2-a60d-62e02bffba7f" testListId="8c84fa94-04c1-424b-9868-57a2d4851a1d" />
    <TestEntry testId="3eeba9e4-3262-45bb-8e22-26aa66f56506" executionId="fcf85b30-e673-4d3b-b103-6e198fc03691" testListId="8c84fa94-04c1-424b-9868-57a2d4851a1d" />
    <TestEntry testId="8882c7a1-1ac2-66e0-a4db-df0c8b10f412" executionId="7741e814-a640-447f-ab07-c3ef631b396f" testListId="8c84fa94-04c1-424b-9868-57a2d4851a1d" />
    <TestEntry testId="bc488ea9-0412-16ba-b982-67cc452944de" executionId="2630205f-5101-4076-98f8-44cd521b604e" testListId="8c84fa94-04c1-424b-9868-57a2d4851a1d" />
    <TestEntry testId="b0f95b99-7241-cf99-e63b-0d3f5f50436e" executionId="819be32e-e8a3-4277-84a3-56f45cea6898" testListId="8c84fa94-04c1-424b-9868-57a2d4851a1d" />
    <TestEntry testId="5ed5ec60-f693-d1c6-51f8-f576c483bb65" executionId="b92214a2-62d5-4fd7-aab8-f9d255a7ebb6" testListId="8c84fa94-04c1-424b-9868-57a2d4851a1d" />
    <TestEntry testId="33868b10-85d5-c18f-2f4e-4fef1ead8465" executionId="f2e34598-68f2-4996-a577-71569748b37e" testListId="8c84fa94-04c1-424b-9868-57a2d4851a1d" />
    <TestEntry testId="120b4ad8-f199-039f-6297-035886abddfa" executionId="d43cfe1c-bd7f-49b5-aa09-ed62454d439c" testListId="8c84fa94-04c1-424b-9868-57a2d4851a1d" />
    <TestEntry testId="cb3a2a53-e4b6-32ad-5f95-801b8ccdc1bc" executionId="e324b77b-5c5d-433a-8081-3d45e13d441d" testListId="8c84fa94-04c1-424b-9868-57a2d4851a1d" />
    <TestEntry testId="3a9867b3-328c-7288-54d3-8e866a5a197f" executionId="84963657-c4ea-4e55-a5b2-f78f2a6e4ff0" testListId="8c84fa94-04c1-424b-9868-57a2d4851a1d" />
    <TestEntry testId="d9b6e161-4d89-b399-c04f-55672bc73cb7" executionId="f042f7af-a152-4235-812c-c2c2b952c349" testListId="8c84fa94-04c1-424b-9868-57a2d4851a1d" />
    <TestEntry testId="3f329a81-9ae9-bcc6-6716-ed3c5e7f7478" executionId="693ea5fb-d790-4e29-bfdf-4e59b7f99b6c" testListId="8c84fa94-04c1-424b-9868-57a2d4851a1d" />
    <TestEntry testId="1dd8e1bd-c2e7-9302-025b-202e0223d822" executionId="588eab2c-db77-4659-b422-a2d8557eacc9" testListId="8c84fa94-04c1-424b-9868-57a2d4851a1d" />
    <TestEntry testId="0f3cdbfb-cb70-987b-4a91-a282bfb0504e" executionId="8ce73931-01e7-448c-abf4-ea22f7eeadb7" testListId="8c84fa94-04c1-424b-9868-57a2d4851a1d" />
    <TestEntry testId="fcf65e77-498c-3726-4f0e-45a5f5e5bb3d" executionId="7bef0566-3f52-4878-a8d1-2d59f32cf35d" testListId="8c84fa94-04c1-424b-9868-57a2d4851a1d" />
    <TestEntry testId="20128939-0d4b-97b1-b6ed-636252fd5c89" executionId="4a80504c-a165-431d-82e5-90590a4293b7" testListId="8c84fa94-04c1-424b-9868-57a2d4851a1d" />
    <TestEntry testId="c52eb8c0-d6d2-66d1-2420-8d01f639b800" executionId="efffeeed-25a7-4e7d-bc80-9ffe47297289" testListId="8c84fa94-04c1-424b-9868-57a2d4851a1d" />
    <TestEntry testId="112fd1ae-152a-5f49-2063-6d92ff7d569f" executionId="c9592365-8cdf-4787-8277-7351df262baf" testListId="8c84fa94-04c1-424b-9868-57a2d4851a1d" />
    <TestEntry testId="4df2fa2e-95ec-9b7c-7c19-f29507fd7b0a" executionId="5db28199-8f1e-4f4a-8af0-4510d7a89a27" testListId="8c84fa94-04c1-424b-9868-57a2d4851a1d" />
    <TestEntry testId="c5739d3a-5f6e-1993-55ed-6e6eae39484e" executionId="719e115f-15a7-41e7-aa2d-81cbe91b2821" testListId="8c84fa94-04c1-424b-9868-57a2d4851a1d" />
    <TestEntry testId="a59dddca-da55-c5b4-b7c1-5711e8189e82" executionId="bb80e4d4-8c98-4a40-bb94-38be99961901" testListId="8c84fa94-04c1-424b-9868-57a2d4851a1d" />
    <TestEntry testId="1ba3de8a-c424-7651-20b7-4d3500c4c91b" executionId="cf72c5f0-7838-4e0a-addc-e1cfd12a8ffe" testListId="8c84fa94-04c1-424b-9868-57a2d4851a1d" />
    <TestEntry testId="719d28cd-2c07-0065-46a9-1c55b0f887ac" executionId="a9dc9883-78d3-402d-9be9-bb2b4e198470" testListId="8c84fa94-04c1-424b-9868-57a2d4851a1d" />
    <TestEntry testId="f91d09bf-09a6-ef17-e759-9eb95c39e5a5" executionId="a3caf655-463a-4d53-804c-27fdf091155b" testListId="8c84fa94-04c1-424b-9868-57a2d4851a1d" />
    <TestEntry testId="273d355b-8999-b5ff-8814-c54196a80d37" executionId="e32c4fd4-55b1-48a8-b824-8223066c565e" testListId="8c84fa94-04c1-424b-9868-57a2d4851a1d" />
    <TestEntry testId="6a32c112-aaaf-ab6b-367d-264fe8e3da55" executionId="ea432ff7-093e-4d9a-a411-2d030cb0e109" testListId="8c84fa94-04c1-424b-9868-57a2d4851a1d" />
    <TestEntry testId="e037c5f9-a73d-5932-f5be-15dc77be64c9" executionId="c0973635-61a6-4cdb-b14d-0b247c3c3f09" testListId="8c84fa94-04c1-424b-9868-57a2d4851a1d" />
    <TestEntry testId="7b5d8a88-fddd-075e-5b9b-8b28e7443fa4" executionId="44b0143c-2f18-467e-9137-f3899226c8bd" testListId="8c84fa94-04c1-424b-9868-57a2d4851a1d" />
    <TestEntry testId="3b9fb1c1-8faa-c422-c5b3-2e32b3a8fd24" executionId="e0b34f1e-3f2b-437c-bdf4-2c452a18e972" testListId="8c84fa94-04c1-424b-9868-57a2d4851a1d" />
    <TestEntry testId="abe00f63-8372-055c-4c16-be5eba82657b" executionId="b1a3953f-c909-49ca-ad46-5086936cd002" testListId="8c84fa94-04c1-424b-9868-57a2d4851a1d" />
    <TestEntry testId="aabaa05b-7255-161f-345a-86dcbf035046" executionId="9e9ff2e5-a98c-4dfc-8c0b-97adc40875a0" testListId="8c84fa94-04c1-424b-9868-57a2d4851a1d" />
    <TestEntry testId="668d6466-19ec-c6fa-b562-627afc835c44" executionId="40bd3de3-520b-451b-b656-1ebbb806372a" testListId="8c84fa94-04c1-424b-9868-57a2d4851a1d" />
    <TestEntry testId="a58f9fa1-bb01-0415-f2af-7403e2a9e1cd" executionId="8e75d228-81f8-47e0-964e-55a4e2592772" testListId="8c84fa94-04c1-424b-9868-57a2d4851a1d" />
    <TestEntry testId="c393519a-cb5d-3b07-1e41-188792e79b49" executionId="6e9dafc5-d715-42e6-ba8f-fe421e33322d" testListId="8c84fa94-04c1-424b-9868-57a2d4851a1d" />
    <TestEntry testId="7f8ca683-3117-37b8-0053-c887197c0653" executionId="52a95890-3fd8-468f-b865-c59d0b28cb54" testListId="8c84fa94-04c1-424b-9868-57a2d4851a1d" />
    <TestEntry testId="059544cd-7893-0d91-8f34-544b70374f48" executionId="7c2d4500-b462-4f95-aa90-b1a123551d00" testListId="8c84fa94-04c1-424b-9868-57a2d4851a1d" />
  </TestEntries>
  <TestLists>
    <TestList name="Results Not in a List" id="8c84fa94-04c1-424b-9868-57a2d4851a1d" />
    <TestList name="All Loaded Results" id="19431567-8539-422a-85d7-44ee4e166bda" />
  </TestLists>
  <ResultSummary outcome="Completed">
    <Counters total="42" executed="42" passed="42" failed="0" error="0" timeout="0" aborted="0" inconclusive="0" passedButRunAborted="0" notRunnable="0" notExecuted="0" disconnected="0" warning="0" completed="0" inProgress="0" pending="0" />
  </ResultSummary>
</TestRun>