<?xml version="1.0" encoding="utf-8"?>
<TestRun id="b139e075-74ea-4834-85fa-d87eaac577ec" name="@0bc8bbef51b6 2026-08-03 04:52:16" xmlns="http://microsoft.com/schemas/VisualStudio/TeamTest/2010">
  <Times creation="2026-08-03T04:52:16.2409699+02:00" queuing="2026-08-03T04:52:16.2409700+02:00" start="2026-08-03T04:52:15.9396683+02:00" finish="2026-08-03T04:52:21.6070422+02:00" />
  <TestSettings name="default" id="bb9a1ce2-b5ea-4693-9712-6333edf572ff">
    <Deployment runDeploymentRoot="_0bc8bbef51b6_2026-08-03_04_52_16" />
  </TestSettings>
  <Results>
    <UnitTestResult executionId="6f874acc-c543-4cdc-994f-aa79e6da5d53" testId="7f8ca683-3117-37b8-0053-c887197c0653" testName="DesignChecks.sensor.a THROWING catalog port degrades to CatalogUnavailable, never escapes senseDesign (#56/B13)" computerName="0bc8bbef51b6" duration="00:00:00.0090000" startTime="2026-08-03T04:52:16.2060521+02:00" endTime="2026-08-03T04:52:16.2213850+02:00" testType="13cdc9d9-ddb5-4fa4-a97d-d965ccfc6d4b" outcome="Passed" testListId="8c84fa94-04c1-424b-9868-57a2d4851a1d" relativeResultsDirectory="6f874acc-c543-4cdc-994f-aa79e6da5d53" />
    <UnitTestResult executionId="92d4064b-2105-40f8-92a1-82656c902bb9" testId="aabaa05b-7255-161f-345a-86dcbf035046" testName="EvidenceBoundary.each producer inventory mutation has teeth" computerName="0bc8bbef51b6" duration="00:00:00.1250000" startTime="2026-08-03T04:52:16.2311085+02:00" endTime="2026-08-03T04:52:16.3570408+02:00" testType="13cdc9d9-ddb5-4fa4-a97d-d965ccfc6d4b" outcome="Passed" testListId="8c84fa94-04c1-424b-9868-57a2d4851a1d" relativeResultsDirectory="92d4064b-2105-40f8-92a1-82656c902bb9" />
    <UnitTestResult executionId="b9e6d90a-341c-414c-9b72-bd072c822956" testId="3f329a81-9ae9-bcc6-6716-ed3c5e7f7478" testName="EvidenceBoundary.unknown partial stale and failed-command controls fail closed" computerName="0bc8bbef51b6" duration="00:00:00.1340000" startTime="2026-08-03T04:52:16.2310925+02:00" endTime="2026-08-03T04:52:16.3658472+02:00" testType="13cdc9d9-ddb5-4fa4-a97d-d965ccfc6d4b" outcome="Passed" testListId="8c84fa94-04c1-424b-9868-57a2d4851a1d" relativeResultsDirectory="b9e6d90a-341c-414c-9b72-bd072c822956" />
    <UnitTestResult executionId="e0f583d8-20f2-47b6-88f0-f29ff01ceb5b" testId="cb3a2a53-e4b6-32ad-5f95-801b8ccdc1bc" testName="EvidenceBoundary.dispatch only and degraded only cannot satisfy observed outcome" computerName="0bc8bbef51b6" duration="00:00:00.1340000" startTime="2026-08-03T04:52:16.2310437+02:00" endTime="2026-08-03T04:52:16.3655345+02:00" testType="13cdc9d9-ddb5-4fa4-a97d-d965ccfc6d4b" outcome="Passed" testListId="8c84fa94-04c1-424b-9868-57a2d4851a1d" relativeResultsDirectory="e0f583d8-20f2-47b6-88f0-f29ff01ceb5b" />
    <UnitTestResult executionId="8554b413-d0d7-432d-a24f-8374649413d7" testId="b0f95b99-7241-cf99-e63b-0d3f5f50436e" testName="FSharpSurface.evaluate.root signature does not satisfy a src-only declared glob" computerName="0bc8bbef51b6" duration="00:00:01.9960000" startTime="2026-08-03T04:52:16.2157661+02:00" endTime="2026-08-03T04:52:18.2120046+02:00" testType="13cdc9d9-ddb5-4fa4-a97d-d965ccfc6d4b" outcome="Passed" testListId="8c84fa94-04c1-424b-9868-57a2d4851a1d" relativeResultsDirectory="8554b413-d0d7-432d-a24f-8374649413d7" />
    <UnitTestResult executionId="3ebc00d4-b9de-4b05-a839-b8c390187acc" testId="e037c5f9-a73d-5932-f5be-15dc77be64c9" testName="FSharpSurface.evaluate.versioned receipt is deterministic and malformed project input fails closed" computerName="0bc8bbef51b6" duration="00:00:02.5760000" startTime="2026-08-03T04:52:16.2073460+02:00" endTime="2026-08-03T04:52:18.7904485+02:00" testType="13cdc9d9-ddb5-4fa4-a97d-d965ccfc6d4b" outcome="Passed" testListId="8c84fa94-04c1-424b-9868-57a2d4851a1d" relativeResultsDirectory="3ebc00d4-b9de-4b05-a839-b8c390187acc" />
    <UnitTestResult executionId="76c2aeed-87b2-46d6-9455-6ce2fa2f4c0c" testId="d9b6e161-4d89-b399-c04f-55672bc73cb7" testName="DesignChecks.evaluate.catalog unavailable ⇒ IsInputState design.catalog-unavailable naming the catalog" computerName="0bc8bbef51b6" duration="00:00:00.0030000" startTime="2026-08-03T04:52:16.2665417+02:00" endTime="2026-08-03T04:52:16.2703991+02:00" testType="13cdc9d9-ddb5-4fa4-a97d-d965ccfc6d4b" outcome="Passed" testListId="8c84fa94-04c1-424b-9868-57a2d4851a1d" relativeResultsDirectory="76c2aeed-87b2-46d6-9455-6ce2fa2f4c0c" />
    <UnitTestResult executionId="f49120c6-4ace-497d-99b4-61a9f305944d" testId="c5739d3a-5f6e-1993-55ed-6e6eae39484e" testName="FSharpSurface.evaluate.Rogue3-shaped executable module without a signature produces an advisory migration finding" computerName="0bc8bbef51b6" duration="00:00:00.0160000" startTime="2026-08-03T04:52:16.2061293+02:00" endTime="2026-08-03T04:52:16.2300757+02:00" testType="13cdc9d9-ddb5-4fa4-a97d-d965ccfc6d4b" outcome="Passed" testListId="8c84fa94-04c1-424b-9868-57a2d4851a1d" relativeResultsDirectory="f49120c6-4ace-497d-99b4-61a9f305944d" />
    <UnitTestResult executionId="908a0b80-4833-473a-afe4-c3bd1bd98166" testId="273d355b-8999-b5ff-8814-c54196a80d37" testName="FSharpSurfaceCommand.production command persists deterministic configured-policy receipts across zero, populated, non-applicable, internal, and malformed fixtures" computerName="0bc8bbef51b6" duration="00:00:02.2930000" startTime="2026-08-03T04:52:19.2773151+02:00" endTime="2026-08-03T04:52:21.5709006+02:00" testType="13cdc9d9-ddb5-4fa4-a97d-d965ccfc6d4b" outcome="Passed" testListId="8c84fa94-04c1-424b-9868-57a2d4851a1d" relativeResultsDirectory="908a0b80-4833-473a-afe4-c3bd1bd98166" />
    <UnitTestResult executionId="1742380e-c04b-4206-9771-a77b3b8ecb6a" testId="c52eb8c0-d6d2-66d1-2420-8d01f639b800" testName="FSharpSurface.evaluate.Rogue3-shaped many implementations and zero signatures reports applicable zero matches" computerName="0bc8bbef51b6" duration="00:00:00.0020000" startTime="2026-08-03T04:52:16.2309930+02:00" endTime="2026-08-03T04:52:16.2334997+02:00" testType="13cdc9d9-ddb5-4fa4-a97d-d965ccfc6d4b" outcome="Passed" testListId="8c84fa94-04c1-424b-9868-57a2d4851a1d" relativeResultsDirectory="1742380e-c04b-4206-9771-a77b3b8ecb6a" />
    <UnitTestResult executionId="f0e2a1da-d88d-4424-a3db-396ea4ba2caf" testId="1dd8e1bd-c2e7-9302-025b-202e0223d822" testName="EvidenceBoundary.explicit malformed nonzero result is a valid safe-failure receipt" computerName="0bc8bbef51b6" duration="00:00:00.2400000" startTime="2026-08-03T04:52:16.2310738+02:00" endTime="2026-08-03T04:52:16.4715603+02:00" testType="13cdc9d9-ddb5-4fa4-a97d-d965ccfc6d4b" outcome="Passed" testListId="8c84fa94-04c1-424b-9868-57a2d4851a1d" relativeResultsDirectory="f0e2a1da-d88d-4424-a3db-396ea4ba2caf" />
    <UnitTestResult executionId="e690ef98-26eb-4ff2-bbbd-11e405962088" testId="f91d09bf-09a6-ef17-e759-9eb95c39e5a5" testName="FSharpSurface.evaluate.receipt distinguishes zero and many matched modules deterministically" computerName="0bc8bbef51b6" duration="00:00:01.8220000" startTime="2026-08-03T04:52:16.2073566+02:00" endTime="2026-08-03T04:52:18.0373714+02:00" testType="13cdc9d9-ddb5-4fa4-a97d-d965ccfc6d4b" outcome="Passed" testListId="8c84fa94-04c1-424b-9868-57a2d4851a1d" relativeResultsDirectory="e690ef98-26eb-4ff2-bbbd-11e405962088" />
    <UnitTestResult executionId="40c9878d-424e-4686-9f4d-ea4312dbfed9" testId="a58f9fa1-bb01-0415-f2af-7403e2a9e1cd" testName="DesignChecks.evaluate.sub-threshold contrast ⇒ Blocking design.contrast reporting ratio vs threshold" computerName="0bc8bbef51b6" duration="00:00:00.0100000" startTime="2026-08-03T04:52:16.2456760+02:00" endTime="2026-08-03T04:52:16.2565480+02:00" testType="13cdc9d9-ddb5-4fa4-a97d-d965ccfc6d4b" outcome="Passed" testListId="8c84fa94-04c1-424b-9868-57a2d4851a1d" relativeResultsDirectory="40c9878d-424e-4686-9f4d-ea4312dbfed9" />
    <UnitTestResult executionId="5ea6622a-049b-45a9-baca-c4b2e34e2086" testId="a05ae36f-5933-b87a-3df5-5add8a8e5aba" testName="EvidenceBoundary.actual generated source regeneration schema golden and consumer mutations red" computerName="0bc8bbef51b6" duration="00:00:00.1310000" startTime="2026-08-03T04:52:16.2311021+02:00" endTime="2026-08-03T04:52:16.3631998+02:00" testType="13cdc9d9-ddb5-4fa4-a97d-d965ccfc6d4b" outcome="Passed" testListId="8c84fa94-04c1-424b-9868-57a2d4851a1d" relativeResultsDirectory="5ea6622a-049b-45a9-baca-c4b2e34e2086" />
    <UnitTestResult executionId="4a61716a-1c38-489c-9950-c1a6df3d32b8" testId="120b4ad8-f199-039f-6297-035886abddfa" testName="DesignChecks.sensor.senseDesign resolves referenced entries + every contrast pair against the real catalogs" computerName="0bc8bbef51b6" duration="00:00:00.0140000" startTime="2026-08-03T04:52:16.2060421+02:00" endTime="2026-08-03T04:52:16.2237665+02:00" testType="13cdc9d9-ddb5-4fa4-a97d-d965ccfc6d4b" outcome="Passed" testListId="8c84fa94-04c1-424b-9868-57a2d4851a1d" relativeResultsDirectory="4a61716a-1c38-489c-9950-c1a6df3d32b8" />
    <UnitTestResult executionId="2932366d-3adb-4e4a-8c7b-5e687b797d02" testId="719d28cd-2c07-0065-46a9-1c55b0f887ac" testName="FSharpSurface.evaluate.configured glob selects repo-relative compiled signatures for zero one and many cardinality" computerName="0bc8bbef51b6" duration="00:00:03.0510000" startTime="2026-08-03T04:52:16.2153392+02:00" endTime="2026-08-03T04:52:19.2667560+02:00" testType="13cdc9d9-ddb5-4fa4-a97d-d965ccfc6d4b" outcome="Passed" testListId="8c84fa94-04c1-424b-9868-57a2d4851a1d" relativeResultsDirectory="2932366d-3adb-4e4a-8c7b-5e687b797d02" />
    <UnitTestResult executionId="90100860-3ffa-429d-8f08-58f59b5944e2" testId="671d34c9-ddc4-4523-5df7-fc7a63b38e87" testName="FSharpSurface.evaluate.test-project modules are excluded" computerName="0bc8bbef51b6" duration="00:00:00.0020000" startTime="2026-08-03T04:52:16.2064439+02:00" endTime="2026-08-03T04:52:16.2262526+02:00" testType="13cdc9d9-ddb5-4fa4-a97d-d965ccfc6d4b" outcome="Passed" testListId="8c84fa94-04c1-424b-9868-57a2d4851a1d" relativeResultsDirectory="90100860-3ffa-429d-8f08-58f59b5944e2" />
    <UnitTestResult executionId="0f83b42f-c865-44be-af85-18bd3116719c" testId="0f3cdbfb-cb70-987b-4a91-a282bfb0504e" testName="FSharpSurface.evaluate.project sensor preserves Compile order and sees a Rogue3-shaped source as public by default" computerName="0bc8bbef51b6" duration="00:00:00.0190000" startTime="2026-08-03T04:52:16.2065316+02:00" endTime="2026-08-03T04:52:16.2288818+02:00" testType="13cdc9d9-ddb5-4fa4-a97d-d965ccfc6d4b" outcome="Passed" testListId="8c84fa94-04c1-424b-9868-57a2d4851a1d" relativeResultsDirectory="0f83b42f-c865-44be-af85-18bd3116719c" />
    <UnitTestResult executionId="49b4bf77-9b16-490e-b052-1954b8472387" testId="abe00f63-8372-055c-4c16-be5eba82657b" testName="SurfaceDrift.DesignChecks public surface equals the committed baseline" computerName="0bc8bbef51b6" duration="00:00:00.0480000" startTime="2026-08-03T04:52:16.2060353+02:00" endTime="2026-08-03T04:52:16.2580945+02:00" testType="13cdc9d9-ddb5-4fa4-a97d-d965ccfc6d4b" outcome="Passed" testListId="8c84fa94-04c1-424b-9868-57a2d4851a1d" relativeResultsDirectory="49b4bf77-9b16-490e-b052-1954b8472387" />
    <UnitTestResult executionId="ff11c2fa-e751-4673-b203-11098749e2e3" testId="3eeba9e4-3262-45bb-8e22-26aa66f56506" testName="DesignChecks.determinism.repeated evaluate over identical facts ⇒ byte-identical" computerName="0bc8bbef51b6" duration="00:00:00.0110000" startTime="2026-08-03T04:52:16.2060559+02:00" endTime="2026-08-03T04:52:16.2214321+02:00" testType="13cdc9d9-ddb5-4fa4-a97d-d965ccfc6d4b" outcome="Passed" testListId="8c84fa94-04c1-424b-9868-57a2d4851a1d" relativeResultsDirectory="ff11c2fa-e751-4673-b203-11098749e2e3" />
    <UnitTestResult executionId="a3824f2f-f5ba-4263-98da-b1b19eff75c1" testId="1ba3de8a-c424-7651-20b7-4d3500c4c91b" testName="EvidenceBoundary.findings identify the fact and one bounded correction" computerName="0bc8bbef51b6" duration="00:00:00.1230000" startTime="2026-08-03T04:52:16.2331982+02:00" endTime="2026-08-03T04:52:16.3570839+02:00" testType="13cdc9d9-ddb5-4fa4-a97d-d965ccfc6d4b" outcome="Passed" testListId="8c84fa94-04c1-424b-9868-57a2d4851a1d" relativeResultsDirectory="a3824f2f-f5ba-4263-98da-b1b19eff75c1" />
    <UnitTestResult executionId="eaa7a5d2-7a34-4782-a109-012aafa65920" testId="f60aba49-fee8-b749-3219-1495dccc73bb" testName="FSharpSurface.evaluate.paired signatures report order, docs, source mismatch, and applicable baseline independently" computerName="0bc8bbef51b6" duration="00:00:00.0060000" startTime="2026-08-03T04:52:16.2063388+02:00" endTime="2026-08-03T04:52:16.2262518+02:00" testType="13cdc9d9-ddb5-4fa4-a97d-d965ccfc6d4b" outcome="Passed" testListId="8c84fa94-04c1-424b-9868-57a2d4851a1d" relativeResultsDirectory="eaa7a5d2-7a34-4782-a109-012aafa65920" />
    <UnitTestResult executionId="ac0bbde6-acf8-41d7-9f1c-01f5fbd44096" testId="33868b10-85d5-c18f-2f4e-4fef1ead8465" testName="DesignChecks.sensor.absent catalog ⇒ recorded in CatalogUnavailable, never a fabricated pass (FR-012)" computerName="0bc8bbef51b6" duration="00:00:00.0120000" startTime="2026-08-03T04:52:16.2060477+02:00" endTime="2026-08-03T04:52:16.2215844+02:00" testType="13cdc9d9-ddb5-4fa4-a97d-d965ccfc6d4b" outcome="Passed" testListId="8c84fa94-04c1-424b-9868-57a2d4851a1d" relativeResultsDirectory="ac0bbde6-acf8-41d7-9f1c-01f5fbd44096" />
    <UnitTestResult executionId="4415bc54-fcce-4e03-b21c-d3f04cfe9dd4" testId="20128939-0d4b-97b1-b6ed-636252fd5c89" testName="EvidenceBoundary.render execution and semantic receipt mutations red" computerName="0bc8bbef51b6" duration="00:00:00.1230000" startTime="2026-08-03T04:52:16.2335304+02:00" endTime="2026-08-03T04:52:16.3575174+02:00" testType="13cdc9d9-ddb5-4fa4-a97d-d965ccfc6d4b" outcome="Passed" testListId="8c84fa94-04c1-424b-9868-57a2d4851a1d" relativeResultsDirectory="4415bc54-fcce-4e03-b21c-d3f04cfe9dd4" />
    <UnitTestResult executionId="6de41abe-e999-4b89-9b0f-a7740103e290" testId="6a32c112-aaaf-ab6b-367d-264fe8e3da55" testName="DesignChecks.evaluate.all resolve + contrast meets ⇒ zero findings" computerName="0bc8bbef51b6" startTime="2026-08-03T04:52:16.2415572+02:00" endTime="2026-08-03T04:52:16.2564051+02:00" testType="13cdc9d9-ddb5-4fa4-a97d-d965ccfc6d4b" outcome="Passed" testListId="8c84fa94-04c1-424b-9868-57a2d4851a1d" relativeResultsDirectory="6de41abe-e999-4b89-9b0f-a7740103e290" />
    <UnitTestResult executionId="86938a29-f0ce-44ae-a60e-ea25389f0b4c" testId="209b92ae-fb3c-8c36-ac38-5c22aae1fa42" testName="FSharpSurface.evaluate.internal modules, entry points, generated sources, and complete exemptions do not need a signature" computerName="0bc8bbef51b6" duration="00:00:00.0030000" startTime="2026-08-03T04:52:16.2062285+02:00" endTime="2026-08-03T04:52:16.2214066+02:00" testType="13cdc9d9-ddb5-4fa4-a97d-d965ccfc6d4b" outcome="Passed" testListId="8c84fa94-04c1-424b-9868-57a2d4851a1d" relativeResultsDirectory="86938a29-f0ce-44ae-a60e-ea25389f0b4c" />
    <UnitTestResult executionId="a5b4fb15-2bf4-424b-bfc2-3e7bd1421eb0" testId="5ed5ec60-f693-d1c6-51f8-f576c483bb65" testName="FSharpSurface.evaluate.configured block-on-ship policy is projected by the v1 receipt rather than a hardcoded advisory token" computerName="0bc8bbef51b6" duration="00:00:00.0010000" startTime="2026-08-03T04:52:16.2310065+02:00" endTime="2026-08-03T04:52:16.2349026+02:00" testType="13cdc9d9-ddb5-4fa4-a97d-d965ccfc6d4b" outcome="Passed" testListId="8c84fa94-04c1-424b-9868-57a2d4851a1d" relativeResultsDirectory="a5b4fb15-2bf4-424b-bfc2-3e7bd1421eb0" />
    <UnitTestResult executionId="0747dfbb-516e-40a0-9db7-713905fdfb8f" testId="8882c7a1-1ac2-66e0-a4db-df0c8b10f412" testName="FSharpSurface.evaluate.compiler rejects an adjacent same-name declaration with an incompatible type" computerName="0bc8bbef51b6" duration="00:00:01.5380000" startTime="2026-08-03T04:52:16.2068718+02:00" endTime="2026-08-03T04:52:17.7516458+02:00" testType="13cdc9d9-ddb5-4fa4-a97d-d965ccfc6d4b" outcome="Passed" testListId="8c84fa94-04c1-424b-9868-57a2d4851a1d" relativeResultsDirectory="0747dfbb-516e-40a0-9db7-713905fdfb8f" />
    <UnitTestResult executionId="d2d0fa60-4f1e-4cde-a1ea-dcd3ca6e2211" testId="ff0e2c79-1754-aed0-1535-186c4cbe64fb" testName="EvidenceBoundary.all degraded optional integrations are accepted as explicit outcomes" computerName="0bc8bbef51b6" duration="00:00:00.1260000" startTime="2026-08-03T04:52:16.2310593+02:00" endTime="2026-08-03T04:52:16.3580402+02:00" testType="13cdc9d9-ddb5-4fa4-a97d-d965ccfc6d4b" outcome="Passed" testListId="8c84fa94-04c1-424b-9868-57a2d4851a1d" relativeResultsDirectory="d2d0fa60-4f1e-4cde-a1ea-dcd3ca6e2211" />
    <UnitTestResult executionId="dab6408d-197c-4f97-a072-1d3a1ed24cee" testId="a8c12fb7-fd36-92b6-9240-f4e850f659e5" testName="EvidenceBoundary.real process filesystem schema golden and consumer receipts feed evaluate" computerName="0bc8bbef51b6" duration="00:00:00.1250000" startTime="2026-08-03T04:52:16.2310275+02:00" endTime="2026-08-03T04:52:16.3572450+02:00" testType="13cdc9d9-ddb5-4fa4-a97d-d965ccfc6d4b" outcome="Passed" testListId="8c84fa94-04c1-424b-9868-57a2d4851a1d" relativeResultsDirectory="dab6408d-197c-4f97-a072-1d3a1ed24cee" />
    <UnitTestResult executionId="c1f2156e-fcfa-4ee0-9ef3-5733b6e64922" testId="b13be357-8e11-fd32-24bf-249430bbcfe5" testName="FSharpSurface.evaluate.project sensor reads documented signatures and fail-closes missing compiled source" computerName="0bc8bbef51b6" duration="00:00:01.7810000" startTime="2026-08-03T04:52:16.2066520+02:00" endTime="2026-08-03T04:52:17.9953150+02:00" testType="13cdc9d9-ddb5-4fa4-a97d-d965ccfc6d4b" outcome="Passed" testListId="8c84fa94-04c1-424b-9868-57a2d4851a1d" relativeResultsDirectory="c1f2156e-fcfa-4ee0-9ef3-5733b6e64922" />
    <UnitTestResult executionId="c6c68817-4838-4277-bfc2-0862b50c10e4" testId="112fd1ae-152a-5f49-2063-6d92ff7d569f" testName="DesignChecks.renderFence.references only FS.GG.Governance.*/BCL/FSharp.Core (no rendering/UI/registry/network)" computerName="0bc8bbef51b6" duration="00:00:00.0160000" startTime="2026-08-03T04:52:16.2060368+02:00" endTime="2026-08-03T04:52:16.2257602+02:00" testType="13cdc9d9-ddb5-4fa4-a97d-d965ccfc6d4b" outcome="Passed" testListId="8c84fa94-04c1-424b-9868-57a2d4851a1d" relativeResultsDirectory="c6c68817-4838-4277-bfc2-0862b50c10e4" />
    <UnitTestResult executionId="bf6e5893-8581-4f85-bd5f-a817c0692949" testId="668d6466-19ec-c6fa-b562-627afc835c44" testName="FSharpSurface.evaluate.compiler validates a signature with the real project-reference context" computerName="0bc8bbef51b6" duration="00:00:02.7290000" startTime="2026-08-03T04:52:16.2070833+02:00" endTime="2026-08-03T04:52:18.9428697+02:00" testType="13cdc9d9-ddb5-4fa4-a97d-d965ccfc6d4b" outcome="Passed" testListId="8c84fa94-04c1-424b-9868-57a2d4851a1d" relativeResultsDirectory="bf6e5893-8581-4f85-bd5f-a817c0692949" />
    <UnitTestResult executionId="e8406d9c-0f18-489f-a470-758f132c181d" testId="a6da9515-df05-1f8c-b7c4-908da7c4948a" testName="EvidenceBoundary.all dispatch only records cannot masquerade as optional degraded outcomes" computerName="0bc8bbef51b6" duration="00:00:00.1260000" startTime="2026-08-03T04:52:16.2310641+02:00" endTime="2026-08-03T04:52:16.3578690+02:00" testType="13cdc9d9-ddb5-4fa4-a97d-d965ccfc6d4b" outcome="Passed" testListId="8c84fa94-04c1-424b-9868-57a2d4851a1d" relativeResultsDirectory="e8406d9c-0f18-489f-a470-758f132c181d" />
    <UnitTestResult executionId="e3a963de-d0cb-4871-b0dd-10e1294af774" testId="51aa1be0-9347-3243-ee7b-1341de810ffa" testName="FSharpSurface.evaluate.malformed policy is input-state evidence, never a clean receipt" computerName="0bc8bbef51b6" duration="00:00:00.0030000" startTime="2026-08-03T04:52:16.2310152+02:00" endTime="2026-08-03T04:52:16.2349247+02:00" testType="13cdc9d9-ddb5-4fa4-a97d-d965ccfc6d4b" outcome="Passed" testListId="8c84fa94-04c1-424b-9868-57a2d4851a1d" relativeResultsDirectory="e3a963de-d0cb-4871-b0dd-10e1294af774" />
    <UnitTestResult executionId="91bd6e2f-57a9-4a16-b8a7-e67ea4170945" testId="33ab955e-710a-bc46-1ede-fa70d8e82269" testName="DesignChecks.determinism.reordering tokens leaves the sorted findings unchanged" computerName="0bc8bbef51b6" duration="00:00:00.0110000" startTime="2026-08-03T04:52:16.2060598+02:00" endTime="2026-08-03T04:52:16.2214148+02:00" testType="13cdc9d9-ddb5-4fa4-a97d-d965ccfc6d4b" outcome="Passed" testListId="8c84fa94-04c1-424b-9868-57a2d4851a1d" relativeResultsDirectory="91bd6e2f-57a9-4a16-b8a7-e67ea4170945" />
    <UnitTestResult executionId="4e4823b4-c1ed-4da4-b3e9-16bd07c94e50" testId="7b5d8a88-fddd-075e-5b9b-8b28e7443fa4" testName="FSharpSurface.evaluate.live policy carries valid exemptions and stale applicable baselines" computerName="0bc8bbef51b6" duration="00:00:00.0160000" startTime="2026-08-03T04:52:16.2071781+02:00" endTime="2026-08-03T04:52:16.2300693+02:00" testType="13cdc9d9-ddb5-4fa4-a97d-d965ccfc6d4b" outcome="Passed" testListId="8c84fa94-04c1-424b-9868-57a2d4851a1d" relativeResultsDirectory="4e4823b4-c1ed-4da4-b3e9-16bd07c94e50" />
    <UnitTestResult executionId="33c74799-71a0-4353-85e1-5d58eb7d12b8" testId="bc488ea9-0412-16ba-b982-67cc452944de" testName="FSharpSurface.evaluate.expired live exemption fails closed" computerName="0bc8bbef51b6" duration="00:00:00.0130000" startTime="2026-08-03T04:52:16.2072591+02:00" endTime="2026-08-03T04:52:16.2282387+02:00" testType="13cdc9d9-ddb5-4fa4-a97d-d965ccfc6d4b" outcome="Passed" testListId="8c84fa94-04c1-424b-9868-57a2d4851a1d" relativeResultsDirectory="33c74799-71a0-4353-85e1-5d58eb7d12b8" />
    <UnitTestResult executionId="4e86aef8-8730-4ba4-bc22-e0349be751f5" testId="a59dddca-da55-c5b4-b7c1-5711e8189e82" testName="EvidenceBoundary.synthetic records are disclosed support but cannot satisfy real obligations" computerName="0bc8bbef51b6" duration="00:00:00.1340000" startTime="2026-08-03T04:52:16.2310283+02:00" endTime="2026-08-03T04:52:16.3660985+02:00" testType="13cdc9d9-ddb5-4fa4-a97d-d965ccfc6d4b" outcome="Passed" testListId="8c84fa94-04c1-424b-9868-57a2d4851a1d" relativeResultsDirectory="4e86aef8-8730-4ba4-bc22-e0349be751f5" />
    <UnitTestResult executionId="51804ba4-49a2-4bc9-9ad7-8e0e414a9594" testId="12ea56be-eff6-5d5f-cf24-a28e540de6b3" testName="DesignChecks.evaluate.absent token/capture/control ⇒ Blocking design.&lt;kind&gt; naming the entry" computerName="0bc8bbef51b6" duration="00:00:00.0030000" startTime="2026-08-03T04:52:16.2420791+02:00" endTime="2026-08-03T04:52:16.2565421+02:00" testType="13cdc9d9-ddb5-4fa4-a97d-d965ccfc6d4b" outcome="Passed" testListId="8c84fa94-04c1-424b-9868-57a2d4851a1d" relativeResultsDirectory="51804ba4-49a2-4bc9-9ad7-8e0e414a9594" />
    <UnitTestResult executionId="3c282fad-b822-4be3-93f1-1291f9de0f1c" testId="3a9867b3-328c-7288-54d3-8e866a5a197f" testName="DesignChecks.renderFence.no Skia/rendering/UI/registry symbol is referenced (SC-004)" computerName="0bc8bbef51b6" duration="00:00:00.0030000" startTime="2026-08-03T04:52:16.2060383+02:00" endTime="2026-08-03T04:52:16.2213819+02:00" testType="13cdc9d9-ddb5-4fa4-a97d-d965ccfc6d4b" outcome="Passed" testListId="8c84fa94-04c1-424b-9868-57a2d4851a1d" relativeResultsDirectory="3c282fad-b822-4be3-93f1-1291f9de0f1c" />
    <UnitTestResult executionId="b3155606-de6d-4bd0-8fc5-138b1117b765" testId="fcf65e77-498c-3726-4f0e-45a5f5e5bb3d" testName="FSharpSurface.evaluate.project sensor detects an adjacent signature declaration absent from implementation" computerName="0bc8bbef51b6" duration="00:00:01.6700000" startTime="2026-08-03T04:52:16.2067515+02:00" endTime="2026-08-03T04:52:17.8834590+02:00" testType="13cdc9d9-ddb5-4fa4-a97d-d965ccfc6d4b" outcome="Passed" testListId="8c84fa94-04c1-424b-9868-57a2d4851a1d" relativeResultsDirectory="b3155606-de6d-4bd0-8fc5-138b1117b765" />
    <UnitTestResult executionId="d0b36d8a-99fb-4a68-ae9a-f1a4d38c65af" testId="059544cd-7893-0d91-8f34-544b70374f48" testName="FSharpSurface.evaluate.compiler validates a signature in its real earlier-source project context" computerName="0bc8bbef51b6" duration="00:00:01.9750000" startTime="2026-08-03T04:52:16.2069741+02:00" endTime="2026-08-03T04:52:18.1885416+02:00" testType="13cdc9d9-ddb5-4fa4-a97d-d965ccfc6d4b" outcome="Passed" testListId="8c84fa94-04c1-424b-9868-57a2d4851a1d" relativeResultsDirectory="d0b36d8a-99fb-4a68-ae9a-f1a4d38c65af" />
  </Results>
  <TestDefinitions>
    <UnitTest name="FSharpSurface.evaluate.configured block-on-ship policy is projected by the v1 receipt rather than a hardcoded advisory token" storage="/home/developer/projects/fs.gg.governance-370/tests/fs.gg.governance.designchecks.tests/bin/release/net10.0/fs.gg.governance.designchecks.tests.dll" id="5ed5ec60-f693-d1c6-51f8-f576c483bb65">
      <Execution id="a5b4fb15-2bf4-424b-bfc2-3e7bd1421eb0" />
      <TestMethod codeBase="/home/developer/projects/FS.GG.Governance-370/tests/FS.GG.Governance.DesignChecks.Tests/bin/Release/net10.0/FS.GG.Governance.DesignChecks.Tests.dll" adapterTypeName="executor://yolodev/expecto" className="FSharpSurface.evaluate" name="configured block-on-ship policy is projected by the v1 receipt rather than a hardcoded advisory token" />
    </UnitTest>
    <UnitTest name="FSharpSurface.evaluate.live policy carries valid exemptions and stale applicable baselines" storage="/home/developer/projects/fs.gg.governance-370/tests/fs.gg.governance.designchecks.tests/bin/release/net10.0/fs.gg.governance.designchecks.tests.dll" id="7b5d8a88-fddd-075e-5b9b-8b28e7443fa4">
      <Execution id="4e4823b4-c1ed-4da4-b3e9-16bd07c94e50" />
      <TestMethod codeBase="/home/developer/projects/FS.GG.Governance-370/tests/FS.GG.Governance.DesignChecks.Tests/bin/Release/net10.0/FS.GG.Governance.DesignChecks.Tests.dll" adapterTypeName="executor://yolodev/expecto" className="FSharpSurface.evaluate" name="live policy carries valid exemptions and stale applicable baselines" />
    </UnitTest>
    <UnitTest name="EvidenceBoundary.synthetic records are disclosed support but cannot satisfy real obligations" storage="/home/developer/projects/fs.gg.governance-370/tests/fs.gg.governance.designchecks.tests/bin/release/net10.0/fs.gg.governance.designchecks.tests.dll" id="a59dddca-da55-c5b4-b7c1-5711e8189e82">
      <Execution id="4e86aef8-8730-4ba4-bc22-e0349be751f5" />
      <TestMethod codeBase="/home/developer/projects/FS.GG.Governance-370/tests/FS.GG.Governance.DesignChecks.Tests/bin/Release/net10.0/FS.GG.Governance.DesignChecks.Tests.dll" adapterTypeName="executor://yolodev/expecto" className="EvidenceBoundary" name="synthetic records are disclosed support but cannot satisfy real obligations" />
    </UnitTest>
    <UnitTest name="FSharpSurface.evaluate.project sensor preserves Compile order and sees a Rogue3-shaped source as public by default" storage="/home/developer/projects/fs.gg.governance-370/tests/fs.gg.governance.designchecks.tests/bin/release/net10.0/fs.gg.governance.designchecks.tests.dll" id="0f3cdbfb-cb70-987b-4a91-a282bfb0504e">
      <Execution id="0f83b42f-c865-44be-af85-18bd3116719c" />
      <TestMethod codeBase="/home/developer/projects/FS.GG.Governance-370/tests/FS.GG.Governance.DesignChecks.Tests/bin/Release/net10.0/FS.GG.Governance.DesignChecks.Tests.dll" adapterTypeName="executor://yolodev/expecto" className="FSharpSurface.evaluate" name="project sensor preserves Compile order and sees a Rogue3-shaped source as public by default" />
    </UnitTest>
    <UnitTest name="DesignChecks.determinism.reordering tokens leaves the sorted findings unchanged" storage="/home/developer/projects/fs.gg.governance-370/tests/fs.gg.governance.designchecks.tests/bin/release/net10.0/fs.gg.governance.designchecks.tests.dll" id="33ab955e-710a-bc46-1ede-fa70d8e82269">
      <Execution id="91bd6e2f-57a9-4a16-b8a7-e67ea4170945" />
      <TestMethod codeBase="/home/developer/projects/FS.GG.Governance-370/tests/FS.GG.Governance.DesignChecks.Tests/bin/Release/net10.0/FS.GG.Governance.DesignChecks.Tests.dll" adapterTypeName="executor://yolodev/expecto" className="DesignChecks.determinism" name="reordering tokens leaves the sorted findings unchanged" />
    </UnitTest>
    <UnitTest name="FSharpSurface.evaluate.versioned receipt is deterministic and malformed project input fails closed" storage="/home/developer/projects/fs.gg.governance-370/tests/fs.gg.governance.designchecks.tests/bin/release/net10.0/fs.gg.governance.designchecks.tests.dll" id="e037c5f9-a73d-5932-f5be-15dc77be64c9">
      <Execution id="3ebc00d4-b9de-4b05-a839-b8c390187acc" />
      <TestMethod codeBase="/home/developer/projects/FS.GG.Governance-370/tests/FS.GG.Governance.DesignChecks.Tests/bin/Release/net10.0/FS.GG.Governance.DesignChecks.Tests.dll" adapterTypeName="executor://yolodev/expecto" className="FSharpSurface.evaluate" name="versioned receipt is deterministic and malformed project input fails closed" />
    </UnitTest>
    <UnitTest name="FSharpSurface.evaluate.paired signatures report order, docs, source mismatch, and applicable baseline independently" storage="/home/developer/projects/fs.gg.governance-370/tests/fs.gg.governance.designchecks.tests/bin/release/net10.0/fs.gg.governance.designchecks.tests.dll" id="f60aba49-fee8-b749-3219-1495dccc73bb">
      <Execution id="eaa7a5d2-7a34-4782-a109-012aafa65920" />
      <TestMethod codeBase="/home/developer/projects/FS.GG.Governance-370/tests/FS.GG.Governance.DesignChecks.Tests/bin/Release/net10.0/FS.GG.Governance.DesignChecks.Tests.dll" adapterTypeName="executor://yolodev/expecto" className="FSharpSurface.evaluate" name="paired signatures report order, docs, source mismatch, and applicable baseline independently" />
    </UnitTest>
    <UnitTest name="EvidenceBoundary.actual generated source regeneration schema golden and consumer mutations red" storage="/home/developer/projects/fs.gg.governance-370/tests/fs.gg.governance.designchecks.tests/bin/release/net10.0/fs.gg.governance.designchecks.tests.dll" id="a05ae36f-5933-b87a-3df5-5add8a8e5aba">
      <Execution id="5ea6622a-049b-45a9-baca-c4b2e34e2086" />
      <TestMethod codeBase="/home/developer/projects/FS.GG.Governance-370/tests/FS.GG.Governance.DesignChecks.Tests/bin/Release/net10.0/FS.GG.Governance.DesignChecks.Tests.dll" adapterTypeName="executor://yolodev/expecto" className="EvidenceBoundary" name="actual generated source regeneration schema golden and consumer mutations red" />
    </UnitTest>
    <UnitTest name="DesignChecks.evaluate.all resolve + contrast meets ⇒ zero findings" storage="/home/developer/projects/fs.gg.governance-370/tests/fs.gg.governance.designchecks.tests/bin/release/net10.0/fs.gg.governance.designchecks.tests.dll" id="6a32c112-aaaf-ab6b-367d-264fe8e3da55">
      <Execution id="6de41abe-e999-4b89-9b0f-a7740103e290" />
      <TestMethod codeBase="/home/developer/projects/FS.GG.Governance-370/tests/FS.GG.Governance.DesignChecks.Tests/bin/Release/net10.0/FS.GG.Governance.DesignChecks.Tests.dll" adapterTypeName="executor://yolodev/expecto" className="DesignChecks.evaluate" name="all resolve + contrast meets ⇒ zero findings" />
    </UnitTest>
    <UnitTest name="DesignChecks.sensor.absent catalog ⇒ recorded in CatalogUnavailable, never a fabricated pass (FR-012)" storage="/home/developer/projects/fs.gg.governance-370/tests/fs.gg.governance.designchecks.tests/bin/release/net10.0/fs.gg.governance.designchecks.tests.dll" id="33868b10-85d5-c18f-2f4e-4fef1ead8465">
      <Execution id="ac0bbde6-acf8-41d7-9f1c-01f5fbd44096" />
      <TestMethod codeBase="/home/developer/projects/FS.GG.Governance-370/tests/FS.GG.Governance.DesignChecks.Tests/bin/Release/net10.0/FS.GG.Governance.DesignChecks.Tests.dll" adapterTypeName="executor://yolodev/expecto" className="DesignChecks.sensor" name="absent catalog ⇒ recorded in CatalogUnavailable, never a fabricated pass (FR-012)" />
    </UnitTest>
    <UnitTest name="FSharpSurface.evaluate.malformed policy is input-state evidence, never a clean receipt" storage="/home/developer/projects/fs.gg.governance-370/tests/fs.gg.governance.designchecks.tests/bin/release/net10.0/fs.gg.governance.designchecks.tests.dll" id="51aa1be0-9347-3243-ee7b-1341de810ffa">
      <Execution id="e3a963de-d0cb-4871-b0dd-10e1294af774" />
      <TestMethod codeBase="/home/developer/projects/FS.GG.Governance-370/tests/FS.GG.Governance.DesignChecks.Tests/bin/Release/net10.0/FS.GG.Governance.DesignChecks.Tests.dll" adapterTypeName="executor://yolodev/expecto" className="FSharpSurface.evaluate" name="malformed policy is input-state evidence, never a clean receipt" />
    </UnitTest>
    <UnitTest name="DesignChecks.sensor.senseDesign resolves referenced entries + every contrast pair against the real catalogs" storage="/home/developer/projects/fs.gg.governance-370/tests/fs.gg.governance.designchecks.tests/bin/release/net10.0/fs.gg.governance.designchecks.tests.dll" id="120b4ad8-f199-039f-6297-035886abddfa">
      <Execution id="4a61716a-1c38-489c-9950-c1a6df3d32b8" />
      <TestMethod codeBase="/home/developer/projects/FS.GG.Governance-370/tests/FS.GG.Governance.DesignChecks.Tests/bin/Release/net10.0/FS.GG.Governance.DesignChecks.Tests.dll" adapterTypeName="executor://yolodev/expecto" className="DesignChecks.sensor" name="senseDesign resolves referenced entries + every contrast pair against the real catalogs" />
    </UnitTest>
    <UnitTest name="DesignChecks.evaluate.sub-threshold contrast ⇒ Blocking design.contrast reporting ratio vs threshold" storage="/home/developer/projects/fs.gg.governance-370/tests/fs.gg.governance.designchecks.tests/bin/release/net10.0/fs.gg.governance.designchecks.tests.dll" id="a58f9fa1-bb01-0415-f2af-7403e2a9e1cd">
      <Execution id="40c9878d-424e-4686-9f4d-ea4312dbfed9" />
      <TestMethod codeBase="/home/developer/projects/FS.GG.Governance-370/tests/FS.GG.Governance.DesignChecks.Tests/bin/Release/net10.0/FS.GG.Governance.DesignChecks.Tests.dll" adapterTypeName="executor://yolodev/expecto" className="DesignChecks.evaluate.sub-threshold contrast ⇒ Blocking design" name="contrast reporting ratio vs threshold" />
    </UnitTest>
    <UnitTest name="FSharpSurface.evaluate.Rogue3-shaped many implementations and zero signatures reports applicable zero matches" storage="/home/developer/projects/fs.gg.governance-370/tests/fs.gg.governance.designchecks.tests/bin/release/net10.0/fs.gg.governance.designchecks.tests.dll" id="c52eb8c0-d6d2-66d1-2420-8d01f639b800">
      <Execution id="1742380e-c04b-4206-9771-a77b3b8ecb6a" />
      <TestMethod codeBase="/home/developer/projects/FS.GG.Governance-370/tests/FS.GG.Governance.DesignChecks.Tests/bin/Release/net10.0/FS.GG.Governance.DesignChecks.Tests.dll" adapterTypeName="executor://yolodev/expecto" className="FSharpSurface.evaluate" name="Rogue3-shaped many implementations and zero signatures reports applicable zero matches" />
    </UnitTest>
    <UnitTest name="FSharpSurface.evaluate.compiler validates a signature in its real earlier-source project context" storage="/home/developer/projects/fs.gg.governance-370/tests/fs.gg.governance.designchecks.tests/bin/release/net10.0/fs.gg.governance.designchecks.tests.dll" id="059544cd-7893-0d91-8f34-544b70374f48">
      <Execution id="d0b36d8a-99fb-4a68-ae9a-f1a4d38c65af" />
      <TestMethod codeBase="/home/developer/projects/FS.GG.Governance-370/tests/FS.GG.Governance.DesignChecks.Tests/bin/Release/net10.0/FS.GG.Governance.DesignChecks.Tests.dll" adapterTypeName="executor://yolodev/expecto" className="FSharpSurface.evaluate" name="compiler validates a signature in its real earlier-source project context" />
    </UnitTest>
    <UnitTest name="FSharpSurfaceCommand.production command persists deterministic configured-policy receipts across zero, populated, non-applicable, internal, and malformed fixtures" storage="/home/developer/projects/fs.gg.governance-370/tests/fs.gg.governance.designchecks.tests/bin/release/net10.0/fs.gg.governance.designchecks.tests.dll" id="273d355b-8999-b5ff-8814-c54196a80d37">
      <Execution id="908a0b80-4833-473a-afe4-c3bd1bd98166" />
      <TestMethod codeBase="/home/developer/projects/FS.GG.Governance-370/tests/FS.GG.Governance.DesignChecks.Tests/bin/Release/net10.0/FS.GG.Governance.DesignChecks.Tests.dll" adapterTypeName="executor://yolodev/expecto" className="FSharpSurfaceCommand" name="production command persists deterministic configured-policy receipts across zero, populated, non-applicable, internal, and malformed fixtures" />
    </UnitTest>
    <UnitTest name="FSharpSurface.evaluate.expired live exemption fails closed" storage="/home/developer/projects/fs.gg.governance-370/tests/fs.gg.governance.designchecks.tests/bin/release/net10.0/fs.gg.governance.designchecks.tests.dll" id="bc488ea9-0412-16ba-b982-67cc452944de">
      <Execution id="33c74799-71a0-4353-85e1-5d58eb7d12b8" />
      <TestMethod codeBase="/home/developer/projects/FS.GG.Governance-370/tests/FS.GG.Governance.DesignChecks.Tests/bin/Release/net10.0/FS.GG.Governance.DesignChecks.Tests.dll" adapterTypeName="executor://yolodev/expecto" className="FSharpSurface.evaluate" name="expired live exemption fails closed" />
    </UnitTest>
    <UnitTest name="EvidenceBoundary.all dispatch only records cannot masquerade as optional degraded outcomes" storage="/home/developer/projects/fs.gg.governance-370/tests/fs.gg.governance.designchecks.tests/bin/release/net10.0/fs.gg.governance.designchecks.tests.dll" id="a6da9515-df05-1f8c-b7c4-908da7c4948a">
      <Execution id="e8406d9c-0f18-489f-a470-758f132c181d" />
      <TestMethod codeBase="/home/developer/projects/FS.GG.Governance-370/tests/FS.GG.Governance.DesignChecks.Tests/bin/Release/net10.0/FS.GG.Governance.DesignChecks.Tests.dll" adapterTypeName="executor://yolodev/expecto" className="EvidenceBoundary" name="all dispatch only records cannot masquerade as optional degraded outcomes" />
    </UnitTest>
    <UnitTest name="EvidenceBoundary.all degraded optional integrations are accepted as explicit outcomes" storage="/home/developer/projects/fs.gg.governance-370/tests/fs.gg.governance.designchecks.tests/bin/release/net10.0/fs.gg.governance.designchecks.tests.dll" id="ff0e2c79-1754-aed0-1535-186c4cbe64fb">
      <Execution id="d2d0fa60-4f1e-4cde-a1ea-dcd3ca6e2211" />
      <TestMethod codeBase="/home/developer/projects/FS.GG.Governance-370/tests/FS.GG.Governance.DesignChecks.Tests/bin/Release/net10.0/FS.GG.Governance.DesignChecks.Tests.dll" adapterTypeName="executor://yolodev/expecto" className="EvidenceBoundary" name="all degraded optional integrations are accepted as explicit outcomes" />
    </UnitTest>
    <UnitTest name="DesignChecks.evaluate.absent token/capture/control ⇒ Blocking design.&lt;kind&gt; naming the entry" storage="/home/developer/projects/fs.gg.governance-370/tests/fs.gg.governance.designchecks.tests/bin/release/net10.0/fs.gg.governance.designchecks.tests.dll" id="12ea56be-eff6-5d5f-cf24-a28e540de6b3">
      <Execution id="51804ba4-49a2-4bc9-9ad7-8e0e414a9594" />
      <TestMethod codeBase="/home/developer/projects/FS.GG.Governance-370/tests/FS.GG.Governance.DesignChecks.Tests/bin/Release/net10.0/FS.GG.Governance.DesignChecks.Tests.dll" adapterTypeName="executor://yolodev/expecto" className="DesignChecks.evaluate.absent token/capture/control ⇒ Blocking design" name="&lt;kind&gt; naming the entry" />
    </UnitTest>
    <UnitTest name="SurfaceDrift.DesignChecks public surface equals the committed baseline" storage="/home/developer/projects/fs.gg.governance-370/tests/fs.gg.governance.designchecks.tests/bin/release/net10.0/fs.gg.governance.designchecks.tests.dll" id="abe00f63-8372-055c-4c16-be5eba82657b">
      <Execution id="49b4bf77-9b16-490e-b052-1954b8472387" />
      <TestMethod codeBase="/home/developer/projects/FS.GG.Governance-370/tests/FS.GG.Governance.DesignChecks.Tests/bin/Release/net10.0/FS.GG.Governance.DesignChecks.Tests.dll" adapterTypeName="executor://yolodev/expecto" className="SurfaceDrift" name="DesignChecks public surface equals the committed baseline" />
    </UnitTest>
    <UnitTest name="FSharpSurface.evaluate.Rogue3-shaped executable module without a signature produces an advisory migration finding" storage="/home/developer/projects/fs.gg.governance-370/tests/fs.gg.governance.designchecks.tests/bin/release/net10.0/fs.gg.governance.designchecks.tests.dll" id="c5739d3a-5f6e-1993-55ed-6e6eae39484e">
      <Execution id="f49120c6-4ace-497d-99b4-61a9f305944d" />
      <TestMethod codeBase="/home/developer/projects/FS.GG.Governance-370/tests/FS.GG.Governance.DesignChecks.Tests/bin/Release/net10.0/FS.GG.Governance.DesignChecks.Tests.dll" adapterTypeName="executor://yolodev/expecto" className="FSharpSurface.evaluate" name="Rogue3-shaped executable module without a signature produces an advisory migration finding" />
    </UnitTest>
    <UnitTest name="DesignChecks.sensor.a THROWING catalog port degrades to CatalogUnavailable, never escapes senseDesign (#56/B13)" storage="/home/developer/projects/fs.gg.governance-370/tests/fs.gg.governance.designchecks.tests/bin/release/net10.0/fs.gg.governance.designchecks.tests.dll" id="7f8ca683-3117-37b8-0053-c887197c0653">
      <Execution id="6f874acc-c543-4cdc-994f-aa79e6da5d53" />
      <TestMethod codeBase="/home/developer/projects/FS.GG.Governance-370/tests/FS.GG.Governance.DesignChecks.Tests/bin/Release/net10.0/FS.GG.Governance.DesignChecks.Tests.dll" adapterTypeName="executor://yolodev/expecto" className="DesignChecks.sensor" name="a THROWING catalog port degrades to CatalogUnavailable, never escapes senseDesign (#56/B13)" />
    </UnitTest>
    <UnitTest name="FSharpSurface.evaluate.internal modules, entry points, generated sources, and complete exemptions do not need a signature" storage="/home/developer/projects/fs.gg.governance-370/tests/fs.gg.governance.designchecks.tests/bin/release/net10.0/fs.gg.governance.designchecks.tests.dll" id="209b92ae-fb3c-8c36-ac38-5c22aae1fa42">
      <Execution id="86938a29-f0ce-44ae-a60e-ea25389f0b4c" />
      <TestMethod codeBase="/home/developer/projects/FS.GG.Governance-370/tests/FS.GG.Governance.DesignChecks.Tests/bin/Release/net10.0/FS.GG.Governance.DesignChecks.Tests.dll" adapterTypeName="executor://yolodev/expecto" className="FSharpSurface.evaluate" name="internal modules, entry points, generated sources, and complete exemptions do not need a signature" />
    </UnitTest>
    <UnitTest name="FSharpSurface.evaluate.configured glob selects repo-relative compiled signatures for zero one and many cardinality" storage="/home/developer/projects/fs.gg.governance-370/tests/fs.gg.governance.designchecks.tests/bin/release/net10.0/fs.gg.governance.designchecks.tests.dll" id="719d28cd-2c07-0065-46a9-1c55b0f887ac">
      <Execution id="2932366d-3adb-4e4a-8c7b-5e687b797d02" />
      <TestMethod codeBase="/home/developer/projects/FS.GG.Governance-370/tests/FS.GG.Governance.DesignChecks.Tests/bin/Release/net10.0/FS.GG.Governance.DesignChecks.Tests.dll" adapterTypeName="executor://yolodev/expecto" className="FSharpSurface.evaluate" name="configured glob selects repo-relative compiled signatures for zero one and many cardinality" />
    </UnitTest>
    <UnitTest name="FSharpSurface.evaluate.root signature does not satisfy a src-only declared glob" storage="/home/developer/projects/fs.gg.governance-370/tests/fs.gg.governance.designchecks.tests/bin/release/net10.0/fs.gg.governance.designchecks.tests.dll" id="b0f95b99-7241-cf99-e63b-0d3f5f50436e">
      <Execution id="8554b413-d0d7-432d-a24f-8374649413d7" />
      <TestMethod codeBase="/home/developer/projects/FS.GG.Governance-370/tests/FS.GG.Governance.DesignChecks.Tests/bin/Release/net10.0/FS.GG.Governance.DesignChecks.Tests.dll" adapterTypeName="executor://yolodev/expecto" className="FSharpSurface.evaluate" name="root signature does not satisfy a src-only declared glob" />
    </UnitTest>
    <UnitTest name="EvidenceBoundary.each producer inventory mutation has teeth" storage="/home/developer/projects/fs.gg.governance-370/tests/fs.gg.governance.designchecks.tests/bin/release/net10.0/fs.gg.governance.designchecks.tests.dll" id="aabaa05b-7255-161f-345a-86dcbf035046">
      <Execution id="92d4064b-2105-40f8-92a1-82656c902bb9" />
      <TestMethod codeBase="/home/developer/projects/FS.GG.Governance-370/tests/FS.GG.Governance.DesignChecks.Tests/bin/Release/net10.0/FS.GG.Governance.DesignChecks.Tests.dll" adapterTypeName="executor://yolodev/expecto" className="EvidenceBoundary" name="each producer inventory mutation has teeth" />
    </UnitTest>
    <UnitTest name="FSharpSurface.evaluate.receipt distinguishes zero and many matched modules deterministically" storage="/home/developer/projects/fs.gg.governance-370/tests/fs.gg.governance.designchecks.tests/bin/release/net10.0/fs.gg.governance.designchecks.tests.dll" id="f91d09bf-09a6-ef17-e759-9eb95c39e5a5">
      <Execution id="e690ef98-26eb-4ff2-bbbd-11e405962088" />
      <TestMethod codeBase="/home/developer/projects/FS.GG.Governance-370/tests/FS.GG.Governance.DesignChecks.Tests/bin/Release/net10.0/FS.GG.Governance.DesignChecks.Tests.dll" adapterTypeName="executor://yolodev/expecto" className="FSharpSurface.evaluate" name="receipt distinguishes zero and many matched modules deterministically" />
    </UnitTest>
    <UnitTest name="DesignChecks.determinism.repeated evaluate over identical facts ⇒ byte-identical" storage="/home/developer/projects/fs.gg.governance-370/tests/fs.gg.governance.designchecks.tests/bin/release/net10.0/fs.gg.governance.designchecks.tests.dll" id="3eeba9e4-3262-45bb-8e22-26aa66f56506">
      <Execution id="ff11c2fa-e751-4673-b203-11098749e2e3" />
      <TestMethod codeBase="/home/developer/projects/FS.GG.Governance-370/tests/FS.GG.Governance.DesignChecks.Tests/bin/Release/net10.0/FS.GG.Governance.DesignChecks.Tests.dll" adapterTypeName="executor://yolodev/expecto" className="DesignChecks.determinism" name="repeated evaluate over identical facts ⇒ byte-identical" />
    </UnitTest>
    <UnitTest name="EvidenceBoundary.render execution and semantic receipt mutations red" storage="/home/developer/projects/fs.gg.governance-370/tests/fs.gg.governance.designchecks.tests/bin/release/net10.0/fs.gg.governance.designchecks.tests.dll" id="20128939-0d4b-97b1-b6ed-636252fd5c89">
      <Execution id="4415bc54-fcce-4e03-b21c-d3f04cfe9dd4" />
      <TestMethod codeBase="/home/developer/projects/FS.GG.Governance-370/tests/FS.GG.Governance.DesignChecks.Tests/bin/Release/net10.0/FS.GG.Governance.DesignChecks.Tests.dll" adapterTypeName="executor://yolodev/expecto" className="EvidenceBoundary" name="render execution and semantic receipt mutations red" />
    </UnitTest>
    <UnitTest name="EvidenceBoundary.real process filesystem schema golden and consumer receipts feed evaluate" storage="/home/developer/projects/fs.gg.governance-370/tests/fs.gg.governance.designchecks.tests/bin/release/net10.0/fs.gg.governance.designchecks.tests.dll" id="a8c12fb7-fd36-92b6-9240-f4e850f659e5">
      <Execution id="dab6408d-197c-4f97-a072-1d3a1ed24cee" />
      <TestMethod codeBase="/home/developer/projects/FS.GG.Governance-370/tests/FS.GG.Governance.DesignChecks.Tests/bin/Release/net10.0/FS.GG.Governance.DesignChecks.Tests.dll" adapterTypeName="executor://yolodev/expecto" className="EvidenceBoundary" name="real process filesystem schema golden and consumer receipts feed evaluate" />
    </UnitTest>
    <UnitTest name="EvidenceBoundary.dispatch only and degraded only cannot satisfy observed outcome" storage="/home/developer/projects/fs.gg.governance-370/tests/fs.gg.governance.designchecks.tests/bin/release/net10.0/fs.gg.governance.designchecks.tests.dll" id="cb3a2a53-e4b6-32ad-5f95-801b8ccdc1bc">
      <Execution id="e0f583d8-20f2-47b6-88f0-f29ff01ceb5b" />
      <TestMethod codeBase="/home/developer/projects/FS.GG.Governance-370/tests/FS.GG.Governance.DesignChecks.Tests/bin/Release/net10.0/FS.GG.Governance.DesignChecks.Tests.dll" adapterTypeName="executor://yolodev/expecto" className="EvidenceBoundary" name="dispatch only and degraded only cannot satisfy observed outcome" />
    </UnitTest>
    <UnitTest name="DesignChecks.renderFence.no Skia/rendering/UI/registry symbol is referenced (SC-004)" storage="/home/developer/projects/fs.gg.governance-370/tests/fs.gg.governance.designchecks.tests/bin/release/net10.0/fs.gg.governance.designchecks.tests.dll" id="3a9867b3-328c-7288-54d3-8e866a5a197f">
      <Execution id="3c282fad-b822-4be3-93f1-1291f9de0f1c" />
      <TestMethod codeBase="/home/developer/projects/FS.GG.Governance-370/tests/FS.GG.Governance.DesignChecks.Tests/bin/Release/net10.0/FS.GG.Governance.DesignChecks.Tests.dll" adapterTypeName="executor://yolodev/expecto" className="DesignChecks.renderFence" name="no Skia/rendering/UI/registry symbol is referenced (SC-004)" />
    </UnitTest>
    <UnitTest name="DesignChecks.renderFence.references only FS.GG.Governance.*/BCL/FSharp.Core (no rendering/UI/registry/network)" storage="/home/developer/projects/fs.gg.governance-370/tests/fs.gg.governance.designchecks.tests/bin/release/net10.0/fs.gg.governance.designchecks.tests.dll" id="112fd1ae-152a-5f49-2063-6d92ff7d569f">
      <Execution id="c6c68817-4838-4277-bfc2-0862b50c10e4" />
      <TestMethod codeBase="/home/developer/projects/FS.GG.Governance-370/tests/FS.GG.Governance.DesignChecks.Tests/bin/Release/net10.0/FS.GG.Governance.DesignChecks.Tests.dll" adapterTypeName="executor://yolodev/expecto" className="DesignChecks.renderFence.references only FS.GG.Governance.*/BCL/FSharp" name="Core (no rendering/UI/registry/network)" />
    </UnitTest>
    <UnitTest name="EvidenceBoundary.explicit malformed nonzero result is a valid safe-failure receipt" storage="/home/developer/projects/fs.gg.governance-370/tests/fs.gg.governance.designchecks.tests/bin/release/net10.0/fs.gg.governance.designchecks.tests.dll" id="1dd8e1bd-c2e7-9302-025b-202e0223d822">
      <Execution id="f0e2a1da-d88d-4424-a3db-396ea4ba2caf" />
      <TestMethod codeBase="/home/developer/projects/FS.GG.Governance-370/tests/FS.GG.Governance.DesignChecks.Tests/bin/Release/net10.0/FS.GG.Governance.DesignChecks.Tests.dll" adapterTypeName="executor://yolodev/expecto" className="EvidenceBoundary" name="explicit malformed nonzero result is a valid safe-failure receipt" />
    </UnitTest>
    <UnitTest name="FSharpSurface.evaluate.project sensor reads documented signatures and fail-closes missing compiled source" storage="/home/developer/projects/fs.gg.governance-370/tests/fs.gg.governance.designchecks.tests/bin/release/net10.0/fs.gg.governance.designchecks.tests.dll" id="b13be357-8e11-fd32-24bf-249430bbcfe5">
      <Execution id="c1f2156e-fcfa-4ee0-9ef3-5733b6e64922" />
      <TestMethod codeBase="/home/developer/projects/FS.GG.Governance-370/tests/FS.GG.Governance.DesignChecks.Tests/bin/Release/net10.0/FS.GG.Governance.DesignChecks.Tests.dll" adapterTypeName="executor://yolodev/expecto" className="FSharpSurface.evaluate" name="project sensor reads documented signatures and fail-closes missing compiled source" />
    </UnitTest>
    <UnitTest name="FSharpSurface.evaluate.compiler rejects an adjacent same-name declaration with an incompatible type" storage="/home/developer/projects/fs.gg.governance-370/tests/fs.gg.governance.designchecks.tests/bin/release/net10.0/fs.gg.governance.designchecks.tests.dll" id="8882c7a1-1ac2-66e0-a4db-df0c8b10f412">
      <Execution id="0747dfbb-516e-40a0-9db7-713905fdfb8f" />
      <TestMethod codeBase="/home/developer/projects/FS.GG.Governance-370/tests/FS.GG.Governance.DesignChecks.Tests/bin/Release/net10.0/FS.GG.Governance.DesignChecks.Tests.dll" adapterTypeName="executor://yolodev/expecto" className="FSharpSurface.evaluate" name="compiler rejects an adjacent same-name declaration with an incompatible type" />
    </UnitTest>
    <UnitTest name="FSharpSurface.evaluate.compiler validates a signature with the real project-reference context" storage="/home/developer/projects/fs.gg.governance-370/tests/fs.gg.governance.designchecks.tests/bin/release/net10.0/fs.gg.governance.designchecks.tests.dll" id="668d6466-19ec-c6fa-b562-627afc835c44">
      <Execution id="bf6e5893-8581-4f85-bd5f-a817c0692949" />
      <TestMethod codeBase="/home/developer/projects/FS.GG.Governance-370/tests/FS.GG.Governance.DesignChecks.Tests/bin/Release/net10.0/FS.GG.Governance.DesignChecks.Tests.dll" adapterTypeName="executor://yolodev/expecto" className="FSharpSurface.evaluate" name="compiler validates a signature with the real project-reference context" />
    </UnitTest>
    <UnitTest name="DesignChecks.evaluate.catalog unavailable ⇒ IsInputState design.catalog-unavailable naming the catalog" storage="/home/developer/projects/fs.gg.governance-370/tests/fs.gg.governance.designchecks.tests/bin/release/net10.0/fs.gg.governance.designchecks.tests.dll" id="d9b6e161-4d89-b399-c04f-55672bc73cb7">
      <Execution id="76c2aeed-87b2-46d6-9455-6ce2fa2f4c0c" />
      <TestMethod codeBase="/home/developer/projects/FS.GG.Governance-370/tests/FS.GG.Governance.DesignChecks.Tests/bin/Release/net10.0/FS.GG.Governance.DesignChecks.Tests.dll" adapterTypeName="executor://yolodev/expecto" className="DesignChecks.evaluate.catalog unavailable ⇒ IsInputState design" name="catalog-unavailable naming the catalog" />
    </UnitTest>
    <UnitTest name="FSharpSurface.evaluate.test-project modules are excluded" storage="/home/developer/projects/fs.gg.governance-370/tests/fs.gg.governance.designchecks.tests/bin/release/net10.0/fs.gg.governance.designchecks.tests.dll" id="671d34c9-ddc4-4523-5df7-fc7a63b38e87">
      <Execution id="90100860-3ffa-429d-8f08-58f59b5944e2" />
      <TestMethod codeBase="/home/developer/projects/FS.GG.Governance-370/tests/FS.GG.Governance.DesignChecks.Tests/bin/Release/net10.0/FS.GG.Governance.DesignChecks.Tests.dll" adapterTypeName="executor://yolodev/expecto" className="FSharpSurface.evaluate" name="test-project modules are excluded" />
    </UnitTest>
    <UnitTest name="FSharpSurface.evaluate.project sensor detects an adjacent signature declaration absent from implementation" storage="/home/developer/projects/fs.gg.governance-370/tests/fs.gg.governance.designchecks.tests/bin/release/net10.0/fs.gg.governance.designchecks.tests.dll" id="fcf65e77-498c-3726-4f0e-45a5f5e5bb3d">
      <Execution id="b3155606-de6d-4bd0-8fc5-138b1117b765" />
      <TestMethod codeBase="/home/developer/projects/FS.GG.Governance-370/tests/FS.GG.Governance.DesignChecks.Tests/bin/Release/net10.0/FS.GG.Governance.DesignChecks.Tests.dll" adapterTypeName="executor://yolodev/expecto" className="FSharpSurface.evaluate" name="project sensor detects an adjacent signature declaration absent from implementation" />
    </UnitTest>
    <UnitTest name="EvidenceBoundary.findings identify the fact and one bounded correction" storage="/home/developer/projects/fs.gg.governance-370/tests/fs.gg.governance.designchecks.tests/bin/release/net10.0/fs.gg.governance.designchecks.tests.dll" id="1ba3de8a-c424-7651-20b7-4d3500c4c91b">
      <Execution id="a3824f2f-f5ba-4263-98da-b1b19eff75c1" />
      <TestMethod codeBase="/home/developer/projects/FS.GG.Governance-370/tests/FS.GG.Governance.DesignChecks.Tests/bin/Release/net10.0/FS.GG.Governance.DesignChecks.Tests.dll" adapterTypeName="executor://yolodev/expecto" className="EvidenceBoundary" name="findings identify the fact and one bounded correction" />
    </UnitTest>
    <UnitTest name="EvidenceBoundary.unknown partial stale and failed-command controls fail closed" storage="/home/developer/projects/fs.gg.governance-370/tests/fs.gg.governance.designchecks.tests/bin/release/net10.0/fs.gg.governance.designchecks.tests.dll" id="3f329a81-9ae9-bcc6-6716-ed3c5e7f7478">
      <Execution id="b9e6d90a-341c-414c-9b72-bd072c822956" />
      <TestMethod codeBase="/home/developer/projects/FS.GG.Governance-370/tests/FS.GG.Governance.DesignChecks.Tests/bin/Release/net10.0/FS.GG.Governance.DesignChecks.Tests.dll" adapterTypeName="executor://yolodev/expecto" className="EvidenceBoundary" name="unknown partial stale and failed-command controls fail closed" />
    </UnitTest>
  </TestDefinitions>
  <TestEntries>
    <TestEntry testId="7f8ca683-3117-37b8-0053-c887197c0653" executionId="6f874acc-c543-4cdc-994f-aa79e6da5d53" testListId="8c84fa94-04c1-424b-9868-57a2d4851a1d" />
    <TestEntry testId="aabaa05b-7255-161f-345a-86dcbf035046" executionId="92d4064b-2105-40f8-92a1-82656c902bb9" testListId="8c84fa94-04c1-424b-9868-57a2d4851a1d" />
    <TestEntry testId="3f329a81-9ae9-bcc6-6716-ed3c5e7f7478" executionId="b9e6d90a-341c-414c-9b72-bd072c822956" testListId="8c84fa94-04c1-424b-9868-57a2d4851a1d" />
    <TestEntry testId="cb3a2a53-e4b6-32ad-5f95-801b8ccdc1bc" executionId="e0f583d8-20f2-47b6-88f0-f29ff01ceb5b" testListId="8c84fa94-04c1-424b-9868-57a2d4851a1d" />
    <TestEntry testId="b0f95b99-7241-cf99-e63b-0d3f5f50436e" executionId="8554b413-d0d7-432d-a24f-8374649413d7" testListId="8c84fa94-04c1-424b-9868-57a2d4851a1d" />
    <TestEntry testId="e037c5f9-a73d-5932-f5be-15dc77be64c9" executionId="3ebc00d4-b9de-4b05-a839-b8c390187acc" testListId="8c84fa94-04c1-424b-9868-57a2d4851a1d" />
    <TestEntry testId="d9b6e161-4d89-b399-c04f-55672bc73cb7" executionId="76c2aeed-87b2-46d6-9455-6ce2fa2f4c0c" testListId="8c84fa94-04c1-424b-9868-57a2d4851a1d" />
    <TestEntry testId="c5739d3a-5f6e-1993-55ed-6e6eae39484e" executionId="f49120c6-4ace-497d-99b4-61a9f305944d" testListId="8c84fa94-04c1-424b-9868-57a2d4851a1d" />
    <TestEntry testId="273d355b-8999-b5ff-8814-c54196a80d37" executionId="908a0b80-4833-473a-afe4-c3bd1bd98166" testListId="8c84fa94-04c1-424b-9868-57a2d4851a1d" />
    <TestEntry testId="c52eb8c0-d6d2-66d1-2420-8d01f639b800" executionId="1742380e-c04b-4206-9771-a77b3b8ecb6a" testListId="8c84fa94-04c1-424b-9868-57a2d4851a1d" />
    <TestEntry testId="1dd8e1bd-c2e7-9302-025b-202e0223d822" executionId="f0e2a1da-d88d-4424-a3db-396ea4ba2caf" testListId="8c84fa94-04c1-424b-9868-57a2d4851a1d" />
    <TestEntry testId="f91d09bf-09a6-ef17-e759-9eb95c39e5a5" executionId="e690ef98-26eb-4ff2-bbbd-11e405962088" testListId="8c84fa94-04c1-424b-9868-57a2d4851a1d" />
    <TestEntry testId="a58f9fa1-bb01-0415-f2af-7403e2a9e1cd" executionId="40c9878d-424e-4686-9f4d-ea4312dbfed9" testListId="8c84fa94-04c1-424b-9868-57a2d4851a1d" />
    <TestEntry testId="a05ae36f-5933-b87a-3df5-5add8a8e5aba" executionId="5ea6622a-049b-45a9-baca-c4b2e34e2086" testListId="8c84fa94-04c1-424b-9868-57a2d4851a1d" />
    <TestEntry testId="120b4ad8-f199-039f-6297-035886abddfa" executionId="4a61716a-1c38-489c-9950-c1a6df3d32b8" testListId="8c84fa94-04c1-424b-9868-57a2d4851a1d" />
    <TestEntry testId="719d28cd-2c07-0065-46a9-1c55b0f887ac" executionId="2932366d-3adb-4e4a-8c7b-5e687b797d02" testListId="8c84fa94-04c1-424b-9868-57a2d4851a1d" />
    <TestEntry testId="671d34c9-ddc4-4523-5df7-fc7a63b38e87" executionId="90100860-3ffa-429d-8f08-58f59b5944e2" testListId="8c84fa94-04c1-424b-9868-57a2d4851a1d" />
    <TestEntry testId="0f3cdbfb-cb70-987b-4a91-a282bfb0504e" executionId="0f83b42f-c865-44be-af85-18bd3116719c" testListId="8c84fa94-04c1-424b-9868-57a2d4851a1d" />
    <TestEntry testId="abe00f63-8372-055c-4c16-be5eba82657b" executionId="49b4bf77-9b16-490e-b052-1954b8472387" testListId="8c84fa94-04c1-424b-9868-57a2d4851a1d" />
    <TestEntry testId="3eeba9e4-3262-45bb-8e22-26aa66f56506" executionId="ff11c2fa-e751-4673-b203-11098749e2e3" testListId="8c84fa94-04c1-424b-9868-57a2d4851a1d" />
    <TestEntry testId="1ba3de8a-c424-7651-20b7-4d3500c4c91b" executionId="a3824f2f-f5ba-4263-98da-b1b19eff75c1" testListId="8c84fa94-04c1-424b-9868-57a2d4851a1d" />
    <TestEntry testId="f60aba49-fee8-b749-3219-1495dccc73bb" executionId="eaa7a5d2-7a34-4782-a109-012aafa65920" testListId="8c84fa94-04c1-424b-9868-57a2d4851a1d" />
    <TestEntry testId="33868b10-85d5-c18f-2f4e-4fef1ead8465" executionId="ac0bbde6-acf8-41d7-9f1c-01f5fbd44096" testListId="8c84fa94-04c1-424b-9868-57a2d4851a1d" />
    <TestEntry testId="20128939-0d4b-97b1-b6ed-636252fd5c89" executionId="4415bc54-fcce-4e03-b21c-d3f04cfe9dd4" testListId="8c84fa94-04c1-424b-9868-57a2d4851a1d" />
    <TestEntry testId="6a32c112-aaaf-ab6b-367d-264fe8e3da55" executionId="6de41abe-e999-4b89-9b0f-a7740103e290" testListId="8c84fa94-04c1-424b-9868-57a2d4851a1d" />
    <TestEntry testId="209b92ae-fb3c-8c36-ac38-5c22aae1fa42" executionId="86938a29-f0ce-44ae-a60e-ea25389f0b4c" testListId="8c84fa94-04c1-424b-9868-57a2d4851a1d" />
    <TestEntry testId="5ed5ec60-f693-d1c6-51f8-f576c483bb65" executionId="a5b4fb15-2bf4-424b-bfc2-3e7bd1421eb0" testListId="8c84fa94-04c1-424b-9868-57a2d4851a1d" />
    <TestEntry testId="8882c7a1-1ac2-66e0-a4db-df0c8b10f412" executionId="0747dfbb-516e-40a0-9db7-713905fdfb8f" testListId="8c84fa94-04c1-424b-9868-57a2d4851a1d" />
    <TestEntry testId="ff0e2c79-1754-aed0-1535-186c4cbe64fb" executionId="d2d0fa60-4f1e-4cde-a1ea-dcd3ca6e2211" testListId="8c84fa94-04c1-424b-9868-57a2d4851a1d" />
    <TestEntry testId="a8c12fb7-fd36-92b6-9240-f4e850f659e5" executionId="dab6408d-197c-4f97-a072-1d3a1ed24cee" testListId="8c84fa94-04c1-424b-9868-57a2d4851a1d" />
    <TestEntry testId="b13be357-8e11-fd32-24bf-249430bbcfe5" executionId="c1f2156e-fcfa-4ee0-9ef3-5733b6e64922" testListId="8c84fa94-04c1-424b-9868-57a2d4851a1d" />
    <TestEntry testId="112fd1ae-152a-5f49-2063-6d92ff7d569f" executionId="c6c68817-4838-4277-bfc2-0862b50c10e4" testListId="8c84fa94-04c1-424b-9868-57a2d4851a1d" />
    <TestEntry testId="668d6466-19ec-c6fa-b562-627afc835c44" executionId="bf6e5893-8581-4f85-bd5f-a817c0692949" testListId="8c84fa94-04c1-424b-9868-57a2d4851a1d" />
    <TestEntry testId="a6da9515-df05-1f8c-b7c4-908da7c4948a" executionId="e8406d9c-0f18-489f-a470-758f132c181d" testListId="8c84fa94-04c1-424b-9868-57a2d4851a1d" />
    <TestEntry testId="51aa1be0-9347-3243-ee7b-1341de810ffa" executionId="e3a963de-d0cb-4871-b0dd-10e1294af774" testListId="8c84fa94-04c1-424b-9868-57a2d4851a1d" />
    <TestEntry testId="33ab955e-710a-bc46-1ede-fa70d8e82269" executionId="91bd6e2f-57a9-4a16-b8a7-e67ea4170945" testListId="8c84fa94-04c1-424b-9868-57a2d4851a1d" />
    <TestEntry testId="7b5d8a88-fddd-075e-5b9b-8b28e7443fa4" executionId="4e4823b4-c1ed-4da4-b3e9-16bd07c94e50" testListId="8c84fa94-04c1-424b-9868-57a2d4851a1d" />
    <TestEntry testId="bc488ea9-0412-16ba-b982-67cc452944de" executionId="33c74799-71a0-4353-85e1-5d58eb7d12b8" testListId="8c84fa94-04c1-424b-9868-57a2d4851a1d" />
    <TestEntry testId="a59dddca-da55-c5b4-b7c1-5711e8189e82" executionId="4e86aef8-8730-4ba4-bc22-e0349be751f5" testListId="8c84fa94-04c1-424b-9868-57a2d4851a1d" />
    <TestEntry testId="12ea56be-eff6-5d5f-cf24-a28e540de6b3" executionId="51804ba4-49a2-4bc9-9ad7-8e0e414a9594" testListId="8c84fa94-04c1-424b-9868-57a2d4851a1d" />
    <TestEntry testId="3a9867b3-328c-7288-54d3-8e866a5a197f" executionId="3c282fad-b822-4be3-93f1-1291f9de0f1c" testListId="8c84fa94-04c1-424b-9868-57a2d4851a1d" />
    <TestEntry testId="fcf65e77-498c-3726-4f0e-45a5f5e5bb3d" executionId="b3155606-de6d-4bd0-8fc5-138b1117b765" testListId="8c84fa94-04c1-424b-9868-57a2d4851a1d" />
    <TestEntry testId="059544cd-7893-0d91-8f34-544b70374f48" executionId="d0b36d8a-99fb-4a68-ae9a-f1a4d38c65af" testListId="8c84fa94-04c1-424b-9868-57a2d4851a1d" />
  </TestEntries>
  <TestLists>
    <TestList name="Results Not in a List" id="8c84fa94-04c1-424b-9868-57a2d4851a1d" />
    <TestList name="All Loaded Results" id="19431567-8539-422a-85d7-44ee4e166bda" />
  </TestLists>
  <ResultSummary outcome="Completed">
    <Counters total="43" executed="43" passed="43" failed="0" error="0" timeout="0" aborted="0" inconclusive="0" passedButRunAborted="0" notRunnable="0" notExecuted="0" disconnected="0" warning="0" completed="0" inProgress="0" pending="0" />
  </ResultSummary>
</TestRun>