<?xml version="1.0" encoding="utf-8"?>
<TestRun id="ba8f29e0-94b6-4776-a908-5e7019e3cae5" name="@0bc8bbef51b6 2026-08-03 03:12:23" xmlns="http://microsoft.com/schemas/VisualStudio/TeamTest/2010">
  <Times creation="2026-08-03T03:12:23.1169906+02:00" queuing="2026-08-03T03:12:23.1169906+02:00" start="2026-08-03T03:12:22.8081625+02:00" finish="2026-08-03T03:12:34.1622344+02:00" />
  <TestSettings name="default" id="26a3ff26-0c0c-4315-9c1f-3968f3f5b22d">
    <Deployment runDeploymentRoot="_0bc8bbef51b6_2026-08-03_03_12_23" />
  </TestSettings>
  <Results>
    <UnitTestResult executionId="11c5ad8c-dc7c-4808-81be-39dfa457172b" testId="671d34c9-ddc4-4523-5df7-fc7a63b38e87" testName="FSharpSurface.evaluate.test-project modules are excluded" computerName="0bc8bbef51b6" duration="00:00:00.0010000" startTime="2026-08-03T03:12:23.0815023+02:00" endTime="2026-08-03T03:12:23.1012504+02:00" testType="13cdc9d9-ddb5-4fa4-a97d-d965ccfc6d4b" outcome="Passed" testListId="8c84fa94-04c1-424b-9868-57a2d4851a1d" relativeResultsDirectory="11c5ad8c-dc7c-4808-81be-39dfa457172b" />
    <UnitTestResult executionId="16a27fff-2069-4be8-8722-84d923a3c478" testId="c52eb8c0-d6d2-66d1-2420-8d01f639b800" testName="FSharpSurface.evaluate.Rogue3-shaped many implementations and zero signatures reports applicable zero matches" computerName="0bc8bbef51b6" duration="00:00:00.0030000" startTime="2026-08-03T03:12:23.1061189+02:00" endTime="2026-08-03T03:12:23.1099131+02:00" testType="13cdc9d9-ddb5-4fa4-a97d-d965ccfc6d4b" outcome="Passed" testListId="8c84fa94-04c1-424b-9868-57a2d4851a1d" relativeResultsDirectory="16a27fff-2069-4be8-8722-84d923a3c478" />
    <UnitTestResult executionId="b6ef0156-4663-4d4d-83b6-cdeb92d4cf01" testId="719d28cd-2c07-0065-46a9-1c55b0f887ac" testName="FSharpSurface.evaluate.configured glob selects repo-relative compiled signatures for zero one and many cardinality" computerName="0bc8bbef51b6" duration="00:00:03.3000000" startTime="2026-08-03T03:12:23.0907104+02:00" endTime="2026-08-03T03:12:26.3915369+02:00" testType="13cdc9d9-ddb5-4fa4-a97d-d965ccfc6d4b" outcome="Passed" testListId="8c84fa94-04c1-424b-9868-57a2d4851a1d" relativeResultsDirectory="b6ef0156-4663-4d4d-83b6-cdeb92d4cf01" />
    <UnitTestResult executionId="10d230dc-d418-4e57-aa8d-5d53dfa0a2c6" testId="d9b6e161-4d89-b399-c04f-55672bc73cb7" testName="DesignChecks.evaluate.catalog unavailable ⇒ IsInputState design.catalog-unavailable naming the catalog" computerName="0bc8bbef51b6" startTime="2026-08-03T03:12:23.1162923+02:00" endTime="2026-08-03T03:12:23.1166033+02:00" testType="13cdc9d9-ddb5-4fa4-a97d-d965ccfc6d4b" outcome="Passed" testListId="8c84fa94-04c1-424b-9868-57a2d4851a1d" relativeResultsDirectory="10d230dc-d418-4e57-aa8d-5d53dfa0a2c6" />
    <UnitTestResult executionId="74f7287a-07fb-4a39-8295-ded7905e1916" testId="c5739d3a-5f6e-1993-55ed-6e6eae39484e" testName="FSharpSurface.evaluate.Rogue3-shaped executable module without a signature produces an advisory migration finding" computerName="0bc8bbef51b6" duration="00:00:00.0210000" startTime="2026-08-03T03:12:23.0811663+02:00" endTime="2026-08-03T03:12:23.1057920+02:00" testType="13cdc9d9-ddb5-4fa4-a97d-d965ccfc6d4b" outcome="Passed" testListId="8c84fa94-04c1-424b-9868-57a2d4851a1d" relativeResultsDirectory="74f7287a-07fb-4a39-8295-ded7905e1916" />
    <UnitTestResult executionId="143d6fae-64d9-4414-ab26-6397cd4fd684" testId="b0f95b99-7241-cf99-e63b-0d3f5f50436e" testName="FSharpSurface.evaluate.root signature does not satisfy a src-only declared glob" computerName="0bc8bbef51b6" duration="00:00:02.0630000" startTime="2026-08-03T03:12:23.0907191+02:00" endTime="2026-08-03T03:12:25.1544001+02:00" testType="13cdc9d9-ddb5-4fa4-a97d-d965ccfc6d4b" outcome="Passed" testListId="8c84fa94-04c1-424b-9868-57a2d4851a1d" relativeResultsDirectory="143d6fae-64d9-4414-ab26-6397cd4fd684" />
    <UnitTestResult executionId="cac52b89-bfbd-4102-a798-075eca4e9607" testId="273d355b-8999-b5ff-8814-c54196a80d37" testName="FSharpSurfaceCommand.production command persists deterministic configured-policy receipts across zero, populated, non-applicable, internal, and malformed fixtures" computerName="0bc8bbef51b6" duration="00:00:07.7240000" startTime="2026-08-03T03:12:26.4016121+02:00" endTime="2026-08-03T03:12:34.1261821+02:00" testType="13cdc9d9-ddb5-4fa4-a97d-d965ccfc6d4b" outcome="Passed" testListId="8c84fa94-04c1-424b-9868-57a2d4851a1d" relativeResultsDirectory="cac52b89-bfbd-4102-a798-075eca4e9607" />
    <UnitTestResult executionId="7fb30df5-64f4-4b9f-b922-f64c0837cd83" testId="f91d09bf-09a6-ef17-e759-9eb95c39e5a5" testName="FSharpSurface.evaluate.receipt distinguishes zero and many matched modules deterministically" computerName="0bc8bbef51b6" duration="00:00:02.0160000" startTime="2026-08-03T03:12:23.0824660+02:00" endTime="2026-08-03T03:12:25.1056701+02:00" testType="13cdc9d9-ddb5-4fa4-a97d-d965ccfc6d4b" outcome="Passed" testListId="8c84fa94-04c1-424b-9868-57a2d4851a1d" relativeResultsDirectory="7fb30df5-64f4-4b9f-b922-f64c0837cd83" />
    <UnitTestResult executionId="fac299af-1520-4c5c-9dc5-97173636680b" testId="e805be2c-e3af-a9c3-5f84-a135a5b6bda1" testName="EvidenceBoundary.malformed stale partial and unknown controls fail closed" computerName="0bc8bbef51b6" duration="00:00:00.0100000" startTime="2026-08-03T03:12:23.1061816+02:00" endTime="2026-08-03T03:12:23.1167496+02:00" testType="13cdc9d9-ddb5-4fa4-a97d-d965ccfc6d4b" outcome="Passed" testListId="8c84fa94-04c1-424b-9868-57a2d4851a1d" relativeResultsDirectory="fac299af-1520-4c5c-9dc5-97173636680b" />
    <UnitTestResult executionId="817499e4-75a9-43a2-a62e-5c32ecb938c5" testId="b13be357-8e11-fd32-24bf-249430bbcfe5" testName="FSharpSurface.evaluate.project sensor reads documented signatures and fail-closes missing compiled source" computerName="0bc8bbef51b6" duration="00:00:01.9590000" startTime="2026-08-03T03:12:23.0817384+02:00" endTime="2026-08-03T03:12:25.0482922+02:00" testType="13cdc9d9-ddb5-4fa4-a97d-d965ccfc6d4b" outcome="Passed" testListId="8c84fa94-04c1-424b-9868-57a2d4851a1d" relativeResultsDirectory="817499e4-75a9-43a2-a62e-5c32ecb938c5" />
    <UnitTestResult executionId="c244f2e1-e988-4ae8-b052-058810893259" testId="7947ab29-a584-4854-f3b1-f33ef01d3be0" testName="EvidenceBoundary.emission only cannot satisfy observed outcome" computerName="0bc8bbef51b6" duration="00:00:00.0040000" startTime="2026-08-03T03:12:23.1061609+02:00" endTime="2026-08-03T03:12:23.1105181+02:00" testType="13cdc9d9-ddb5-4fa4-a97d-d965ccfc6d4b" outcome="Passed" testListId="8c84fa94-04c1-424b-9868-57a2d4851a1d" relativeResultsDirectory="c244f2e1-e988-4ae8-b052-058810893259" />
    <UnitTestResult executionId="4f1b7cd6-1150-4934-90fe-16dbe5e9e4c7" testId="12ea56be-eff6-5d5f-cf24-a28e540de6b3" testName="DesignChecks.evaluate.absent token/capture/control ⇒ Blocking design.&lt;kind&gt; naming the entry" computerName="0bc8bbef51b6" duration="00:00:00.0040000" startTime="2026-08-03T03:12:23.1071671+02:00" endTime="2026-08-03T03:12:23.1120295+02:00" testType="13cdc9d9-ddb5-4fa4-a97d-d965ccfc6d4b" outcome="Passed" testListId="8c84fa94-04c1-424b-9868-57a2d4851a1d" relativeResultsDirectory="4f1b7cd6-1150-4934-90fe-16dbe5e9e4c7" />
    <UnitTestResult executionId="648b5823-4582-4b99-a165-5aa608bc22ff" testId="bc488ea9-0412-16ba-b982-67cc452944de" testName="FSharpSurface.evaluate.expired live exemption fails closed" computerName="0bc8bbef51b6" duration="00:00:00.0180000" startTime="2026-08-03T03:12:23.0823587+02:00" endTime="2026-08-03T03:12:23.1077446+02:00" testType="13cdc9d9-ddb5-4fa4-a97d-d965ccfc6d4b" outcome="Passed" testListId="8c84fa94-04c1-424b-9868-57a2d4851a1d" relativeResultsDirectory="648b5823-4582-4b99-a165-5aa608bc22ff" />
    <UnitTestResult executionId="219ed979-f8fb-4c8e-9497-28c517a59527" testId="e037c5f9-a73d-5932-f5be-15dc77be64c9" testName="FSharpSurface.evaluate.versioned receipt is deterministic and malformed project input fails closed" computerName="0bc8bbef51b6" duration="00:00:02.6500000" startTime="2026-08-03T03:12:23.0824551+02:00" endTime="2026-08-03T03:12:25.7392310+02:00" testType="13cdc9d9-ddb5-4fa4-a97d-d965ccfc6d4b" outcome="Passed" testListId="8c84fa94-04c1-424b-9868-57a2d4851a1d" relativeResultsDirectory="219ed979-f8fb-4c8e-9497-28c517a59527" />
    <UnitTestResult executionId="95a2f903-0259-4fbf-824c-7c554c7855ad" testId="fcf65e77-498c-3726-4f0e-45a5f5e5bb3d" testName="FSharpSurface.evaluate.project sensor detects an adjacent signature declaration absent from implementation" computerName="0bc8bbef51b6" duration="00:00:01.8480000" startTime="2026-08-03T03:12:23.0818535+02:00" endTime="2026-08-03T03:12:24.9366248+02:00" testType="13cdc9d9-ddb5-4fa4-a97d-d965ccfc6d4b" outcome="Passed" testListId="8c84fa94-04c1-424b-9868-57a2d4851a1d" relativeResultsDirectory="95a2f903-0259-4fbf-824c-7c554c7855ad" />
    <UnitTestResult executionId="27eaaf05-80f1-4092-b482-eca8ca5b1cfc" testId="112fd1ae-152a-5f49-2063-6d92ff7d569f" testName="DesignChecks.renderFence.references only FS.GG.Governance.*/BCL/FSharp.Core (no rendering/UI/registry/network)" computerName="0bc8bbef51b6" duration="00:00:00.0190000" startTime="2026-08-03T03:12:23.0805653+02:00" endTime="2026-08-03T03:12:23.1040537+02:00" testType="13cdc9d9-ddb5-4fa4-a97d-d965ccfc6d4b" outcome="Passed" testListId="8c84fa94-04c1-424b-9868-57a2d4851a1d" relativeResultsDirectory="27eaaf05-80f1-4092-b482-eca8ca5b1cfc" />
    <UnitTestResult executionId="8e3ab572-5b19-4bf3-8a93-615e3654526c" testId="3a9867b3-328c-7288-54d3-8e866a5a197f" testName="DesignChecks.renderFence.no Skia/rendering/UI/registry symbol is referenced (SC-004)" computerName="0bc8bbef51b6" duration="00:00:00.0040000" startTime="2026-08-03T03:12:23.0805688+02:00" endTime="2026-08-03T03:12:23.0955568+02:00" testType="13cdc9d9-ddb5-4fa4-a97d-d965ccfc6d4b" outcome="Passed" testListId="8c84fa94-04c1-424b-9868-57a2d4851a1d" relativeResultsDirectory="8e3ab572-5b19-4bf3-8a93-615e3654526c" />
    <UnitTestResult executionId="f378263a-ee22-441e-8977-cbc0ea7dc960" testId="209b92ae-fb3c-8c36-ac38-5c22aae1fa42" testName="FSharpSurface.evaluate.internal modules, entry points, generated sources, and complete exemptions do not need a signature" computerName="0bc8bbef51b6" duration="00:00:00.0010000" startTime="2026-08-03T03:12:23.0812784+02:00" endTime="2026-08-03T03:12:23.0955478+02:00" testType="13cdc9d9-ddb5-4fa4-a97d-d965ccfc6d4b" outcome="Passed" testListId="8c84fa94-04c1-424b-9868-57a2d4851a1d" relativeResultsDirectory="f378263a-ee22-441e-8977-cbc0ea7dc960" />
    <UnitTestResult executionId="1c9c760b-e9c3-47bf-a6f9-eb097d8b158d" testId="668d6466-19ec-c6fa-b562-627afc835c44" testName="FSharpSurface.evaluate.compiler validates a signature with the real project-reference context" computerName="0bc8bbef51b6" duration="00:00:02.8210000" startTime="2026-08-03T03:12:23.0821565+02:00" endTime="2026-08-03T03:12:25.9096321+02:00" testType="13cdc9d9-ddb5-4fa4-a97d-d965ccfc6d4b" outcome="Passed" testListId="8c84fa94-04c1-424b-9868-57a2d4851a1d" relativeResultsDirectory="1c9c760b-e9c3-47bf-a6f9-eb097d8b158d" />
    <UnitTestResult executionId="78f1795f-368c-4a97-9107-850d50bda118" testId="51aa1be0-9347-3243-ee7b-1341de810ffa" testName="FSharpSurface.evaluate.malformed policy is input-state evidence, never a clean receipt" computerName="0bc8bbef51b6" duration="00:00:00.0050000" startTime="2026-08-03T03:12:23.1061430+02:00" endTime="2026-08-03T03:12:23.1119757+02:00" testType="13cdc9d9-ddb5-4fa4-a97d-d965ccfc6d4b" outcome="Passed" testListId="8c84fa94-04c1-424b-9868-57a2d4851a1d" relativeResultsDirectory="78f1795f-368c-4a97-9107-850d50bda118" />
    <UnitTestResult executionId="9c8422e7-7237-4ff3-be14-96ab2f6432a2" testId="3eeba9e4-3262-45bb-8e22-26aa66f56506" testName="DesignChecks.determinism.repeated evaluate over identical facts ⇒ byte-identical" computerName="0bc8bbef51b6" duration="00:00:00.0090000" startTime="2026-08-03T03:12:23.0809108+02:00" endTime="2026-08-03T03:12:23.0955696+02:00" testType="13cdc9d9-ddb5-4fa4-a97d-d965ccfc6d4b" outcome="Passed" testListId="8c84fa94-04c1-424b-9868-57a2d4851a1d" relativeResultsDirectory="9c8422e7-7237-4ff3-be14-96ab2f6432a2" />
    <UnitTestResult executionId="5b8cd76e-06cc-4204-955a-da429e8fafef" testId="8882c7a1-1ac2-66e0-a4db-df0c8b10f412" testName="FSharpSurface.evaluate.compiler rejects an adjacent same-name declaration with an incompatible type" computerName="0bc8bbef51b6" duration="00:00:01.8990000" startTime="2026-08-03T03:12:23.0819567+02:00" endTime="2026-08-03T03:12:24.9878024+02:00" testType="13cdc9d9-ddb5-4fa4-a97d-d965ccfc6d4b" outcome="Passed" testListId="8c84fa94-04c1-424b-9868-57a2d4851a1d" relativeResultsDirectory="5b8cd76e-06cc-4204-955a-da429e8fafef" />
    <UnitTestResult executionId="c24bb5bb-8e0c-471d-88b8-df5ed3c343d9" testId="f60aba49-fee8-b749-3219-1495dccc73bb" testName="FSharpSurface.evaluate.paired signatures report order, docs, source mismatch, and applicable baseline independently" computerName="0bc8bbef51b6" duration="00:00:00.0040000" startTime="2026-08-03T03:12:23.0813800+02:00" endTime="2026-08-03T03:12:23.1012628+02:00" testType="13cdc9d9-ddb5-4fa4-a97d-d965ccfc6d4b" outcome="Passed" testListId="8c84fa94-04c1-424b-9868-57a2d4851a1d" relativeResultsDirectory="c24bb5bb-8e0c-471d-88b8-df5ed3c343d9" />
    <UnitTestResult executionId="317801e9-e6d7-4993-8ca5-7b86f9ed69ee" testId="120b4ad8-f199-039f-6297-035886abddfa" testName="DesignChecks.sensor.senseDesign resolves referenced entries + every contrast pair against the real catalogs" computerName="0bc8bbef51b6" duration="00:00:00.0160000" startTime="2026-08-03T03:12:23.0805593+02:00" endTime="2026-08-03T03:12:23.1009306+02:00" testType="13cdc9d9-ddb5-4fa4-a97d-d965ccfc6d4b" outcome="Passed" testListId="8c84fa94-04c1-424b-9868-57a2d4851a1d" relativeResultsDirectory="317801e9-e6d7-4993-8ca5-7b86f9ed69ee" />
    <UnitTestResult executionId="1a595267-ec0b-416d-89b9-0277eb9fb779" testId="abe00f63-8372-055c-4c16-be5eba82657b" testName="SurfaceDrift.DesignChecks public surface equals the committed baseline" computerName="0bc8bbef51b6" duration="00:00:00.0450000" startTime="2026-08-03T03:12:23.0805601+02:00" endTime="2026-08-03T03:12:23.1302040+02:00" testType="13cdc9d9-ddb5-4fa4-a97d-d965ccfc6d4b" outcome="Passed" testListId="8c84fa94-04c1-424b-9868-57a2d4851a1d" relativeResultsDirectory="1a595267-ec0b-416d-89b9-0277eb9fb779" />
    <UnitTestResult executionId="9cbd95a9-4711-40d3-9284-6305f4b1301b" testId="c393519a-cb5d-3b07-1e41-188792e79b49" testName="EvidenceBoundary.real complete boundary evidence passes" computerName="0bc8bbef51b6" duration="00:00:00.0030000" startTime="2026-08-03T03:12:23.1061631+02:00" endTime="2026-08-03T03:12:23.1102474+02:00" testType="13cdc9d9-ddb5-4fa4-a97d-d965ccfc6d4b" outcome="Passed" testListId="8c84fa94-04c1-424b-9868-57a2d4851a1d" relativeResultsDirectory="9cbd95a9-4711-40d3-9284-6305f4b1301b" />
    <UnitTestResult executionId="6c5668a6-94bc-45ed-af5f-7a4a29d915f5" testId="059544cd-7893-0d91-8f34-544b70374f48" testName="FSharpSurface.evaluate.compiler validates a signature in its real earlier-source project context" computerName="0bc8bbef51b6" duration="00:00:02.0210000" startTime="2026-08-03T03:12:23.0820614+02:00" endTime="2026-08-03T03:12:25.1101727+02:00" testType="13cdc9d9-ddb5-4fa4-a97d-d965ccfc6d4b" outcome="Passed" testListId="8c84fa94-04c1-424b-9868-57a2d4851a1d" relativeResultsDirectory="6c5668a6-94bc-45ed-af5f-7a4a29d915f5" />
    <UnitTestResult executionId="a15409e1-3286-4104-8a6e-243c340ccc17" testId="4df2fa2e-95ec-9b7c-7c19-f29507fd7b0a" testName="EvidenceBoundary.real process render fixture records a stable semantic receipt" computerName="0bc8bbef51b6" duration="00:00:00.1040000" startTime="2026-08-03T03:12:23.1062291+02:00" endTime="2026-08-03T03:12:23.2110419+02:00" testType="13cdc9d9-ddb5-4fa4-a97d-d965ccfc6d4b" outcome="Passed" testListId="8c84fa94-04c1-424b-9868-57a2d4851a1d" relativeResultsDirectory="a15409e1-3286-4104-8a6e-243c340ccc17" />
    <UnitTestResult executionId="a4ccb588-37d8-491f-ad5d-8e8ec95740dc" testId="33ab955e-710a-bc46-1ede-fa70d8e82269" testName="DesignChecks.determinism.reordering tokens leaves the sorted findings unchanged" computerName="0bc8bbef51b6" duration="00:00:00.0090000" startTime="2026-08-03T03:12:23.0810555+02:00" endTime="2026-08-03T03:12:23.0955759+02:00" testType="13cdc9d9-ddb5-4fa4-a97d-d965ccfc6d4b" outcome="Passed" testListId="8c84fa94-04c1-424b-9868-57a2d4851a1d" relativeResultsDirectory="a4ccb588-37d8-491f-ad5d-8e8ec95740dc" />
    <UnitTestResult executionId="d71fec7b-8aea-41e4-b8e0-0a6cac27d4ad" testId="7b5d8a88-fddd-075e-5b9b-8b28e7443fa4" testName="FSharpSurface.evaluate.live policy carries valid exemptions and stale applicable baselines" computerName="0bc8bbef51b6" duration="00:00:00.0200000" startTime="2026-08-03T03:12:23.0822465+02:00" endTime="2026-08-03T03:12:23.1090916+02:00" testType="13cdc9d9-ddb5-4fa4-a97d-d965ccfc6d4b" outcome="Passed" testListId="8c84fa94-04c1-424b-9868-57a2d4851a1d" relativeResultsDirectory="d71fec7b-8aea-41e4-b8e0-0a6cac27d4ad" />
    <UnitTestResult executionId="b6ca8e3d-ac56-46d7-aaf5-4b97d7045c23" testId="5ed5ec60-f693-d1c6-51f8-f576c483bb65" testName="FSharpSurface.evaluate.configured block-on-ship policy is projected by the v1 receipt rather than a hardcoded advisory token" computerName="0bc8bbef51b6" duration="00:00:00.0030000" startTime="2026-08-03T03:12:23.1061304+02:00" endTime="2026-08-03T03:12:23.1093783+02:00" testType="13cdc9d9-ddb5-4fa4-a97d-d965ccfc6d4b" outcome="Passed" testListId="8c84fa94-04c1-424b-9868-57a2d4851a1d" relativeResultsDirectory="b6ca8e3d-ac56-46d7-aaf5-4b97d7045c23" />
    <UnitTestResult executionId="c770e2dc-8f45-4829-b4d8-0b8169b64472" testId="61f81848-05d0-7fac-c53c-ad3dcb857849" testName="EvidenceBoundary.consumerless generated artifact and incomplete producer mutation red" computerName="0bc8bbef51b6" duration="00:00:00.0040000" startTime="2026-08-03T03:12:23.1062089+02:00" endTime="2026-08-03T03:12:23.1109825+02:00" testType="13cdc9d9-ddb5-4fa4-a97d-d965ccfc6d4b" outcome="Passed" testListId="8c84fa94-04c1-424b-9868-57a2d4851a1d" relativeResultsDirectory="c770e2dc-8f45-4829-b4d8-0b8169b64472" />
    <UnitTestResult executionId="a8b443d3-1773-4539-94be-cd92ff29f47e" testId="6a32c112-aaaf-ab6b-367d-264fe8e3da55" testName="DesignChecks.evaluate.all resolve + contrast meets ⇒ zero findings" computerName="0bc8bbef51b6" startTime="2026-08-03T03:12:23.1062399+02:00" endTime="2026-08-03T03:12:23.1091332+02:00" testType="13cdc9d9-ddb5-4fa4-a97d-d965ccfc6d4b" outcome="Passed" testListId="8c84fa94-04c1-424b-9868-57a2d4851a1d" relativeResultsDirectory="a8b443d3-1773-4539-94be-cd92ff29f47e" />
    <UnitTestResult executionId="f98a05e1-77a9-4aa0-a562-5a4383bd3762" testId="7f8ca683-3117-37b8-0053-c887197c0653" testName="DesignChecks.sensor.a THROWING catalog port degrades to CatalogUnavailable, never escapes senseDesign (#56/B13)" computerName="0bc8bbef51b6" duration="00:00:00.0090000" startTime="2026-08-03T03:12:23.0807536+02:00" endTime="2026-08-03T03:12:23.0955618+02:00" testType="13cdc9d9-ddb5-4fa4-a97d-d965ccfc6d4b" outcome="Passed" testListId="8c84fa94-04c1-424b-9868-57a2d4851a1d" relativeResultsDirectory="f98a05e1-77a9-4aa0-a562-5a4383bd3762" />
    <UnitTestResult executionId="76a02bda-9eca-4738-a7c8-9d4b2a0475a6" testId="0f3cdbfb-cb70-987b-4a91-a282bfb0504e" testName="FSharpSurface.evaluate.project sensor preserves Compile order and sees a Rogue3-shaped source as public by default" computerName="0bc8bbef51b6" duration="00:00:00.0210000" startTime="2026-08-03T03:12:23.0816264+02:00" endTime="2026-08-03T03:12:23.1096596+02:00" testType="13cdc9d9-ddb5-4fa4-a97d-d965ccfc6d4b" outcome="Passed" testListId="8c84fa94-04c1-424b-9868-57a2d4851a1d" relativeResultsDirectory="76a02bda-9eca-4738-a7c8-9d4b2a0475a6" />
    <UnitTestResult executionId="77eab1bc-1e04-4130-b1b0-ea666aae7bfd" testId="a58f9fa1-bb01-0415-f2af-7403e2a9e1cd" testName="DesignChecks.evaluate.sub-threshold contrast ⇒ Blocking design.contrast reporting ratio vs threshold" computerName="0bc8bbef51b6" duration="00:00:00.0060000" startTime="2026-08-03T03:12:23.1077996+02:00" endTime="2026-08-03T03:12:23.1144201+02:00" testType="13cdc9d9-ddb5-4fa4-a97d-d965ccfc6d4b" outcome="Passed" testListId="8c84fa94-04c1-424b-9868-57a2d4851a1d" relativeResultsDirectory="77eab1bc-1e04-4130-b1b0-ea666aae7bfd" />
    <UnitTestResult executionId="9122119e-191c-41a9-b0d5-73d369bea281" testId="33868b10-85d5-c18f-2f4e-4fef1ead8465" testName="DesignChecks.sensor.absent catalog ⇒ recorded in CatalogUnavailable, never a fabricated pass (FR-012)" computerName="0bc8bbef51b6" duration="00:00:00.0110000" startTime="2026-08-03T03:12:23.0805953+02:00" endTime="2026-08-03T03:12:23.0961945+02:00" testType="13cdc9d9-ddb5-4fa4-a97d-d965ccfc6d4b" outcome="Passed" testListId="8c84fa94-04c1-424b-9868-57a2d4851a1d" relativeResultsDirectory="9122119e-191c-41a9-b0d5-73d369bea281" />
  </Results>
  <TestDefinitions>
    <UnitTest name="FSharpSurface.evaluate.configured block-on-ship policy is projected by the v1 receipt rather than a hardcoded advisory token" storage="/home/developer/projects/fs.gg.governance-370/tests/fs.gg.governance.designchecks.tests/bin/debug/net10.0/fs.gg.governance.designchecks.tests.dll" id="5ed5ec60-f693-d1c6-51f8-f576c483bb65">
      <Execution id="b6ca8e3d-ac56-46d7-aaf5-4b97d7045c23" />
      <TestMethod codeBase="/home/developer/projects/FS.GG.Governance-370/tests/FS.GG.Governance.DesignChecks.Tests/bin/Debug/net10.0/FS.GG.Governance.DesignChecks.Tests.dll" adapterTypeName="executor://yolodev/expecto" className="FSharpSurface.evaluate" name="configured block-on-ship policy is projected by the v1 receipt rather than a hardcoded advisory token" />
    </UnitTest>
    <UnitTest name="FSharpSurface.evaluate.live policy carries valid exemptions and stale applicable baselines" storage="/home/developer/projects/fs.gg.governance-370/tests/fs.gg.governance.designchecks.tests/bin/debug/net10.0/fs.gg.governance.designchecks.tests.dll" id="7b5d8a88-fddd-075e-5b9b-8b28e7443fa4">
      <Execution id="d71fec7b-8aea-41e4-b8e0-0a6cac27d4ad" />
      <TestMethod codeBase="/home/developer/projects/FS.GG.Governance-370/tests/FS.GG.Governance.DesignChecks.Tests/bin/Debug/net10.0/FS.GG.Governance.DesignChecks.Tests.dll" adapterTypeName="executor://yolodev/expecto" className="FSharpSurface.evaluate" name="live policy carries valid exemptions and stale applicable baselines" />
    </UnitTest>
    <UnitTest name="FSharpSurface.evaluate.project sensor preserves Compile order and sees a Rogue3-shaped source as public by default" storage="/home/developer/projects/fs.gg.governance-370/tests/fs.gg.governance.designchecks.tests/bin/debug/net10.0/fs.gg.governance.designchecks.tests.dll" id="0f3cdbfb-cb70-987b-4a91-a282bfb0504e">
      <Execution id="76a02bda-9eca-4738-a7c8-9d4b2a0475a6" />
      <TestMethod codeBase="/home/developer/projects/FS.GG.Governance-370/tests/FS.GG.Governance.DesignChecks.Tests/bin/Debug/net10.0/FS.GG.Governance.DesignChecks.Tests.dll" adapterTypeName="executor://yolodev/expecto" className="FSharpSurface.evaluate" name="project sensor preserves Compile order and sees a Rogue3-shaped source as public by default" />
    </UnitTest>
    <UnitTest name="DesignChecks.determinism.reordering tokens leaves the sorted findings unchanged" storage="/home/developer/projects/fs.gg.governance-370/tests/fs.gg.governance.designchecks.tests/bin/debug/net10.0/fs.gg.governance.designchecks.tests.dll" id="33ab955e-710a-bc46-1ede-fa70d8e82269">
      <Execution id="a4ccb588-37d8-491f-ad5d-8e8ec95740dc" />
      <TestMethod codeBase="/home/developer/projects/FS.GG.Governance-370/tests/FS.GG.Governance.DesignChecks.Tests/bin/Debug/net10.0/FS.GG.Governance.DesignChecks.Tests.dll" adapterTypeName="executor://yolodev/expecto" className="DesignChecks.determinism" name="reordering tokens leaves the sorted findings unchanged" />
    </UnitTest>
    <UnitTest name="FSharpSurface.evaluate.versioned receipt is deterministic and malformed project input fails closed" storage="/home/developer/projects/fs.gg.governance-370/tests/fs.gg.governance.designchecks.tests/bin/debug/net10.0/fs.gg.governance.designchecks.tests.dll" id="e037c5f9-a73d-5932-f5be-15dc77be64c9">
      <Execution id="219ed979-f8fb-4c8e-9497-28c517a59527" />
      <TestMethod codeBase="/home/developer/projects/FS.GG.Governance-370/tests/FS.GG.Governance.DesignChecks.Tests/bin/Debug/net10.0/FS.GG.Governance.DesignChecks.Tests.dll" adapterTypeName="executor://yolodev/expecto" className="FSharpSurface.evaluate" name="versioned receipt is deterministic and malformed project input fails closed" />
    </UnitTest>
    <UnitTest name="FSharpSurface.evaluate.paired signatures report order, docs, source mismatch, and applicable baseline independently" storage="/home/developer/projects/fs.gg.governance-370/tests/fs.gg.governance.designchecks.tests/bin/debug/net10.0/fs.gg.governance.designchecks.tests.dll" id="f60aba49-fee8-b749-3219-1495dccc73bb">
      <Execution id="c24bb5bb-8e0c-471d-88b8-df5ed3c343d9" />
      <TestMethod codeBase="/home/developer/projects/FS.GG.Governance-370/tests/FS.GG.Governance.DesignChecks.Tests/bin/Debug/net10.0/FS.GG.Governance.DesignChecks.Tests.dll" adapterTypeName="executor://yolodev/expecto" className="FSharpSurface.evaluate" name="paired signatures report order, docs, source mismatch, and applicable baseline independently" />
    </UnitTest>
    <UnitTest name="DesignChecks.evaluate.all resolve + contrast meets ⇒ zero findings" storage="/home/developer/projects/fs.gg.governance-370/tests/fs.gg.governance.designchecks.tests/bin/debug/net10.0/fs.gg.governance.designchecks.tests.dll" id="6a32c112-aaaf-ab6b-367d-264fe8e3da55">
      <Execution id="a8b443d3-1773-4539-94be-cd92ff29f47e" />
      <TestMethod codeBase="/home/developer/projects/FS.GG.Governance-370/tests/FS.GG.Governance.DesignChecks.Tests/bin/Debug/net10.0/FS.GG.Governance.DesignChecks.Tests.dll" adapterTypeName="executor://yolodev/expecto" className="DesignChecks.evaluate" name="all resolve + contrast meets ⇒ zero findings" />
    </UnitTest>
    <UnitTest name="EvidenceBoundary.real process render fixture records a stable semantic receipt" storage="/home/developer/projects/fs.gg.governance-370/tests/fs.gg.governance.designchecks.tests/bin/debug/net10.0/fs.gg.governance.designchecks.tests.dll" id="4df2fa2e-95ec-9b7c-7c19-f29507fd7b0a">
      <Execution id="a15409e1-3286-4104-8a6e-243c340ccc17" />
      <TestMethod codeBase="/home/developer/projects/FS.GG.Governance-370/tests/FS.GG.Governance.DesignChecks.Tests/bin/Debug/net10.0/FS.GG.Governance.DesignChecks.Tests.dll" adapterTypeName="executor://yolodev/expecto" className="EvidenceBoundary" name="real process render fixture records a stable semantic receipt" />
    </UnitTest>
    <UnitTest name="DesignChecks.sensor.absent catalog ⇒ recorded in CatalogUnavailable, never a fabricated pass (FR-012)" storage="/home/developer/projects/fs.gg.governance-370/tests/fs.gg.governance.designchecks.tests/bin/debug/net10.0/fs.gg.governance.designchecks.tests.dll" id="33868b10-85d5-c18f-2f4e-4fef1ead8465">
      <Execution id="9122119e-191c-41a9-b0d5-73d369bea281" />
      <TestMethod codeBase="/home/developer/projects/FS.GG.Governance-370/tests/FS.GG.Governance.DesignChecks.Tests/bin/Debug/net10.0/FS.GG.Governance.DesignChecks.Tests.dll" adapterTypeName="executor://yolodev/expecto" className="DesignChecks.sensor" name="absent catalog ⇒ recorded in CatalogUnavailable, never a fabricated pass (FR-012)" />
    </UnitTest>
    <UnitTest name="FSharpSurface.evaluate.malformed policy is input-state evidence, never a clean receipt" storage="/home/developer/projects/fs.gg.governance-370/tests/fs.gg.governance.designchecks.tests/bin/debug/net10.0/fs.gg.governance.designchecks.tests.dll" id="51aa1be0-9347-3243-ee7b-1341de810ffa">
      <Execution id="78f1795f-368c-4a97-9107-850d50bda118" />
      <TestMethod codeBase="/home/developer/projects/FS.GG.Governance-370/tests/FS.GG.Governance.DesignChecks.Tests/bin/Debug/net10.0/FS.GG.Governance.DesignChecks.Tests.dll" adapterTypeName="executor://yolodev/expecto" className="FSharpSurface.evaluate" name="malformed policy is input-state evidence, never a clean receipt" />
    </UnitTest>
    <UnitTest name="DesignChecks.sensor.senseDesign resolves referenced entries + every contrast pair against the real catalogs" storage="/home/developer/projects/fs.gg.governance-370/tests/fs.gg.governance.designchecks.tests/bin/debug/net10.0/fs.gg.governance.designchecks.tests.dll" id="120b4ad8-f199-039f-6297-035886abddfa">
      <Execution id="317801e9-e6d7-4993-8ca5-7b86f9ed69ee" />
      <TestMethod codeBase="/home/developer/projects/FS.GG.Governance-370/tests/FS.GG.Governance.DesignChecks.Tests/bin/Debug/net10.0/FS.GG.Governance.DesignChecks.Tests.dll" adapterTypeName="executor://yolodev/expecto" className="DesignChecks.sensor" name="senseDesign resolves referenced entries + every contrast pair against the real catalogs" />
    </UnitTest>
    <UnitTest name="DesignChecks.evaluate.sub-threshold contrast ⇒ Blocking design.contrast reporting ratio vs threshold" storage="/home/developer/projects/fs.gg.governance-370/tests/fs.gg.governance.designchecks.tests/bin/debug/net10.0/fs.gg.governance.designchecks.tests.dll" id="a58f9fa1-bb01-0415-f2af-7403e2a9e1cd">
      <Execution id="77eab1bc-1e04-4130-b1b0-ea666aae7bfd" />
      <TestMethod codeBase="/home/developer/projects/FS.GG.Governance-370/tests/FS.GG.Governance.DesignChecks.Tests/bin/Debug/net10.0/FS.GG.Governance.DesignChecks.Tests.dll" adapterTypeName="executor://yolodev/expecto" className="DesignChecks.evaluate.sub-threshold contrast ⇒ Blocking design" name="contrast reporting ratio vs threshold" />
    </UnitTest>
    <UnitTest name="FSharpSurface.evaluate.Rogue3-shaped many implementations and zero signatures reports applicable zero matches" storage="/home/developer/projects/fs.gg.governance-370/tests/fs.gg.governance.designchecks.tests/bin/debug/net10.0/fs.gg.governance.designchecks.tests.dll" id="c52eb8c0-d6d2-66d1-2420-8d01f639b800">
      <Execution id="16a27fff-2069-4be8-8722-84d923a3c478" />
      <TestMethod codeBase="/home/developer/projects/FS.GG.Governance-370/tests/FS.GG.Governance.DesignChecks.Tests/bin/Debug/net10.0/FS.GG.Governance.DesignChecks.Tests.dll" adapterTypeName="executor://yolodev/expecto" className="FSharpSurface.evaluate" name="Rogue3-shaped many implementations and zero signatures reports applicable zero matches" />
    </UnitTest>
    <UnitTest name="FSharpSurface.evaluate.compiler validates a signature in its real earlier-source project context" storage="/home/developer/projects/fs.gg.governance-370/tests/fs.gg.governance.designchecks.tests/bin/debug/net10.0/fs.gg.governance.designchecks.tests.dll" id="059544cd-7893-0d91-8f34-544b70374f48">
      <Execution id="6c5668a6-94bc-45ed-af5f-7a4a29d915f5" />
      <TestMethod codeBase="/home/developer/projects/FS.GG.Governance-370/tests/FS.GG.Governance.DesignChecks.Tests/bin/Debug/net10.0/FS.GG.Governance.DesignChecks.Tests.dll" adapterTypeName="executor://yolodev/expecto" className="FSharpSurface.evaluate" name="compiler validates a signature in its real earlier-source project context" />
    </UnitTest>
    <UnitTest name="FSharpSurfaceCommand.production command persists deterministic configured-policy receipts across zero, populated, non-applicable, internal, and malformed fixtures" storage="/home/developer/projects/fs.gg.governance-370/tests/fs.gg.governance.designchecks.tests/bin/debug/net10.0/fs.gg.governance.designchecks.tests.dll" id="273d355b-8999-b5ff-8814-c54196a80d37">
      <Execution id="cac52b89-bfbd-4102-a798-075eca4e9607" />
      <TestMethod codeBase="/home/developer/projects/FS.GG.Governance-370/tests/FS.GG.Governance.DesignChecks.Tests/bin/Debug/net10.0/FS.GG.Governance.DesignChecks.Tests.dll" adapterTypeName="executor://yolodev/expecto" className="FSharpSurfaceCommand" name="production command persists deterministic configured-policy receipts across zero, populated, non-applicable, internal, and malformed fixtures" />
    </UnitTest>
    <UnitTest name="FSharpSurface.evaluate.expired live exemption fails closed" storage="/home/developer/projects/fs.gg.governance-370/tests/fs.gg.governance.designchecks.tests/bin/debug/net10.0/fs.gg.governance.designchecks.tests.dll" id="bc488ea9-0412-16ba-b982-67cc452944de">
      <Execution id="648b5823-4582-4b99-a165-5aa608bc22ff" />
      <TestMethod codeBase="/home/developer/projects/FS.GG.Governance-370/tests/FS.GG.Governance.DesignChecks.Tests/bin/Debug/net10.0/FS.GG.Governance.DesignChecks.Tests.dll" adapterTypeName="executor://yolodev/expecto" className="FSharpSurface.evaluate" name="expired live exemption fails closed" />
    </UnitTest>
    <UnitTest name="DesignChecks.evaluate.absent token/capture/control ⇒ Blocking design.&lt;kind&gt; naming the entry" storage="/home/developer/projects/fs.gg.governance-370/tests/fs.gg.governance.designchecks.tests/bin/debug/net10.0/fs.gg.governance.designchecks.tests.dll" id="12ea56be-eff6-5d5f-cf24-a28e540de6b3">
      <Execution id="4f1b7cd6-1150-4934-90fe-16dbe5e9e4c7" />
      <TestMethod codeBase="/home/developer/projects/FS.GG.Governance-370/tests/FS.GG.Governance.DesignChecks.Tests/bin/Debug/net10.0/FS.GG.Governance.DesignChecks.Tests.dll" adapterTypeName="executor://yolodev/expecto" className="DesignChecks.evaluate.absent token/capture/control ⇒ Blocking design" name="&lt;kind&gt; naming the entry" />
    </UnitTest>
    <UnitTest name="EvidenceBoundary.malformed stale partial and unknown controls fail closed" storage="/home/developer/projects/fs.gg.governance-370/tests/fs.gg.governance.designchecks.tests/bin/debug/net10.0/fs.gg.governance.designchecks.tests.dll" id="e805be2c-e3af-a9c3-5f84-a135a5b6bda1">
      <Execution id="fac299af-1520-4c5c-9dc5-97173636680b" />
      <TestMethod codeBase="/home/developer/projects/FS.GG.Governance-370/tests/FS.GG.Governance.DesignChecks.Tests/bin/Debug/net10.0/FS.GG.Governance.DesignChecks.Tests.dll" adapterTypeName="executor://yolodev/expecto" className="EvidenceBoundary" name="malformed stale partial and unknown controls fail closed" />
    </UnitTest>
    <UnitTest name="SurfaceDrift.DesignChecks public surface equals the committed baseline" storage="/home/developer/projects/fs.gg.governance-370/tests/fs.gg.governance.designchecks.tests/bin/debug/net10.0/fs.gg.governance.designchecks.tests.dll" id="abe00f63-8372-055c-4c16-be5eba82657b">
      <Execution id="1a595267-ec0b-416d-89b9-0277eb9fb779" />
      <TestMethod codeBase="/home/developer/projects/FS.GG.Governance-370/tests/FS.GG.Governance.DesignChecks.Tests/bin/Debug/net10.0/FS.GG.Governance.DesignChecks.Tests.dll" adapterTypeName="executor://yolodev/expecto" className="SurfaceDrift" name="DesignChecks public surface equals the committed baseline" />
    </UnitTest>
    <UnitTest name="FSharpSurface.evaluate.Rogue3-shaped executable module without a signature produces an advisory migration finding" storage="/home/developer/projects/fs.gg.governance-370/tests/fs.gg.governance.designchecks.tests/bin/debug/net10.0/fs.gg.governance.designchecks.tests.dll" id="c5739d3a-5f6e-1993-55ed-6e6eae39484e">
      <Execution id="74f7287a-07fb-4a39-8295-ded7905e1916" />
      <TestMethod codeBase="/home/developer/projects/FS.GG.Governance-370/tests/FS.GG.Governance.DesignChecks.Tests/bin/Debug/net10.0/FS.GG.Governance.DesignChecks.Tests.dll" adapterTypeName="executor://yolodev/expecto" className="FSharpSurface.evaluate" name="Rogue3-shaped executable module without a signature produces an advisory migration finding" />
    </UnitTest>
    <UnitTest name="DesignChecks.sensor.a THROWING catalog port degrades to CatalogUnavailable, never escapes senseDesign (#56/B13)" storage="/home/developer/projects/fs.gg.governance-370/tests/fs.gg.governance.designchecks.tests/bin/debug/net10.0/fs.gg.governance.designchecks.tests.dll" id="7f8ca683-3117-37b8-0053-c887197c0653">
      <Execution id="f98a05e1-77a9-4aa0-a562-5a4383bd3762" />
      <TestMethod codeBase="/home/developer/projects/FS.GG.Governance-370/tests/FS.GG.Governance.DesignChecks.Tests/bin/Debug/net10.0/FS.GG.Governance.DesignChecks.Tests.dll" adapterTypeName="executor://yolodev/expecto" className="DesignChecks.sensor" name="a THROWING catalog port degrades to CatalogUnavailable, never escapes senseDesign (#56/B13)" />
    </UnitTest>
    <UnitTest name="EvidenceBoundary.emission only cannot satisfy observed outcome" storage="/home/developer/projects/fs.gg.governance-370/tests/fs.gg.governance.designchecks.tests/bin/debug/net10.0/fs.gg.governance.designchecks.tests.dll" id="7947ab29-a584-4854-f3b1-f33ef01d3be0">
      <Execution id="c244f2e1-e988-4ae8-b052-058810893259" />
      <TestMethod codeBase="/home/developer/projects/FS.GG.Governance-370/tests/FS.GG.Governance.DesignChecks.Tests/bin/Debug/net10.0/FS.GG.Governance.DesignChecks.Tests.dll" adapterTypeName="executor://yolodev/expecto" className="EvidenceBoundary" name="emission only cannot satisfy observed outcome" />
    </UnitTest>
    <UnitTest name="EvidenceBoundary.real complete boundary evidence passes" storage="/home/developer/projects/fs.gg.governance-370/tests/fs.gg.governance.designchecks.tests/bin/debug/net10.0/fs.gg.governance.designchecks.tests.dll" id="c393519a-cb5d-3b07-1e41-188792e79b49">
      <Execution id="9cbd95a9-4711-40d3-9284-6305f4b1301b" />
      <TestMethod codeBase="/home/developer/projects/FS.GG.Governance-370/tests/FS.GG.Governance.DesignChecks.Tests/bin/Debug/net10.0/FS.GG.Governance.DesignChecks.Tests.dll" adapterTypeName="executor://yolodev/expecto" className="EvidenceBoundary" name="real complete boundary evidence passes" />
    </UnitTest>
    <UnitTest name="FSharpSurface.evaluate.internal modules, entry points, generated sources, and complete exemptions do not need a signature" storage="/home/developer/projects/fs.gg.governance-370/tests/fs.gg.governance.designchecks.tests/bin/debug/net10.0/fs.gg.governance.designchecks.tests.dll" id="209b92ae-fb3c-8c36-ac38-5c22aae1fa42">
      <Execution id="f378263a-ee22-441e-8977-cbc0ea7dc960" />
      <TestMethod codeBase="/home/developer/projects/FS.GG.Governance-370/tests/FS.GG.Governance.DesignChecks.Tests/bin/Debug/net10.0/FS.GG.Governance.DesignChecks.Tests.dll" adapterTypeName="executor://yolodev/expecto" className="FSharpSurface.evaluate" name="internal modules, entry points, generated sources, and complete exemptions do not need a signature" />
    </UnitTest>
    <UnitTest name="FSharpSurface.evaluate.configured glob selects repo-relative compiled signatures for zero one and many cardinality" storage="/home/developer/projects/fs.gg.governance-370/tests/fs.gg.governance.designchecks.tests/bin/debug/net10.0/fs.gg.governance.designchecks.tests.dll" id="719d28cd-2c07-0065-46a9-1c55b0f887ac">
      <Execution id="b6ef0156-4663-4d4d-83b6-cdeb92d4cf01" />
      <TestMethod codeBase="/home/developer/projects/FS.GG.Governance-370/tests/FS.GG.Governance.DesignChecks.Tests/bin/Debug/net10.0/FS.GG.Governance.DesignChecks.Tests.dll" adapterTypeName="executor://yolodev/expecto" className="FSharpSurface.evaluate" name="configured glob selects repo-relative compiled signatures for zero one and many cardinality" />
    </UnitTest>
    <UnitTest name="FSharpSurface.evaluate.root signature does not satisfy a src-only declared glob" storage="/home/developer/projects/fs.gg.governance-370/tests/fs.gg.governance.designchecks.tests/bin/debug/net10.0/fs.gg.governance.designchecks.tests.dll" id="b0f95b99-7241-cf99-e63b-0d3f5f50436e">
      <Execution id="143d6fae-64d9-4414-ab26-6397cd4fd684" />
      <TestMethod codeBase="/home/developer/projects/FS.GG.Governance-370/tests/FS.GG.Governance.DesignChecks.Tests/bin/Debug/net10.0/FS.GG.Governance.DesignChecks.Tests.dll" adapterTypeName="executor://yolodev/expecto" className="FSharpSurface.evaluate" name="root signature does not satisfy a src-only declared glob" />
    </UnitTest>
    <UnitTest name="FSharpSurface.evaluate.receipt distinguishes zero and many matched modules deterministically" storage="/home/developer/projects/fs.gg.governance-370/tests/fs.gg.governance.designchecks.tests/bin/debug/net10.0/fs.gg.governance.designchecks.tests.dll" id="f91d09bf-09a6-ef17-e759-9eb95c39e5a5">
      <Execution id="7fb30df5-64f4-4b9f-b922-f64c0837cd83" />
      <TestMethod codeBase="/home/developer/projects/FS.GG.Governance-370/tests/FS.GG.Governance.DesignChecks.Tests/bin/Debug/net10.0/FS.GG.Governance.DesignChecks.Tests.dll" adapterTypeName="executor://yolodev/expecto" className="FSharpSurface.evaluate" name="receipt distinguishes zero and many matched modules deterministically" />
    </UnitTest>
    <UnitTest name="DesignChecks.determinism.repeated evaluate over identical facts ⇒ byte-identical" storage="/home/developer/projects/fs.gg.governance-370/tests/fs.gg.governance.designchecks.tests/bin/debug/net10.0/fs.gg.governance.designchecks.tests.dll" id="3eeba9e4-3262-45bb-8e22-26aa66f56506">
      <Execution id="9c8422e7-7237-4ff3-be14-96ab2f6432a2" />
      <TestMethod codeBase="/home/developer/projects/FS.GG.Governance-370/tests/FS.GG.Governance.DesignChecks.Tests/bin/Debug/net10.0/FS.GG.Governance.DesignChecks.Tests.dll" adapterTypeName="executor://yolodev/expecto" className="DesignChecks.determinism" name="repeated evaluate over identical facts ⇒ byte-identical" />
    </UnitTest>
    <UnitTest name="DesignChecks.renderFence.no Skia/rendering/UI/registry symbol is referenced (SC-004)" storage="/home/developer/projects/fs.gg.governance-370/tests/fs.gg.governance.designchecks.tests/bin/debug/net10.0/fs.gg.governance.designchecks.tests.dll" id="3a9867b3-328c-7288-54d3-8e866a5a197f">
      <Execution id="8e3ab572-5b19-4bf3-8a93-615e3654526c" />
      <TestMethod codeBase="/home/developer/projects/FS.GG.Governance-370/tests/FS.GG.Governance.DesignChecks.Tests/bin/Debug/net10.0/FS.GG.Governance.DesignChecks.Tests.dll" adapterTypeName="executor://yolodev/expecto" className="DesignChecks.renderFence" name="no Skia/rendering/UI/registry symbol is referenced (SC-004)" />
    </UnitTest>
    <UnitTest name="DesignChecks.renderFence.references only FS.GG.Governance.*/BCL/FSharp.Core (no rendering/UI/registry/network)" storage="/home/developer/projects/fs.gg.governance-370/tests/fs.gg.governance.designchecks.tests/bin/debug/net10.0/fs.gg.governance.designchecks.tests.dll" id="112fd1ae-152a-5f49-2063-6d92ff7d569f">
      <Execution id="27eaaf05-80f1-4092-b482-eca8ca5b1cfc" />
      <TestMethod codeBase="/home/developer/projects/FS.GG.Governance-370/tests/FS.GG.Governance.DesignChecks.Tests/bin/Debug/net10.0/FS.GG.Governance.DesignChecks.Tests.dll" adapterTypeName="executor://yolodev/expecto" className="DesignChecks.renderFence.references only FS.GG.Governance.*/BCL/FSharp" name="Core (no rendering/UI/registry/network)" />
    </UnitTest>
    <UnitTest name="FSharpSurface.evaluate.project sensor reads documented signatures and fail-closes missing compiled source" storage="/home/developer/projects/fs.gg.governance-370/tests/fs.gg.governance.designchecks.tests/bin/debug/net10.0/fs.gg.governance.designchecks.tests.dll" id="b13be357-8e11-fd32-24bf-249430bbcfe5">
      <Execution id="817499e4-75a9-43a2-a62e-5c32ecb938c5" />
      <TestMethod codeBase="/home/developer/projects/FS.GG.Governance-370/tests/FS.GG.Governance.DesignChecks.Tests/bin/Debug/net10.0/FS.GG.Governance.DesignChecks.Tests.dll" adapterTypeName="executor://yolodev/expecto" className="FSharpSurface.evaluate" name="project sensor reads documented signatures and fail-closes missing compiled source" />
    </UnitTest>
    <UnitTest name="FSharpSurface.evaluate.compiler rejects an adjacent same-name declaration with an incompatible type" storage="/home/developer/projects/fs.gg.governance-370/tests/fs.gg.governance.designchecks.tests/bin/debug/net10.0/fs.gg.governance.designchecks.tests.dll" id="8882c7a1-1ac2-66e0-a4db-df0c8b10f412">
      <Execution id="5b8cd76e-06cc-4204-955a-da429e8fafef" />
      <TestMethod codeBase="/home/developer/projects/FS.GG.Governance-370/tests/FS.GG.Governance.DesignChecks.Tests/bin/Debug/net10.0/FS.GG.Governance.DesignChecks.Tests.dll" adapterTypeName="executor://yolodev/expecto" className="FSharpSurface.evaluate" name="compiler rejects an adjacent same-name declaration with an incompatible type" />
    </UnitTest>
    <UnitTest name="EvidenceBoundary.consumerless generated artifact and incomplete producer mutation red" storage="/home/developer/projects/fs.gg.governance-370/tests/fs.gg.governance.designchecks.tests/bin/debug/net10.0/fs.gg.governance.designchecks.tests.dll" id="61f81848-05d0-7fac-c53c-ad3dcb857849">
      <Execution id="c770e2dc-8f45-4829-b4d8-0b8169b64472" />
      <TestMethod codeBase="/home/developer/projects/FS.GG.Governance-370/tests/FS.GG.Governance.DesignChecks.Tests/bin/Debug/net10.0/FS.GG.Governance.DesignChecks.Tests.dll" adapterTypeName="executor://yolodev/expecto" className="EvidenceBoundary" name="consumerless generated artifact and incomplete producer mutation red" />
    </UnitTest>
    <UnitTest name="FSharpSurface.evaluate.compiler validates a signature with the real project-reference context" storage="/home/developer/projects/fs.gg.governance-370/tests/fs.gg.governance.designchecks.tests/bin/debug/net10.0/fs.gg.governance.designchecks.tests.dll" id="668d6466-19ec-c6fa-b562-627afc835c44">
      <Execution id="1c9c760b-e9c3-47bf-a6f9-eb097d8b158d" />
      <TestMethod codeBase="/home/developer/projects/FS.GG.Governance-370/tests/FS.GG.Governance.DesignChecks.Tests/bin/Debug/net10.0/FS.GG.Governance.DesignChecks.Tests.dll" adapterTypeName="executor://yolodev/expecto" className="FSharpSurface.evaluate" name="compiler validates a signature with the real project-reference context" />
    </UnitTest>
    <UnitTest name="DesignChecks.evaluate.catalog unavailable ⇒ IsInputState design.catalog-unavailable naming the catalog" storage="/home/developer/projects/fs.gg.governance-370/tests/fs.gg.governance.designchecks.tests/bin/debug/net10.0/fs.gg.governance.designchecks.tests.dll" id="d9b6e161-4d89-b399-c04f-55672bc73cb7">
      <Execution id="10d230dc-d418-4e57-aa8d-5d53dfa0a2c6" />
      <TestMethod codeBase="/home/developer/projects/FS.GG.Governance-370/tests/FS.GG.Governance.DesignChecks.Tests/bin/Debug/net10.0/FS.GG.Governance.DesignChecks.Tests.dll" adapterTypeName="executor://yolodev/expecto" className="DesignChecks.evaluate.catalog unavailable ⇒ IsInputState design" name="catalog-unavailable naming the catalog" />
    </UnitTest>
    <UnitTest name="FSharpSurface.evaluate.test-project modules are excluded" storage="/home/developer/projects/fs.gg.governance-370/tests/fs.gg.governance.designchecks.tests/bin/debug/net10.0/fs.gg.governance.designchecks.tests.dll" id="671d34c9-ddc4-4523-5df7-fc7a63b38e87">
      <Execution id="11c5ad8c-dc7c-4808-81be-39dfa457172b" />
      <TestMethod codeBase="/home/developer/projects/FS.GG.Governance-370/tests/FS.GG.Governance.DesignChecks.Tests/bin/Debug/net10.0/FS.GG.Governance.DesignChecks.Tests.dll" adapterTypeName="executor://yolodev/expecto" className="FSharpSurface.evaluate" name="test-project modules are excluded" />
    </UnitTest>
    <UnitTest name="FSharpSurface.evaluate.project sensor detects an adjacent signature declaration absent from implementation" storage="/home/developer/projects/fs.gg.governance-370/tests/fs.gg.governance.designchecks.tests/bin/debug/net10.0/fs.gg.governance.designchecks.tests.dll" id="fcf65e77-498c-3726-4f0e-45a5f5e5bb3d">
      <Execution id="95a2f903-0259-4fbf-824c-7c554c7855ad" />
      <TestMethod codeBase="/home/developer/projects/FS.GG.Governance-370/tests/FS.GG.Governance.DesignChecks.Tests/bin/Debug/net10.0/FS.GG.Governance.DesignChecks.Tests.dll" adapterTypeName="executor://yolodev/expecto" className="FSharpSurface.evaluate" name="project sensor detects an adjacent signature declaration absent from implementation" />
    </UnitTest>
  </TestDefinitions>
  <TestEntries>
    <TestEntry testId="671d34c9-ddc4-4523-5df7-fc7a63b38e87" executionId="11c5ad8c-dc7c-4808-81be-39dfa457172b" testListId="8c84fa94-04c1-424b-9868-57a2d4851a1d" />
    <TestEntry testId="c52eb8c0-d6d2-66d1-2420-8d01f639b800" executionId="16a27fff-2069-4be8-8722-84d923a3c478" testListId="8c84fa94-04c1-424b-9868-57a2d4851a1d" />
    <TestEntry testId="719d28cd-2c07-0065-46a9-1c55b0f887ac" executionId="b6ef0156-4663-4d4d-83b6-cdeb92d4cf01" testListId="8c84fa94-04c1-424b-9868-57a2d4851a1d" />
    <TestEntry testId="d9b6e161-4d89-b399-c04f-55672bc73cb7" executionId="10d230dc-d418-4e57-aa8d-5d53dfa0a2c6" testListId="8c84fa94-04c1-424b-9868-57a2d4851a1d" />
    <TestEntry testId="c5739d3a-5f6e-1993-55ed-6e6eae39484e" executionId="74f7287a-07fb-4a39-8295-ded7905e1916" testListId="8c84fa94-04c1-424b-9868-57a2d4851a1d" />
    <TestEntry testId="b0f95b99-7241-cf99-e63b-0d3f5f50436e" executionId="143d6fae-64d9-4414-ab26-6397cd4fd684" testListId="8c84fa94-04c1-424b-9868-57a2d4851a1d" />
    <TestEntry testId="273d355b-8999-b5ff-8814-c54196a80d37" executionId="cac52b89-bfbd-4102-a798-075eca4e9607" testListId="8c84fa94-04c1-424b-9868-57a2d4851a1d" />
    <TestEntry testId="f91d09bf-09a6-ef17-e759-9eb95c39e5a5" executionId="7fb30df5-64f4-4b9f-b922-f64c0837cd83" testListId="8c84fa94-04c1-424b-9868-57a2d4851a1d" />
    <TestEntry testId="e805be2c-e3af-a9c3-5f84-a135a5b6bda1" executionId="fac299af-1520-4c5c-9dc5-97173636680b" testListId="8c84fa94-04c1-424b-9868-57a2d4851a1d" />
    <TestEntry testId="b13be357-8e11-fd32-24bf-249430bbcfe5" executionId="817499e4-75a9-43a2-a62e-5c32ecb938c5" testListId="8c84fa94-04c1-424b-9868-57a2d4851a1d" />
    <TestEntry testId="7947ab29-a584-4854-f3b1-f33ef01d3be0" executionId="c244f2e1-e988-4ae8-b052-058810893259" testListId="8c84fa94-04c1-424b-9868-57a2d4851a1d" />
    <TestEntry testId="12ea56be-eff6-5d5f-cf24-a28e540de6b3" executionId="4f1b7cd6-1150-4934-90fe-16dbe5e9e4c7" testListId="8c84fa94-04c1-424b-9868-57a2d4851a1d" />
    <TestEntry testId="bc488ea9-0412-16ba-b982-67cc452944de" executionId="648b5823-4582-4b99-a165-5aa608bc22ff" testListId="8c84fa94-04c1-424b-9868-57a2d4851a1d" />
    <TestEntry testId="e037c5f9-a73d-5932-f5be-15dc77be64c9" executionId="219ed979-f8fb-4c8e-9497-28c517a59527" testListId="8c84fa94-04c1-424b-9868-57a2d4851a1d" />
    <TestEntry testId="fcf65e77-498c-3726-4f0e-45a5f5e5bb3d" executionId="95a2f903-0259-4fbf-824c-7c554c7855ad" testListId="8c84fa94-04c1-424b-9868-57a2d4851a1d" />
    <TestEntry testId="112fd1ae-152a-5f49-2063-6d92ff7d569f" executionId="27eaaf05-80f1-4092-b482-eca8ca5b1cfc" testListId="8c84fa94-04c1-424b-9868-57a2d4851a1d" />
    <TestEntry testId="3a9867b3-328c-7288-54d3-8e866a5a197f" executionId="8e3ab572-5b19-4bf3-8a93-615e3654526c" testListId="8c84fa94-04c1-424b-9868-57a2d4851a1d" />
    <TestEntry testId="209b92ae-fb3c-8c36-ac38-5c22aae1fa42" executionId="f378263a-ee22-441e-8977-cbc0ea7dc960" testListId="8c84fa94-04c1-424b-9868-57a2d4851a1d" />
    <TestEntry testId="668d6466-19ec-c6fa-b562-627afc835c44" executionId="1c9c760b-e9c3-47bf-a6f9-eb097d8b158d" testListId="8c84fa94-04c1-424b-9868-57a2d4851a1d" />
    <TestEntry testId="51aa1be0-9347-3243-ee7b-1341de810ffa" executionId="78f1795f-368c-4a97-9107-850d50bda118" testListId="8c84fa94-04c1-424b-9868-57a2d4851a1d" />
    <TestEntry testId="3eeba9e4-3262-45bb-8e22-26aa66f56506" executionId="9c8422e7-7237-4ff3-be14-96ab2f6432a2" testListId="8c84fa94-04c1-424b-9868-57a2d4851a1d" />
    <TestEntry testId="8882c7a1-1ac2-66e0-a4db-df0c8b10f412" executionId="5b8cd76e-06cc-4204-955a-da429e8fafef" testListId="8c84fa94-04c1-424b-9868-57a2d4851a1d" />
    <TestEntry testId="f60aba49-fee8-b749-3219-1495dccc73bb" executionId="c24bb5bb-8e0c-471d-88b8-df5ed3c343d9" testListId="8c84fa94-04c1-424b-9868-57a2d4851a1d" />
    <TestEntry testId="120b4ad8-f199-039f-6297-035886abddfa" executionId="317801e9-e6d7-4993-8ca5-7b86f9ed69ee" testListId="8c84fa94-04c1-424b-9868-57a2d4851a1d" />
    <TestEntry testId="abe00f63-8372-055c-4c16-be5eba82657b" executionId="1a595267-ec0b-416d-89b9-0277eb9fb779" testListId="8c84fa94-04c1-424b-9868-57a2d4851a1d" />
    <TestEntry testId="c393519a-cb5d-3b07-1e41-188792e79b49" executionId="9cbd95a9-4711-40d3-9284-6305f4b1301b" testListId="8c84fa94-04c1-424b-9868-57a2d4851a1d" />
    <TestEntry testId="059544cd-7893-0d91-8f34-544b70374f48" executionId="6c5668a6-94bc-45ed-af5f-7a4a29d915f5" testListId="8c84fa94-04c1-424b-9868-57a2d4851a1d" />
    <TestEntry testId="4df2fa2e-95ec-9b7c-7c19-f29507fd7b0a" executionId="a15409e1-3286-4104-8a6e-243c340ccc17" testListId="8c84fa94-04c1-424b-9868-57a2d4851a1d" />
    <TestEntry testId="33ab955e-710a-bc46-1ede-fa70d8e82269" executionId="a4ccb588-37d8-491f-ad5d-8e8ec95740dc" testListId="8c84fa94-04c1-424b-9868-57a2d4851a1d" />
    <TestEntry testId="7b5d8a88-fddd-075e-5b9b-8b28e7443fa4" executionId="d71fec7b-8aea-41e4-b8e0-0a6cac27d4ad" testListId="8c84fa94-04c1-424b-9868-57a2d4851a1d" />
    <TestEntry testId="5ed5ec60-f693-d1c6-51f8-f576c483bb65" executionId="b6ca8e3d-ac56-46d7-aaf5-4b97d7045c23" testListId="8c84fa94-04c1-424b-9868-57a2d4851a1d" />
    <TestEntry testId="61f81848-05d0-7fac-c53c-ad3dcb857849" executionId="c770e2dc-8f45-4829-b4d8-0b8169b64472" testListId="8c84fa94-04c1-424b-9868-57a2d4851a1d" />
    <TestEntry testId="6a32c112-aaaf-ab6b-367d-264fe8e3da55" executionId="a8b443d3-1773-4539-94be-cd92ff29f47e" testListId="8c84fa94-04c1-424b-9868-57a2d4851a1d" />
    <TestEntry testId="7f8ca683-3117-37b8-0053-c887197c0653" executionId="f98a05e1-77a9-4aa0-a562-5a4383bd3762" testListId="8c84fa94-04c1-424b-9868-57a2d4851a1d" />
    <TestEntry testId="0f3cdbfb-cb70-987b-4a91-a282bfb0504e" executionId="76a02bda-9eca-4738-a7c8-9d4b2a0475a6" testListId="8c84fa94-04c1-424b-9868-57a2d4851a1d" />
    <TestEntry testId="a58f9fa1-bb01-0415-f2af-7403e2a9e1cd" executionId="77eab1bc-1e04-4130-b1b0-ea666aae7bfd" testListId="8c84fa94-04c1-424b-9868-57a2d4851a1d" />
    <TestEntry testId="33868b10-85d5-c18f-2f4e-4fef1ead8465" executionId="9122119e-191c-41a9-b0d5-73d369bea281" testListId="8c84fa94-04c1-424b-9868-57a2d4851a1d" />
  </TestEntries>
  <TestLists>
    <TestList name="Results Not in a List" id="8c84fa94-04c1-424b-9868-57a2d4851a1d" />
    <TestList name="All Loaded Results" id="19431567-8539-422a-85d7-44ee4e166bda" />
  </TestLists>
  <ResultSummary outcome="Completed">
    <Counters total="37" executed="37" passed="37" failed="0" error="0" timeout="0" aborted="0" inconclusive="0" passedButRunAborted="0" notRunnable="0" notExecuted="0" disconnected="0" warning="0" completed="0" inProgress="0" pending="0" />
  </ResultSummary>
</TestRun>